<html>
<body>
<pre>
<h1>�Vision Build Log</h1>
<h2>Tool Versions:</h2>
IDE-Version: �Vision V5.37.0.0
Copyright (C) 2022 ARM Ltd and ARM Germany GmbH. All rights reserved.
License Information: michail michail, michail, LIC=----
 
Tool Versions:
Toolchain:       MDK-Lite  Version: 5.37.0.0
Toolchain Path:  C:\Programs\Keil v537\ARM\ARMCC\Bin
C Compiler:      Armcc.exe V5.06 update 5 (build 528)
Assembler:       Armasm.exe V5.06 update 5 (build 528)
Linker/Locator:  ArmLink.exe V5.06 update 5 (build 528)
Library Manager: ArmAr.exe V5.06 update 5 (build 528)
Hex Converter:   FromElf.exe V5.06 update 5 (build 528)
CPU DLL:         SARMCM3.DLL V5.37.0.0
Dialog DLL:      DCM.DLL V1.17.5.0
Target DLL:      Segger\JL2CM3.dll V2.99.42.0
Dialog DLL:      TCM.DLL V1.56.1.0
 
<h2>Project:</h2>
C:\WORK\Petrov MI\KW SYSTEMS\IBP-D\��\������������� ��\UPS-D-240-24-Milandr-TF\IBP-D SoftWare.uvprojx
Project File Date:  12/01/2022

<h2>Output:</h2>
*** Using Compiler 'V5.06 update 5 (build 528)', folder: 'C:\Programs\Keil v537\ARM\ARMCC\Bin'
Rebuild target 'Target 1'
creating preprocessor file for Initialization.c...
creating preprocessor file for Global_Var.c...
creating preprocessor file for Interrupts.c...
creating preprocessor file for I2C_interface.c...
creating preprocessor file for Function.c...
creating preprocessor file for main.c...
compiling main.c...
Defines.h(331): warning:  #1-D: last line of file ends without a newline
  	
Defines.h(331): warning:  #1-D: last line of file ends without a newline
  	
Function.h(1): warning:  #1295-D: Deprecated declaration Rele_Status - give arg types
  void Rele_Status(); 	//функция Rele_Status задает состояние реле (ON, OFF), в соотвествии с текущим состоянием устройства (см.Global_Var.c) 
I2C_interface.h(15): warning:  #1295-D: Deprecated declaration Save_I2C_Recieved_Data - give arg types
  char Save_I2C_Recieved_Data();  /*функция Save_I2C_Recieved_Data сохраняет и преобразует данные, передаваемые по I2C в МК*/
main.c: 4 warnings, 0 errors
creating preprocessor file for RS485_interface.c...
compiling Global_Var.c...
Defines.h(331): warning:  #1-D: last line of file ends without a newline
  	
Defines.h(331): warning:  #1-D: last line of file ends without a newline
  	
Global_Var.c: 2 warnings, 0 errors
creating preprocessor file for Save_Flash.c...
compiling Interrupts.c...
Defines.h(331): warning:  #1-D: last line of file ends without a newline
  	
Defines.h(331): warning:  #1-D: last line of file ends without a newline
  	
Function.h(1): warning:  #1295-D: Deprecated declaration Rele_Status - give arg types
  void Rele_Status(); 	//функция Rele_Status задает состояние реле (ON, OFF), в соотвествии с текущим состоянием устройства (см.Global_Var.c) 
Function_Interrupts.h(1): warning:  #1295-D: Deprecated declaration Led_Lighting - give arg types
  void Led_Lighting (); //функция Led_Lighting управляет свечением светодиода в соотвествии с текущим режимом работы устройства
Function_Interrupts.h(2): warning:  #1295-D: Deprecated declaration ADC_Calculate - give arg types
  void ADC_Calculate(); //функиця ADC_Calculate заполняет массив оцифрованных значений adc_data (см. структуру ADCcontrol, Global_Var.h)
Function_Interrupts.h(3): warning:  #1295-D: Deprecated declaration Warning_Handler - give arg types
  void Warning_Handler(); //функция Warning_Handler обрабатывает предупреждения (3 предупреждения - Wrng_I_LOAD - превышение допустимого тока в нагрузке, Wrng_U_LOAD - напряжение на нагрузке выше нормы, Wrng_U_KAN_D  - напряжение с КАН_Д ниже нормы)
Function_Interrupts.h(10): warning:  #1295-D: Deprecated declaration Counter_Handling - give arg types
  void Counter_Handling();
Interrupts.c: 7 warnings, 0 errors
compiling Initialization.c...
Defines.h(331): warning:  #1-D: last line of file ends without a newline
  	
Defines.h(331): warning:  #1-D: last line of file ends without a newline
  	
Function.h(1): warning:  #1295-D: Deprecated declaration Rele_Status - give arg types
  void Rele_Status(); 	//функция Rele_Status задает состояние реле (ON, OFF), в соотвествии с текущим состоянием устройства (см.Global_Var.c) 
Initialization.c(134): warning:  #177-D: variable "ADC2_InitStructure"  was declared but never referenced
  	ADCx_InitTypeDef ADC2_InitStructure; //Инициализацинная структура для АЦП1 
Initialization.c(540): warning:  #188-D: enumerated type mixed with another type
  	Battery.Counter_UnderCharge.MaxValue													    = 
ATTERY_MAX_AMOUNT_OF_UNDERCHARGE;	
Initialization.c(543): warning:  #188-D: enumerated type mixed with another type
  	I2C_OW_Converter.count_Fault_Connect.MaxValue				= 
D_CONVERTER_I2C_to_OW_FAULT_MAX_COUNT;
Initialization.c(549): warning:  #188-D: enumerated type mixed with another type
  	TemperatureSensor1.count_Fault_Connect.MaxValue = 
W_FAULT_MAX_COUNT;
Initialization.c(587): warning:  #188-D: enumerated type mixed with another type
  	UPS_D.P_KAN_D = Type_Of_KAN_D(); //определяем значение Мощности КАН-Д UPS_D.I.Load.Max_Value и UPS_D.I.Battery.Max_Value_Discharge
Initialization.c(671): warning:  #177-D: variable "Data"  was declared but never referenced
  	uint32_t Data;
Initialization.c: 9 warnings, 0 errors
creating preprocessor file for Function_Interrupts.c...
compiling I2C_interface.c...
Defines.h(331): warning:  #1-D: last line of file ends without a newline
  	
Defines.h(331): warning:  #1-D: last line of file ends without a newline
  	
I2C_interface.h(15): warning:  #1295-D: Deprecated declaration Save_I2C_Recieved_Data - give arg types
  char Save_I2C_Recieved_Data();  /*функция Save_I2C_Recieved_Data сохраняет и преобразует данные, передаваемые по I2C в МК*/
Function.h(1): warning:  #1295-D: Deprecated declaration Rele_Status - give arg types
  void Rele_Status(); 	//функция Rele_Status задает состояние реле (ON, OFF), в соотвествии с текущим состоянием устройства (см.Global_Var.c) 
I2C_interface.c(14): warning:  #223-D: function "Counter_Handling" declared implicitly
  		Counter_Handling (&I2C_OW_Converter.count_Fault_Connect);
I2C_interface.c(26): warning:  #61-D: integer operation result is out of range
  	
HECK_ACK_FLAG;
I2C_interface.c(30): warning:  #61-D: integer operation result is out of range
  	
HECK_ACK_FLAG;
I2C_interface.c(41): warning:  #61-D: integer operation result is out of range
  	
HECK_ACK_FLAG;
I2C_interface.c(44): warning:  #61-D: integer operation result is out of range
  	
HECK_ACK_FLAG;
I2C_interface.c(50): warning:  #61-D: integer operation result is out of range
  	
HECK_ACK_FLAG;
I2C_interface.c(53): warning:  #61-D: integer operation result is out of range
  	
HECK_ACK_FLAG;
I2C_interface.c(56): warning:  #61-D: integer operation result is out of range
  	
HECK_ACK_FLAG;
I2C_interface.c(59): warning:  #61-D: integer operation result is out of range
  	
HECK_ACK_FLAG;
I2C_interface.c(76): warning:  #61-D: integer operation result is out of range
  	
HECK_ACK_FLAG;
I2C_interface.c(79): warning:  #61-D: integer operation result is out of range
  	
HECK_ACK_FLAG;
I2C_interface.c(85): warning:  #61-D: integer operation result is out of range
  	
HECK_ACK_FLAG;
I2C_interface.c(100): warning:  #61-D: integer operation result is out of range
  	
HECK_ACK_FLAG;
I2C_interface.c(103): warning:  #61-D: integer operation result is out of range
  	
HECK_ACK_FLAG;
I2C_interface.c(106): warning:  #61-D: integer operation result is out of range
  	
HECK_ACK_FLAG;
I2C_interface.c(117): warning:  #61-D: integer operation result is out of range
  	
HECK_ACK_FLAG;
I2C_interface.c(120): warning:  #61-D: integer operation result is out of range
  	
HECK_ACK_FLAG;
I2C_interface.c(123): warning:  #61-D: integer operation result is out of range
  	
HECK_ACK_FLAG;
I2C_interface.c(126): warning:  #61-D: integer operation result is out of range
  	
HECK_ACK_FLAG;
I2C_interface.c(143): warning:  #223-D: function "Counter_Handling" declared implicitly
  		Counter_Handling (&TemperatureSensor1.count_Fault_Connect);
I2C_interface.c(205): warning:  #940-D: missing return statement at end of non-void function "Save_I2C_Recieved_Data" 
  }
I2C_interface.c: 25 warnings, 0 errors
assembling startup_MDR32F9Q2I.S...
compiling Function.c...
Defines.h(331): warning:  #1-D: last line of file ends without a newline
  	
Defines.h(331): warning:  #1-D: last line of file ends without a newline
  	
Function.h(1): warning:  #1295-D: Deprecated declaration Rele_Status - give arg types
  void Rele_Status(); 	//функция Rele_Status задает состояние реле (ON, OFF), в соотвествии с текущим состоянием устройства (см.Global_Var.c) 
Function.c(37): warning:  #188-D: enumerated type mixed with another type
  		case BATTERY_CAPACITY_USER:			Battery.Capacity=UPS_D.Battery_Capacity_User;		break;
Function.c(52): warning:  #188-D: enumerated type mixed with another type
  		case DISCHARGE_TIME_USER: 			Battery.Counter_Battery_Discharge.MaxValue=UPS_D.Time_Discharge_User;	break;
Function.c(364): warning:  #188-D: enumerated type mixed with another type
  	UPS_D.P_KAN_D = Type_Of_KAN_D(); //определяем значения Мощность КАН-Д UPS_D.I.Load.Max_Value и UPS_D.I.Battery.Max_Value_Discharge
Function.c(436): warning:  #223-D: function "Counter_Handling" declared implicitly
  							Counter_Handling(&Battery.Equalizing_Charge.Counter_I_Battery_Is_Constant); //инкрементируем счетчик времени в течении которого ток зарада в режиме Уравнительный заряд находится в рамках DELTA_OF_I_BATTERY_EQUALIZING_CHARGE
Function.c: 7 warnings, 0 errors
compiling RS485_interface.c...
Defines.h(331): warning:  #1-D: last line of file ends without a newline
  	
Defines.h(331): warning:  #1-D: last line of file ends without a newline
  	
RS485_interface.c(21): warning:  #188-D: enumerated type mixed with another type
  			RS485.Registor_Adress = (RS485.Package_Data[
EGISTOR_HIGH_BYTE]<<Bit8)|(RS485.Package_Data[
EGISTOR_LOW_BYTE]);
RS485_interface.c(81): warning:  #188-D: enumerated type mixed with another type
  				case STATUS_CHARGE_MODE:												Testing.Charge_Mode 					 = (RS485.Package_Data[RS485.Package_Data_Index]<<Bit8)|RS485.Package_Data[RS485.Package_Data_Index+1];			break;	// 37																								
RS485_interface.c(82): warning:  #188-D: enumerated type mixed with another type
  				case SET_U_BATTERY_LIMIT_VALUE_REG:							Testing.U_Battery_Limit_Value  = (RS485.Package_Data[RS485.Package_Data_Index]<<Bit8)|RS485.Package_Data[RS485.Package_Data_Index+1];			break;	// 38						
RS485_interface.c(83): warning:  #188-D: enumerated type mixed with another type
  				case STATUS_DISCHARGE_MODE:											Testing.Discharge_Mode			   = (RS485.Package_Data[RS485.Package_Data_Index]<<Bit8)|RS485.Package_Data[RS485.Package_Data_Index+1];			break;	// 39									
RS485_interface.c(231): warning:  #223-D: function "Type_Of_KAN_D" declared implicitly
  									Type_Of_KAN_D();									
RS485_interface.c: 7 warnings, 0 errors
compiling Save_Flash.c...
Defines.h(331): warning:  #1-D: last line of file ends without a newline
  	
Save_Flash.c: 1 warning, 0 errors
creating preprocessor file for system_MDR32F9Q2I.c...
compiling Function_Interrupts.c...
Function_Interrupts.h(1): warning:  #1295-D: Deprecated declaration Led_Lighting - give arg types
  void Led_Lighting (); //функция Led_Lighting управляет свечением светодиода в соотвествии с текущим режимом работы устройства
Function_Interrupts.h(2): warning:  #1295-D: Deprecated declaration ADC_Calculate - give arg types
  void ADC_Calculate(); //функиця ADC_Calculate заполняет массив оцифрованных значений adc_data (см. структуру ADCcontrol, Global_Var.h)
Function_Interrupts.h(3): warning:  #1295-D: Deprecated declaration Warning_Handler - give arg types
  void Warning_Handler(); //функция Warning_Handler обрабатывает предупреждения (3 предупреждения - Wrng_I_LOAD - превышение допустимого тока в нагрузке, Wrng_U_LOAD - напряжение на нагрузке выше нормы, Wrng_U_KAN_D  - напряжение с КАН_Д ниже нормы)
Function_Interrupts.h(10): warning:  #1295-D: Deprecated declaration Counter_Handling - give arg types
  void Counter_Handling();
Defines.h(331): warning:  #1-D: last line of file ends without a newline
  	
Defines.h(331): warning:  #1-D: last line of file ends without a newline
  	
Function.h(1): warning:  #1295-D: Deprecated declaration Rele_Status - give arg types
  void Rele_Status(); 	//функция Rele_Status задает состояние реле (ON, OFF), в соотвествии с текущим состоянием устройства (см.Global_Var.c) 
Function_Interrupts.c: 7 warnings, 0 errors
creating preprocessor file for MDR32FxQI_adc.c...
compiling system_MDR32F9Q2I.c...
creating preprocessor file for MDR32FxQI_comp.c...
compiling MDR32FxQI_adc.c...
creating preprocessor file for MDR32FxQI_dac.c...
compiling MDR32FxQI_comp.c...
creating preprocessor file for MDR32FxQI_dma.c...
creating preprocessor file for MDR32FxQI_eeprom.c...
compiling MDR32FxQI_dac.c...
creating preprocessor file for MDR32FxQI_i2c.c...
creating preprocessor file for MDR32FxQI_iwdg.c...
compiling MDR32FxQI_dma.c...
creating preprocessor file for MDR32FxQI_port.c...
creating preprocessor file for MDR32FxQI_power.c...
creating preprocessor file for MDR32FxQI_rst_clk.c...
compiling MDR32FxQI_eeprom.c...
creating preprocessor file for MDR32FxQI_ssp.c...
compiling MDR32FxQI_i2c.c...
compiling MDR32FxQI_iwdg.c...
creating preprocessor file for MDR32FxQI_timer.c...
compiling MDR32FxQI_port.c...
compiling MDR32FxQI_power.c...
creating preprocessor file for MDR32FxQI_uart.c...
compiling MDR32FxQI_rst_clk.c...
creating preprocessor file for MDR32FxQI_wwdg.c...
compiling MDR32FxQI_ssp.c...
compiling MDR32FxQI_uart.c...
compiling MDR32FxQI_timer.c...
compiling MDR32FxQI_wwdg.c...
linking...
Program Size: Code=11200 RO-data=240 RW-data=44 ZI-data=2740  
FromELF: creating hex file...
".\Objects\IBP-D firmware.axf" - 0 Error(s), 69 Warning(s).

<h2>Software Packages used:</h2>

Package Vendor: ARM
                http://www.keil.com/pack/ARM.CMSIS.5.9.0.pack
                ARM.CMSIS.5.9.0
                CMSIS (Common Microcontroller Software Interface Standard)
   * Component: CORE Version: 5.6.0

Package Vendor: Milandr
                https://ic.milandr.ru/soft/Milandr.MDR32FxQI.1.0.pack
                Milandr.MDR32FxQI.1.0
                Milandr MDR32FxQI Series Device Support, Drivers and Examples
   * Component: Startup Version: 2.0.2i
   * Component: ADC Version: 2.0.2i
   * Component: COMP Version: 2.0.2i
   * Component: DAC Version: 2.0.2i
   * Component: DMA Version: 2.0.2i
   * Component: EEPROM Version: 2.0.2i
   * Component: I2C Version: 2.0.2i
   * Component: IWDG Version: 2.0.2i
   * Component: PORT Version: 2.0.2i
   * Component: POWER Version: 2.0.2i
   * Component: RST_CLK Version: 2.0.2i
   * Component: SSP Version: 2.0.2i
   * Component: TIMER Version: 2.0.2i
   * Component: UART Version: 2.0.2i
   * Component: WWDG Version: 2.0.2i

<h2>Collection of Component include folders:</h2>
  ./RTE/Device/MDR32F9Q2I
  ./RTE/_Target_1
  C:/Programs/Keil v537/Packs/ARM/CMSIS/5.9.0/CMSIS/Core/Include
  C:/Programs/Keil v537/Packs/Milandr/MDR32FxQI/1.0/Libraries/CMSIS/MDR32FxQI/CoreSupport/CM3
  C:/Programs/Keil v537/Packs/Milandr/MDR32FxQI/1.0/Libraries/CMSIS/MDR32FxQI/DeviceSupport/MDR32F9Q2I/inc
  C:/Programs/Keil v537/Packs/Milandr/MDR32FxQI/1.0/Libraries/SPL/MDR32FxQI/inc

<h2>Collection of Component Files used:</h2>

   * Component: ARM::CMSIS:CORE:5.6.0

   * Component: Milandr::Device:Startup:2.0.2i
      Include file:  Libraries/CMSIS/MDR32FxQI/DeviceSupport/MDR32F9Q2I/inc/MDR32F9Q2I.h
      Include file:  Libraries/CMSIS/MDR32FxQI/DeviceSupport/MDR32F9Q2I/startup/system_MDR32F9Q2I.h
      Include file:  Libraries/CMSIS/MDR32FxQI/CoreSupport/CM3/core_cm3.h
      Include file:  Libraries/SPL/MDR32FxQI/inc/IRQ_Handler_Template/MDR32F9Q2I_IT.h
      Source file:   Libraries/SPL/MDR32FxQI/src/IRQ_Handler_Template/MDR32F9Q2I_IT.c
      Include file:  Libraries/SPL/MDR32FxQI/MDR32FxQI_config.h
      Source file:   Libraries/CMSIS/MDR32FxQI/DeviceSupport/MDR32F9Q2I/startup/system_MDR32F9Q2I.c
      Source file:   Libraries/CMSIS/MDR32FxQI/DeviceSupport/MDR32F9Q2I/startup/arm/startup_MDR32F9Q2I.S

   * Component: Milandr::Drivers:ADC:2.0.2i
      Include file:  Libraries/SPL/MDR32FxQI/inc/MDR32FxQI_adc.h
      Source file:   Libraries/SPL/MDR32FxQI/src/MDR32FxQI_adc.c

   * Component: Milandr::Drivers:COMP:2.0.2i
      Source file:   Libraries/SPL/MDR32FxQI/src/MDR32FxQI_comp.c
      Include file:  Libraries/SPL/MDR32FxQI/inc/MDR32FxQI_comp.h

   * Component: Milandr::Drivers:DAC:2.0.2i
      Include file:  Libraries/SPL/MDR32FxQI/inc/MDR32FxQI_dac.h
      Source file:   Libraries/SPL/MDR32FxQI/src/MDR32FxQI_dac.c

   * Component: Milandr::Drivers:DMA:2.0.2i
      Source file:   Libraries/SPL/MDR32FxQI/src/MDR32FxQI_dma.c
      Include file:  Libraries/SPL/MDR32FxQI/inc/MDR32FxQI_dma.h

   * Component: Milandr::Drivers:EEPROM:2.0.2i
      Include file:  Libraries/SPL/MDR32FxQI/inc/MDR32FxQI_eeprom.h
      Source file:   Libraries/SPL/MDR32FxQI/src/MDR32FxQI_eeprom.c

   * Component: Milandr::Drivers:I2C:2.0.2i
      Include file:  Libraries/SPL/MDR32FxQI/inc/MDR32FxQI_i2c.h
      Source file:   Libraries/SPL/MDR32FxQI/src/MDR32FxQI_i2c.c

   * Component: Milandr::Drivers:IWDG:2.0.2i
      Source file:   Libraries/SPL/MDR32FxQI/src/MDR32FxQI_iwdg.c
      Include file:  Libraries/SPL/MDR32FxQI/inc/MDR32FxQI_iwdg.h

   * Component: Milandr::Drivers:PORT:2.0.2i
      Include file:  Libraries/SPL/MDR32FxQI/inc/MDR32FxQI_port.h
      Source file:   Libraries/SPL/MDR32FxQI/src/MDR32FxQI_port.c

   * Component: Milandr::Drivers:POWER:2.0.2i
      Include file:  Libraries/SPL/MDR32FxQI/inc/MDR32FxQI_power.h
      Source file:   Libraries/SPL/MDR32FxQI/src/MDR32FxQI_power.c

   * Component: Milandr::Drivers:RST_CLK:2.0.2i
      Source file:   Libraries/SPL/MDR32FxQI/src/MDR32FxQI_rst_clk.c
      Include file:  Libraries/SPL/MDR32FxQI/inc/MDR32FxQI_rst_clk.h

   * Component: Milandr::Drivers:SSP:2.0.2i
      Include file:  Libraries/SPL/MDR32FxQI/inc/MDR32FxQI_ssp.h
      Source file:   Libraries/SPL/MDR32FxQI/src/MDR32FxQI_ssp.c

   * Component: Milandr::Drivers:TIMER:2.0.2i
      Include file:  Libraries/SPL/MDR32FxQI/inc/MDR32FxQI_timer.h
      Source file:   Libraries/SPL/MDR32FxQI/src/MDR32FxQI_timer.c

   * Component: Milandr::Drivers:UART:2.0.2i
      Source file:   Libraries/SPL/MDR32FxQI/src/MDR32FxQI_uart.c
      Include file:  Libraries/SPL/MDR32FxQI/inc/MDR32FxQI_uart.h

   * Component: Milandr::Drivers:WWDG:2.0.2i
      Source file:   Libraries/SPL/MDR32FxQI/src/MDR32FxQI_wwdg.c
      Include file:  Libraries/SPL/MDR32FxQI/inc/MDR32FxQI_wwdg.h
Build Time Elapsed:  00:00:02
</pre>
</body>
</html>
