Component: ARM Compiler 5.06 update 6 (build 750) Tool: armlink [4d35ed]

==============================================================================

Section Cross References

    main.o(i.main) refers to initialization.o(i.Initialization) for Initialization
    main.o(i.main) refers to function.o(i.Battery_Parameters) for Battery_Parameters
    main.o(i.main) refers to function.o(i.Check_Status) for Check_Status
    main.o(i.main) refers to function.o(i.Mode_Of_Work) for Mode_Of_Work
    main.o(i.main) refers to i2c_interface.o(i.Read_Temperature) for Read_Temperature
    main.o(i.main) refers to rs485_interface.o(i.RS485_ReadData) for RS485_ReadData
    main.o(i.main) refers to global_var.o(.data) for ADC_avr_calculate_end
    main.o(i.main) refers to global_var.o(.bss) for Battery
    initialization.o(i.Initialization) refers to initialization.o(i.rst_clock_init) for rst_clock_init
    initialization.o(i.Initialization) refers to initialization.o(i.port_init) for port_init
    initialization.o(i.Initialization) refers to initialization.o(i.adc_init) for adc_init
    initialization.o(i.Initialization) refers to initialization.o(i.timer1_init) for timer1_init
    initialization.o(i.Initialization) refers to initialization.o(i.dac2_init) for dac2_init
    initialization.o(i.Initialization) refers to initialization.o(i.i2c_init) for i2c_init
    initialization.o(i.Initialization) refers to initialization.o(i.uart1_init) for uart1_init
    initialization.o(i.Initialization) refers to initialization.o(i.struct_config) for struct_config
    initialization.o(i.adc_init) refers to mdr32fxqi_rst_clk.o(i.RST_CLK_PCLKcmd) for RST_CLK_PCLKcmd
    initialization.o(i.adc_init) refers to mdr32fxqi_port.o(i.PORT_StructInit) for PORT_StructInit
    initialization.o(i.adc_init) refers to mdr32fxqi_port.o(i.PORT_Init) for PORT_Init
    initialization.o(i.adc_init) refers to mdr32fxqi_adc.o(i.ADC_Init) for ADC_Init
    initialization.o(i.adc_init) refers to mdr32fxqi_adc.o(i.ADC1_Init) for ADC1_Init
    initialization.o(i.adc_init) refers to mdr32fxqi_adc.o(i.ADC1_Cmd) for ADC1_Cmd
    initialization.o(i.dac2_init) refers to mdr32fxqi_rst_clk.o(i.RST_CLK_PCLKcmd) for RST_CLK_PCLKcmd
    initialization.o(i.dac2_init) refers to mdr32fxqi_port.o(i.PORT_StructInit) for PORT_StructInit
    initialization.o(i.dac2_init) refers to mdr32fxqi_port.o(i.PORT_Init) for PORT_Init
    initialization.o(i.dac2_init) refers to mdr32fxqi_dac.o(i.DAC2_Init) for DAC2_Init
    initialization.o(i.dac2_init) refers to mdr32fxqi_dac.o(i.DAC2_Cmd) for DAC2_Cmd
    initialization.o(i.dac2_init) refers to mdr32fxqi_dac.o(i.DAC2_SetData) for DAC2_SetData
    initialization.o(i.i2c_init) refers to mdr32fxqi_rst_clk.o(i.RST_CLK_PCLKcmd) for RST_CLK_PCLKcmd
    initialization.o(i.i2c_init) refers to mdr32fxqi_port.o(i.PORT_StructInit) for PORT_StructInit
    initialization.o(i.i2c_init) refers to mdr32fxqi_port.o(i.PORT_Init) for PORT_Init
    initialization.o(i.i2c_init) refers to mdr32fxqi_i2c.o(i.I2C_DeInit) for I2C_DeInit
    initialization.o(i.i2c_init) refers to mdr32fxqi_i2c.o(i.I2C_Init) for I2C_Init
    initialization.o(i.i2c_init) refers to mdr32fxqi_i2c.o(i.I2C_Cmd) for I2C_Cmd
    initialization.o(i.i2c_init) refers to mdr32fxqi_i2c.o(i.I2C_Send7bitAddress) for I2C_Send7bitAddress
    initialization.o(i.i2c_init) refers to mdr32fxqi_i2c.o(i.I2C_SendByte) for I2C_SendByte
    initialization.o(i.i2c_init) refers to mdr32fxqi_i2c.o(i.I2C_SendSTOP) for I2C_SendSTOP
    initialization.o(i.port_init) refers to mdr32fxqi_rst_clk.o(i.RST_CLK_PCLKcmd) for RST_CLK_PCLKcmd
    initialization.o(i.port_init) refers to mdr32fxqi_port.o(i.PORT_Init) for PORT_Init
    initialization.o(i.port_init) refers to mdr32fxqi_port.o(i.PORT_SetBits) for PORT_SetBits
    initialization.o(i.rst_clock_init) refers to mdr32fxqi_rst_clk.o(i.RST_CLK_HSEconfig) for RST_CLK_HSEconfig
    initialization.o(i.rst_clock_init) refers to mdr32fxqi_rst_clk.o(i.RST_CLK_CPU_PLLconfig) for RST_CLK_CPU_PLLconfig
    initialization.o(i.rst_clock_init) refers to mdr32fxqi_rst_clk.o(i.RST_CLK_HSEstatus) for RST_CLK_HSEstatus
    initialization.o(i.rst_clock_init) refers to mdr32fxqi_rst_clk.o(i.RST_CLK_CPU_PLLcmd) for RST_CLK_CPU_PLLcmd
    initialization.o(i.rst_clock_init) refers to mdr32fxqi_rst_clk.o(i.RST_CLK_CPU_PLLstatus) for RST_CLK_CPU_PLLstatus
    initialization.o(i.rst_clock_init) refers to mdr32fxqi_rst_clk.o(i.RST_CLK_CPUclkPrescaler) for RST_CLK_CPUclkPrescaler
    initialization.o(i.rst_clock_init) refers to mdr32fxqi_rst_clk.o(i.RST_CLK_CPU_PLLuse) for RST_CLK_CPU_PLLuse
    initialization.o(i.rst_clock_init) refers to mdr32fxqi_rst_clk.o(i.RST_CLK_CPUclkSelection) for RST_CLK_CPUclkSelection
    initialization.o(i.rst_clock_init) refers to system_mdr32f9q2i.o(i.SystemCoreClockUpdate) for SystemCoreClockUpdate
    initialization.o(i.struct_config) refers to global_var.o(.bss) for LED1
    initialization.o(i.struct_config) refers to global_var.o(.data) for RELE1_KAN_D
[...]
    mdr32fxqi_adc.o(i.ADC_GetFlagStatus) refers to mdr32fxqi_adc.o(i.ADC_GetStatus) for ADC_GetStatus
    mdr32fxqi_adc.o(i.ADC_GetITStatus) refers to mdr32fxqi_adc.o(i.ADC_GetStatus) for ADC_GetStatus
    mdr32fxqi_comp.o(i.COMP_GetFlagStatus) refers to mdr32fxqi_comp.o(i.COMP_GetStatus) for COMP_GetStatus
    mdr32fxqi_dma.o(i.DMA_CtrlInit) refers to mdr32fxqi_dma.o(i.DMA_CtrlDataInit) for DMA_CtrlDataInit
    mdr32fxqi_dma.o(i.DMA_CtrlInit) refers to mdr32fxqi_dma.o(.bss) for DMA_ControlTable
    mdr32fxqi_dma.o(i.DMA_Init) refers to mdr32fxqi_dma.o(i.DMA_CtrlDataInit) for DMA_CtrlDataInit
    mdr32fxqi_dma.o(i.DMA_Init) refers to mdr32fxqi_dma.o(.bss) for DMA_ControlTable
    mdr32fxqi_dma.o(i.DMA_SG_CtrlInit) refers to mdr32fxqi_dma.o(i.DMA_CtrlDataInit) for DMA_CtrlDataInit
    mdr32fxqi_dma.o(i.DMA_SG_Init) refers to mdr32fxqi_dma.o(i.DMA_CtrlDataInit) for DMA_CtrlDataInit
    mdr32fxqi_dma.o(i.DMA_SG_Init) refers to mdr32fxqi_dma.o(.bss) for DMA_ControlTable
    mdr32fxqi_i2c.o(i.I2C_CheckEvent) refers to mdr32fxqi_i2c.o(i.I2C_GetLastEvent) for I2C_GetLastEvent
    mdr32fxqi_i2c.o(i.I2C_GetFlagStatus) refers to mdr32fxqi_i2c.o(i.I2C_GetLastEvent) for I2C_GetLastEvent
    mdr32fxqi_rst_clk.o(i.RST_CLK_CPU_PLLstatus) refers to mdr32fxqi_rst_clk.o(i.RST_CLK_GetFlagStatus) for RST_CLK_GetFlagStatus
    mdr32fxqi_rst_clk.o(i.RST_CLK_DeInit) refers to mdr32fxqi_rst_clk.o(i.RST_CLK_WarmDeInit) for RST_CLK_WarmDeInit
    mdr32fxqi_rst_clk.o(i.RST_CLK_DeInit) refers to mdr32fxqi_rst_clk.o(i.RST_CLK_PCLKcmd) for RST_CLK_PCLKcmd
    mdr32fxqi_rst_clk.o(i.RST_CLK_HSEstatus) refers to mdr32fxqi_rst_clk.o(i.RST_CLK_GetFlagStatus) for RST_CLK_GetFlagStatus
    mdr32fxqi_rst_clk.o(i.RST_CLK_HSIstatus) refers to mdr32fxqi_rst_clk.o(i.RST_CLK_GetFlagStatus) for RST_CLK_GetFlagStatus
    mdr32fxqi_rst_clk.o(i.RST_CLK_LSEstatus) refers to mdr32fxqi_rst_clk.o(i.RST_CLK_GetFlagStatus) for RST_CLK_GetFlagStatus
    mdr32fxqi_rst_clk.o(i.RST_CLK_LSIstatus) refers to mdr32fxqi_rst_clk.o(i.RST_CLK_GetFlagStatus) for RST_CLK_GetFlagStatus
    mdr32fxqi_rst_clk.o(i.RST_CLK_USB_PLLstatus) refers to mdr32fxqi_rst_clk.o(i.RST_CLK_GetFlagStatus) for RST_CLK_GetFlagStatus
    mdr32fxqi_rst_clk.o(i.RST_CLK_WarmDeInit) refers to mdr32fxqi_rst_clk.o(i.RST_CLK_HSIcmd) for RST_CLK_HSIcmd
    mdr32fxqi_rst_clk.o(i.RST_CLK_WarmDeInit) refers to mdr32fxqi_rst_clk.o(i.RST_CLK_HSIstatus) for RST_CLK_HSIstatus
    mdr32fxqi_rst_clk.o(i.RST_CLK_WarmDeInit) refers to mdr32fxqi_rst_clk.o(i.RST_CLK_CPUclkSelection) for RST_CLK_CPUclkSelection
    mdr32fxqi_uart.o(i.UART_Init) refers to mdr32fxqi_rst_clk.o(i.RST_CLK_GetClocksFreq) for RST_CLK_GetClocksFreq
    mdr32fxqi_uart.o(i.UART_IrDAConfig) refers to mdr32fxqi_rst_clk.o(i.RST_CLK_GetClocksFreq) for RST_CLK_GetClocksFreq
    entry.o(.ARM.Collect$$$$00000000) refers (Special) to entry10a.o(.ARM.Collect$$$$0000000D) for __rt_final_cpp
    entry.o(.ARM.Collect$$$$00000000) refers (Special) to entry11a.o(.ARM.Collect$$$$0000000F) for __rt_final_exit
    entry.o(.ARM.Collect$$$$00000000) refers (Special) to entry7b.o(.ARM.Collect$$$$00000008) for _main_clock
    entry.o(.ARM.Collect$$$$00000000) refers (Special) to entry8b.o(.ARM.Collect$$$$0000000A) for _main_cpp_init
    entry.o(.ARM.Collect$$$$00000000) refers (Special) to entry9a.o(.ARM.Collect$$$$0000000B) for _main_init
    entry.o(.ARM.Collect$$$$00000000) refers (Special) to entry5.o(.ARM.Collect$$$$00000004) for _main_scatterload
    entry.o(.ARM.Collect$$$$00000000) refers (Special) to entry2.o(.ARM.Collect$$$$00000001) for _main_stk
    malloc.o(i.free) refers to mvars.o(.data) for __microlib_freelist
    malloc.o(i.malloc) refers to mvars.o(.data) for __microlib_freelist_initialised
    malloc.o(i.malloc) refers to mvars.o(.data) for __microlib_freelist
    malloc.o(i.malloc) refers to startup_mdr32f9q2i.o(HEAP) for __heap_base
    mallocr.o(i.__free$realloc) refers to mvars.o(.data) for __microlib_freelist
    mallocr.o(i.__malloc$realloc) refers to mallocr.o(i.internal_alloc) for internal_alloc
    mallocr.o(i.__malloc$realloc) refers to mvars.o(.data) for __microlib_freelist_initialised
    mallocr.o(i.__malloc$realloc) refers to startup_mdr32f9q2i.o(HEAP) for __heap_base
    mallocr.o(i.__malloc$realloc) refers to mvars.o(.data) for __microlib_freelist
    mallocr.o(i.internal_alloc) refers to memcpya.o(.text) for __aeabi_memcpy
    mallocr.o(i.internal_alloc) refers to mvars.o(.data) for __microlib_freelist
    mallocr.o(i.realloc) refers to mallocr.o(i.__free$realloc) for __free$realloc
    mallocr.o(i.realloc) refers to mallocr.o(i.internal_alloc) for internal_alloc
    mallocr.o(i.realloc) refers to mallocr.o(i.__malloc$realloc) for __malloc$realloc
    mallocr.o(i.realloc) refers to mvars.o(.data) for __microlib_freelist
    malloca.o(i.__aligned_malloc) refers to mvars.o(.data) for __microlib_freelist_initialised
    malloca.o(i.__aligned_malloc) refers to mvars.o(.data) for __microlib_freelist
    malloca.o(i.__aligned_malloc) refers to startup_mdr32f9q2i.o(HEAP) for __heap_base
    malloca.o(i.__free$memalign) refers to mvars.o(.data) for __microlib_freelist
    malloca.o(i.__malloc$memalign) refers to malloca.o(i.__aligned_malloc) for __aligned_malloc
    mallocra.o(i.__aligned_malloc$realloc) refers to mallocra.o(i.internal_alloc) for internal_alloc
    mallocra.o(i.__aligned_malloc$realloc) refers to mvars.o(.data) for __microlib_freelist_initialised
    mallocra.o(i.__aligned_malloc$realloc) refers to startup_mdr32f9q2i.o(HEAP) for __heap_base
    mallocra.o(i.__aligned_malloc$realloc) refers to mvars.o(.data) for __microlib_freelist
    mallocra.o(i.__free$realloc$memalign) refers to mvars.o(.data) for __microlib_freelist
    mallocra.o(i.__malloc$realloc$memalign) refers to mallocra.o(i.__aligned_malloc$realloc) for __aligned_malloc$realloc
    mallocra.o(i.__realloc$memalign) refers to mallocra.o(i.__free$realloc$memalign) for __free$realloc$memalign
    mallocra.o(i.__realloc$memalign) refers to mallocra.o(i.internal_alloc) for internal_alloc
    mallocra.o(i.__realloc$memalign) refers to mallocra.o(i.__malloc$realloc$memalign) for __malloc$realloc$memalign
    mallocra.o(i.__realloc$memalign) refers to mvars.o(.data) for __microlib_freelist
    mallocra.o(i.internal_alloc) refers to memcpya.o(.text) for __aeabi_memcpy
    mallocra.o(i.internal_alloc) refers to mvars.o(.data) for __microlib_freelist
    fadd.o(.text) refers (Special) to iusefp.o(.text) for __I$use$fp
    fadd.o(.text) refers to fepilogue.o(.text) for _float_epilogue
    fmul.o(.text) refers (Special) to iusefp.o(.text) for __I$use$fp
    fdiv.o(.text) refers (Special) to iusefp.o(.text) for __I$use$fp
    fdiv.o(.text) refers to fepilogue.o(.text) for _float_round
    dadd.o(.text) refers (Special) to iusefp.o(.text) for __I$use$fp
    dadd.o(.text) refers to llshl.o(.text) for __aeabi_llsl
    dadd.o(.text) refers to llsshr.o(.text) for __aeabi_lasr
    dadd.o(.text) refers to depilogue.o(.text) for _double_epilogue
    dmul.o(.text) refers (Special) to iusefp.o(.text) for __I$use$fp
    dmul.o(.text) refers to depilogue.o(.text) for _double_epilogue
    ddiv.o(.text) refers (Special) to iusefp.o(.text) for __I$use$fp
    ddiv.o(.text) refers to depilogue.o(.text) for _double_round
    fflti.o(.text) refers (Special) to iusefp.o(.text) for __I$use$fp
    fflti.o(.text) refers to fepilogue.o(.text) for _float_epilogue
    ffltui.o(.text) refers (Special) to iusefp.o(.text) for __I$use$fp
    ffltui.o(.text) refers to fepilogue.o(.text) for _float_epilogue
    dflti.o(.text) refers (Special) to iusefp.o(.text) for __I$use$fp
    dflti.o(.text) refers to depilogue.o(.text) for _double_epilogue
    dfltui.o(.text) refers (Special) to iusefp.o(.text) for __I$use$fp
    dfltui.o(.text) refers to depilogue.o(.text) for _double_epilogue
    f2d.o(.text) refers (Special) to iusefp.o(.text) for __I$use$fp
    cdcmple.o(.text) refers (Special) to iusefp.o(.text) for __I$use$fp
    cdrcmple.o(.text) refers (Special) to iusefp.o(.text) for __I$use$fp
    d2f.o(.text) refers (Special) to iusefp.o(.text) for __I$use$fp
    d2f.o(.text) refers to fepilogue.o(.text) for _float_round
    cfcmple.o(.text) refers (Special) to iusefp.o(.text) for __I$use$fp
    cfrcmple.o(.text) refers (Special) to iusefp.o(.text) for __I$use$fp
    entry2.o(.ARM.Collect$$$$00000001) refers to entry2.o(.ARM.Collect$$$$00002712) for __lit__00000000
    entry2.o(.ARM.Collect$$$$00002712) refers to startup_mdr32f9q2i.o(STACK) for __initial_sp
    entry2.o(__vectab_stack_and_reset_area) refers to startup_mdr32f9q2i.o(STACK) for __initial_sp
    entry2.o(__vectab_stack_and_reset_area) refers to entry.o(.ARM.Collect$$$$00000000) for __main
    entry5.o(.ARM.Collect$$$$00000004) refers to init.o(.text) for __scatterload
    entry9a.o(.ARM.Collect$$$$0000000B) refers to main.o(i.main) for main
    entry9b.o(.ARM.Collect$$$$0000000C) refers to main.o(i.main) for main
    depilogue.o(.text) refers to llshl.o(.text) for __aeabi_llsl
    depilogue.o(.text) refers to llushr.o(.text) for __aeabi_llsr
    init.o(.text) refers to entry5.o(.ARM.Collect$$$$00000004) for __main_after_scatterload


==============================================================================

Removing Unused input sections from the image.

    Removing main.o(.rev16_text), (4 bytes).
    Removing main.o(.revsh_text), (4 bytes).
    Removing main.o(.rrx_text), (6 bytes).
    Removing main.o(.data), (8 bytes).
    Removing initialization.o(.rev16_text), (4 bytes).
    Removing initialization.o(.revsh_text), (4 bytes).
    Removing initialization.o(.rrx_text), (6 bytes).
    Removing global_var.o(.rev16_text), (4 bytes).
    Removing global_var.o(.revsh_text), (4 bytes).
    Removing global_var.o(.rrx_text), (6 bytes).
    Removing interrupts.o(.rev16_text), (4 bytes).
    Removing interrupts.o(.revsh_text), (4 bytes).
    Removing interrupts.o(.rrx_text), (6 bytes).
    Removing function.o(.rev16_text), (4 bytes).
    Removing function.o(.revsh_text), (4 bytes).
    Removing function.o(.rrx_text), (6 bytes).
    Removing function.o(i.Example), (32 bytes).
    Removing i2c_interface.o(.rev16_text), (4 bytes).
    Removing i2c_interface.o(.revsh_text), (4 bytes).
    Removing i2c_interface.o(.rrx_text), (6 bytes).
    Removing rs485_interface.o(.rev16_text), (4 bytes).
    Removing rs485_interface.o(.revsh_text), (4 bytes).
    Removing rs485_interface.o(.rrx_text), (6 bytes).
    Removing rs485_interface.o(i.RS485_Handling_Data), (544 bytes).
    Removing rs485_interface.o(i.RS485_SendData), (80 bytes).
    Removing startup_mdr32f9q2i.o(HEAP), (512 bytes).
    Removing system_mdr32f9q2i.o(.rev16_text), (4 bytes).
    Removing system_mdr32f9q2i.o(.revsh_text), (4 bytes).
    Removing system_mdr32f9q2i.o(.rrx_text), (6 bytes).
    Removing mdr32fxqi_adc.o(.rev16_text), (4 bytes).
    Removing mdr32fxqi_adc.o(.revsh_text), (4 bytes).
    Removing mdr32fxqi_adc.o(.rrx_text), (6 bytes).
    Removing mdr32fxqi_adc.o(i.ADC1_ChannelSwithingConfig), (20 bytes).
    Removing mdr32fxqi_adc.o(i.ADC1_ClearOutOfRangeFlag), (20 bytes).
    Removing mdr32fxqi_adc.o(i.ADC1_ClearOverwriteFlag), (20 bytes).
    Removing mdr32fxqi_adc.o(i.ADC1_GetFlagStatus), (24 bytes).
    Removing mdr32fxqi_adc.o(i.ADC1_GetITStatus), (28 bytes).
    Removing mdr32fxqi_adc.o(i.ADC1_ITConfig), (28 bytes).
    Removing mdr32fxqi_adc.o(i.ADC1_LevelsConfig), (28 bytes).
    Removing mdr32fxqi_adc.o(i.ADC1_OperationModeConfig), (24 bytes).
    Removing mdr32fxqi_adc.o(i.ADC1_SamplingModeConfig), (20 bytes).
    Removing mdr32fxqi_adc.o(i.ADC1_SetChannel), (24 bytes).
    Removing mdr32fxqi_adc.o(i.ADC1_SetChannels), (12 bytes).
    Removing mdr32fxqi_adc.o(i.ADC1_SetHighLevel), (12 bytes).
    Removing mdr32fxqi_adc.o(i.ADC1_SetLowLevel), (12 bytes).
    Removing mdr32fxqi_adc.o(i.ADC2_ChannelSwithingConfig), (20 bytes).
    Removing mdr32fxqi_adc.o(i.ADC2_ClearOutOfRangeFlag), (20 bytes).
    Removing mdr32fxqi_adc.o(i.ADC2_ClearOverwriteFlag), (20 bytes).
    Removing mdr32fxqi_adc.o(i.ADC2_Cmd), (28 bytes).
    Removing mdr32fxqi_adc.o(i.ADC2_GetFlagStatus), (24 bytes).
    Removing mdr32fxqi_adc.o(i.ADC2_GetITStatus), (28 bytes).
    Removing mdr32fxqi_adc.o(i.ADC2_GetResult), (12 bytes).
    Removing mdr32fxqi_adc.o(i.ADC2_GetStatus), (12 bytes).
    Removing mdr32fxqi_adc.o(i.ADC2_ITConfig), (28 bytes).
    Removing mdr32fxqi_adc.o(i.ADC2_Init), (80 bytes).
    Removing mdr32fxqi_adc.o(i.ADC2_LevelsConfig), (28 bytes).
    Removing mdr32fxqi_adc.o(i.ADC2_OperationModeConfig), (24 bytes).
    Removing mdr32fxqi_adc.o(i.ADC2_SamplingModeConfig), (20 bytes).
    Removing mdr32fxqi_adc.o(i.ADC2_SetChannel), (24 bytes).
    Removing mdr32fxqi_adc.o(i.ADC2_SetChannels), (12 bytes).
    Removing mdr32fxqi_adc.o(i.ADC2_SetHighLevel), (12 bytes).
    Removing mdr32fxqi_adc.o(i.ADC2_SetLowLevel), (12 bytes).
    Removing mdr32fxqi_adc.o(i.ADC2_Start), (20 bytes).
    Removing mdr32fxqi_adc.o(i.ADC_DeInit), (44 bytes).
    Removing mdr32fxqi_adc.o(i.ADC_GetFlagStatus), (22 bytes).
    Removing mdr32fxqi_adc.o(i.ADC_GetITStatus), (28 bytes).
    Removing mdr32fxqi_adc.o(i.ADC_GetStatus), (20 bytes).
    Removing mdr32fxqi_adc.o(i.ADC_ITConfig), (52 bytes).
    Removing mdr32fxqi_adc.o(i.ADC_SetTrim), (24 bytes).
    Removing mdr32fxqi_adc.o(i.ADC_StructInit), (18 bytes).
    Removing mdr32fxqi_adc.o(i.ADCx_StructInit), (28 bytes).
    Removing mdr32fxqi_comp.o(.rev16_text), (4 bytes).
    Removing mdr32fxqi_comp.o(.revsh_text), (4 bytes).
    Removing mdr32fxqi_comp.o(.rrx_text), (6 bytes).
    Removing mdr32fxqi_comp.o(i.COMP_CVRefCmd), (28 bytes).
    Removing mdr32fxqi_comp.o(i.COMP_CVRefInit), (28 bytes).
    Removing mdr32fxqi_comp.o(i.COMP_CVRefScaleConfig), (20 bytes).
    Removing mdr32fxqi_comp.o(i.COMP_CVRefSourceConfig), (20 bytes).
    Removing mdr32fxqi_comp.o(i.COMP_CVRefStructInit), (8 bytes).
    Removing mdr32fxqi_comp.o(i.COMP_Cmd), (28 bytes).
    Removing mdr32fxqi_comp.o(i.COMP_DeInit), (16 bytes).
    Removing mdr32fxqi_comp.o(i.COMP_GetCfgFlagStatus), (24 bytes).
    Removing mdr32fxqi_comp.o(i.COMP_GetFlagStatus), (22 bytes).
    Removing mdr32fxqi_comp.o(i.COMP_GetResultLatch), (12 bytes).
    Removing mdr32fxqi_comp.o(i.COMP_GetStatus), (12 bytes).
    Removing mdr32fxqi_comp.o(i.COMP_ITConfig), (28 bytes).
    Removing mdr32fxqi_comp.o(i.COMP_Init), (32 bytes).
    Removing mdr32fxqi_comp.o(i.COMP_MInpSourceConfig), (20 bytes).
    Removing mdr32fxqi_comp.o(i.COMP_OutInversionConfig), (20 bytes).
    Removing mdr32fxqi_comp.o(i.COMP_PInpSourceConfig), (20 bytes).
    Removing mdr32fxqi_comp.o(i.COMP_StructInit), (10 bytes).
    Removing mdr32fxqi_dac.o(.rev16_text), (4 bytes).
    Removing mdr32fxqi_dac.o(.revsh_text), (4 bytes).
    Removing mdr32fxqi_dac.o(.rrx_text), (6 bytes).
    Removing mdr32fxqi_dac.o(i.DAC1_Cmd), (28 bytes).
    Removing mdr32fxqi_dac.o(i.DAC1_GetData), (12 bytes).
    Removing mdr32fxqi_dac.o(i.DAC1_Init), (20 bytes).
    Removing mdr32fxqi_dac.o(i.DAC1_SetData), (12 bytes).
    Removing mdr32fxqi_dac.o(i.DAC2_GetData), (12 bytes).
    Removing mdr32fxqi_dac.o(i.DAC_DeInit), (16 bytes).
    Removing mdr32fxqi_dac.o(i.DAC_Init), (28 bytes).
    Removing mdr32fxqi_dma.o(.rev16_text), (4 bytes).
    Removing mdr32fxqi_dma.o(.revsh_text), (4 bytes).
    Removing mdr32fxqi_dma.o(.rrx_text), (6 bytes).
    Removing mdr32fxqi_dma.o(i.DMA_ClearError), (12 bytes).
    Removing mdr32fxqi_dma.o(i.DMA_Cmd), (28 bytes).
    Removing mdr32fxqi_dma.o(i.DMA_CtrlDataInit), (108 bytes).
    Removing mdr32fxqi_dma.o(i.DMA_CtrlInit), (52 bytes).
    Removing mdr32fxqi_dma.o(i.DMA_DeInit), (68 bytes).
    Removing mdr32fxqi_dma.o(i.DMA_GetCurrTransferCounter), (40 bytes).
    Removing mdr32fxqi_dma.o(i.DMA_GetFlagStatus), (172 bytes).
    Removing mdr32fxqi_dma.o(i.DMA_Init), (148 bytes).
    Removing mdr32fxqi_dma.o(i.DMA_Request), (16 bytes).
    Removing mdr32fxqi_dma.o(i.DMA_SG_CtrlInit), (20 bytes).
    Removing mdr32fxqi_dma.o(i.DMA_SG_Init), (164 bytes).
    Removing mdr32fxqi_dma.o(i.DMA_SG_StructInit), (18 bytes).
    Removing mdr32fxqi_dma.o(i.DMA_StructInit), (16 bytes).
    Removing mdr32fxqi_dma.o(.bss), (1024 bytes).
    Removing mdr32fxqi_i2c.o(.rev16_text), (4 bytes).
    Removing mdr32fxqi_i2c.o(.revsh_text), (4 bytes).
    Removing mdr32fxqi_i2c.o(.rrx_text), (6 bytes).
    Removing mdr32fxqi_i2c.o(i.I2C_ClearITPendingBit), (20 bytes).
    Removing mdr32fxqi_i2c.o(i.I2C_GetFlagStatus), (22 bytes).
    Removing mdr32fxqi_i2c.o(i.I2C_GetITStatus), (24 bytes).
    Removing mdr32fxqi_i2c.o(i.I2C_ITConfig), (28 bytes).
    Removing mdr32fxqi_i2c.o(i.I2C_StructInit), (10 bytes).
    Removing mdr32fxqi_iwdg.o(.rev16_text), (4 bytes).
    Removing mdr32fxqi_iwdg.o(.revsh_text), (4 bytes).
    Removing mdr32fxqi_iwdg.o(.rrx_text), (6 bytes).
    Removing mdr32fxqi_iwdg.o(i.IWDG_Enable), (16 bytes).
    Removing mdr32fxqi_iwdg.o(i.IWDG_GetFlagStatus), (24 bytes).
    Removing mdr32fxqi_iwdg.o(i.IWDG_GetPrescaler), (12 bytes).
    Removing mdr32fxqi_iwdg.o(i.IWDG_GetReload), (16 bytes).
    Removing mdr32fxqi_iwdg.o(i.IWDG_ReloadCounter), (16 bytes).
    Removing mdr32fxqi_iwdg.o(i.IWDG_SetPrescaler), (12 bytes).
    Removing mdr32fxqi_iwdg.o(i.IWDG_SetReload), (12 bytes).
    Removing mdr32fxqi_iwdg.o(i.IWDG_WriteAccessDisable), (12 bytes).
    Removing mdr32fxqi_iwdg.o(i.IWDG_WriteAccessEnable), (16 bytes).
    Removing mdr32fxqi_port.o(.rev16_text), (4 bytes).
    Removing mdr32fxqi_port.o(.revsh_text), (4 bytes).
    Removing mdr32fxqi_port.o(.rrx_text), (6 bytes).
    Removing mdr32fxqi_port.o(i.PORT_DeInit), (20 bytes).
    Removing mdr32fxqi_port.o(i.PORT_Write), (24 bytes).
    Removing mdr32fxqi_port.o(i.PORT_WriteBit), (52 bytes).
    Removing mdr32fxqi_power.o(.rev16_text), (4 bytes).
    Removing mdr32fxqi_power.o(.revsh_text), (4 bytes).
    Removing mdr32fxqi_power.o(.rrx_text), (6 bytes).
    Removing mdr32fxqi_power.o(i.POWER_ClearFlag), (16 bytes).
    Removing mdr32fxqi_power.o(i.POWER_DeInit), (12 bytes).
    Removing mdr32fxqi_power.o(i.POWER_GetFlagStatus), (24 bytes).
    Removing mdr32fxqi_power.o(i.POWER_PVBDlevelConfig), (28 bytes).
    Removing mdr32fxqi_power.o(i.POWER_PVD_INVconfig), (32 bytes).
    Removing mdr32fxqi_power.o(i.POWER_PVD_ITconfig), (32 bytes).
    Removing mdr32fxqi_power.o(i.POWER_PVDenable), (12 bytes).
    Removing mdr32fxqi_power.o(i.POWER_PVDlevelConfig), (28 bytes).
    Removing mdr32fxqi_rst_clk.o(.rev16_text), (4 bytes).
    Removing mdr32fxqi_rst_clk.o(.revsh_text), (4 bytes).
    Removing mdr32fxqi_rst_clk.o(.rrx_text), (6 bytes).
    Removing mdr32fxqi_rst_clk.o(i.RST_CLK_ADCclkEnable), (12 bytes).
    Removing mdr32fxqi_rst_clk.o(i.RST_CLK_ADCclkPrescaler), (24 bytes).
    Removing mdr32fxqi_rst_clk.o(i.RST_CLK_ADCclkSelection), (20 bytes).
    Removing mdr32fxqi_rst_clk.o(i.RST_CLK_CPUclkSelectionC1), (20 bytes).
    Removing mdr32fxqi_rst_clk.o(i.RST_CLK_DeInit), (44 bytes).
    Removing mdr32fxqi_rst_clk.o(i.RST_CLK_HSEclkPrescaler), (20 bytes).
    Removing mdr32fxqi_rst_clk.o(i.RST_CLK_HSIadjust), (24 bytes).
    Removing mdr32fxqi_rst_clk.o(i.RST_CLK_HSIclkPrescaler), (24 bytes).
    Removing mdr32fxqi_rst_clk.o(i.RST_CLK_HSIcmd), (12 bytes).
    Removing mdr32fxqi_rst_clk.o(i.RST_CLK_HSIstatus), (52 bytes).
    Removing mdr32fxqi_rst_clk.o(i.RST_CLK_LSEconfig), (60 bytes).
    Removing mdr32fxqi_rst_clk.o(i.RST_CLK_LSEstatus), (52 bytes).
    Removing mdr32fxqi_rst_clk.o(i.RST_CLK_LSIadjust), (24 bytes).
    Removing mdr32fxqi_rst_clk.o(i.RST_CLK_LSIcmd), (12 bytes).
    Removing mdr32fxqi_rst_clk.o(i.RST_CLK_LSIstatus), (52 bytes).
    Removing mdr32fxqi_rst_clk.o(i.RST_CLK_RTC_HSEclkEnable), (12 bytes).
    Removing mdr32fxqi_rst_clk.o(i.RST_CLK_RTC_HSIclkEnable), (12 bytes).
    Removing mdr32fxqi_rst_clk.o(i.RST_CLK_USB_PLLcmd), (12 bytes).
    Removing mdr32fxqi_rst_clk.o(i.RST_CLK_USB_PLLconfig), (64 bytes).
    Removing mdr32fxqi_rst_clk.o(i.RST_CLK_USB_PLLstatus), (52 bytes).
    Removing mdr32fxqi_rst_clk.o(i.RST_CLK_USB_PLLuse), (12 bytes).
    Removing mdr32fxqi_rst_clk.o(i.RST_CLK_USBclkEnable), (12 bytes).
    Removing mdr32fxqi_rst_clk.o(i.RST_CLK_USBclkPrescaler), (12 bytes).
    Removing mdr32fxqi_rst_clk.o(i.RST_CLK_WarmDeInit), (116 bytes).
    Removing mdr32fxqi_ssp.o(.rev16_text), (4 bytes).
    Removing mdr32fxqi_ssp.o(.revsh_text), (4 bytes).
    Removing mdr32fxqi_ssp.o(.rrx_text), (6 bytes).
    Removing mdr32fxqi_ssp.o(i.SSP_BRGInit), (60 bytes).
    Removing mdr32fxqi_ssp.o(i.SSP_ClearITPendingBit), (8 bytes).
    Removing mdr32fxqi_ssp.o(i.SSP_Cmd), (24 bytes).
    Removing mdr32fxqi_ssp.o(i.SSP_DMACmd), (24 bytes).
    Removing mdr32fxqi_ssp.o(i.SSP_DeInit), (18 bytes).
    Removing mdr32fxqi_ssp.o(i.SSP_GetFlagStatus), (16 bytes).
    Removing mdr32fxqi_ssp.o(i.SSP_GetITStatus), (16 bytes).
    Removing mdr32fxqi_ssp.o(i.SSP_GetITStatusMasked), (16 bytes).
    Removing mdr32fxqi_ssp.o(i.SSP_ITConfig), (18 bytes).
    Removing mdr32fxqi_ssp.o(i.SSP_Init), (38 bytes).
    Removing mdr32fxqi_ssp.o(i.SSP_ReceiveData), (8 bytes).
    Removing mdr32fxqi_ssp.o(i.SSP_SendData), (4 bytes).
    Removing mdr32fxqi_ssp.o(i.SSP_StructInit), (28 bytes).
    Removing mdr32fxqi_timer.o(.rev16_text), (4 bytes).
    Removing mdr32fxqi_timer.o(.revsh_text), (4 bytes).
    Removing mdr32fxqi_timer.o(.rrx_text), (6 bytes).
    Removing mdr32fxqi_timer.o(i.TIMER_BRKPolarityConfig), (14 bytes).
    Removing mdr32fxqi_timer.o(i.TIMER_ChnBRKResetConfig), (24 bytes).
    Removing mdr32fxqi_timer.o(i.TIMER_ChnCCR1_Cmd), (30 bytes).
    Removing mdr32fxqi_timer.o(i.TIMER_ChnCCR1_EventSourceConfig), (24 bytes).
    Removing mdr32fxqi_timer.o(i.TIMER_ChnCapturePrescalerConfig), (26 bytes).
    Removing mdr32fxqi_timer.o(i.TIMER_ChnCompare1Config), (32 bytes).
    Removing mdr32fxqi_timer.o(i.TIMER_ChnCompareConfig), (32 bytes).
    Removing mdr32fxqi_timer.o(i.TIMER_ChnETRResetConfig), (24 bytes).
    Removing mdr32fxqi_timer.o(i.TIMER_ChnETR_Cmd), (30 bytes).
    Removing mdr32fxqi_timer.o(i.TIMER_ChnEventSourceConfig), (24 bytes).
    Removing mdr32fxqi_timer.o(i.TIMER_ChnFilterConfig), (24 bytes).
    Removing mdr32fxqi_timer.o(i.TIMER_ChnInit), (70 bytes).
    Removing mdr32fxqi_timer.o(i.TIMER_ChnNOutConfig), (36 bytes).
    Removing mdr32fxqi_timer.o(i.TIMER_ChnNOutModeConfig), (26 bytes).
    Removing mdr32fxqi_timer.o(i.TIMER_ChnNOutPolarityConfig), (26 bytes).
    Removing mdr32fxqi_timer.o(i.TIMER_ChnNOutSourceConfig), (26 bytes).
    Removing mdr32fxqi_timer.o(i.TIMER_ChnOutConfig), (34 bytes).
    Removing mdr32fxqi_timer.o(i.TIMER_ChnOutDTGConfig), (20 bytes).
    Removing mdr32fxqi_timer.o(i.TIMER_ChnOutInit), (66 bytes).
    Removing mdr32fxqi_timer.o(i.TIMER_ChnOutModeConfig), (24 bytes).
    Removing mdr32fxqi_timer.o(i.TIMER_ChnOutPolarityConfig), (26 bytes).
    Removing mdr32fxqi_timer.o(i.TIMER_ChnOutSourceConfig), (26 bytes).
    Removing mdr32fxqi_timer.o(i.TIMER_ChnOutStructInit), (22 bytes).
    Removing mdr32fxqi_timer.o(i.TIMER_ChnREFFormatConfig), (24 bytes).
    Removing mdr32fxqi_timer.o(i.TIMER_ChnStructInit), (28 bytes).
    Removing mdr32fxqi_timer.o(i.TIMER_CntAutoreloadConfig), (18 bytes).
    Removing mdr32fxqi_timer.o(i.TIMER_CntEventSourceConfig), (14 bytes).
    Removing mdr32fxqi_timer.o(i.TIMER_CounterModeConfig), (14 bytes).
    Removing mdr32fxqi_timer.o(i.TIMER_DMACmd), (18 bytes).
    Removing mdr32fxqi_timer.o(i.TIMER_ETRFilterConfig), (16 bytes).
    Removing mdr32fxqi_timer.o(i.TIMER_ETRInputConfig), (22 bytes).
    Removing mdr32fxqi_timer.o(i.TIMER_ETRPolarityConfig), (14 bytes).
    Removing mdr32fxqi_timer.o(i.TIMER_ETRPrescalerConfig), (14 bytes).
    Removing mdr32fxqi_timer.o(i.TIMER_FilterSamplingConfig), (14 bytes).
    Removing mdr32fxqi_timer.o(i.TIMER_GetChnCapture), (18 bytes).
    Removing mdr32fxqi_timer.o(i.TIMER_GetChnCapture1), (18 bytes).
    Removing mdr32fxqi_timer.o(i.TIMER_GetChnWriteComplete), (28 bytes).
    Removing mdr32fxqi_timer.o(i.TIMER_GetCntAutoreload), (8 bytes).
    Removing mdr32fxqi_timer.o(i.TIMER_GetCntPrescaler), (8 bytes).
    Removing mdr32fxqi_timer.o(i.TIMER_GetCntWriteComplete), (18 bytes).
    Removing mdr32fxqi_timer.o(i.TIMER_GetCounter), (8 bytes).
    Removing mdr32fxqi_timer.o(i.TIMER_GetCounterDirection), (18 bytes).
    Removing mdr32fxqi_timer.o(i.TIMER_GetFlagStatus), (16 bytes).
    Removing mdr32fxqi_timer.o(i.TIMER_GetITStatus), (24 bytes).
    Removing mdr32fxqi_timer.o(i.TIMER_GetStatus), (6 bytes).
    Removing mdr32fxqi_timer.o(i.TIMER_SetChnCompare), (14 bytes).
    Removing mdr32fxqi_timer.o(i.TIMER_SetChnCompare1), (14 bytes).
    Removing mdr32fxqi_timer.o(i.TIMER_SetCntAutoreload), (4 bytes).
    Removing mdr32fxqi_timer.o(i.TIMER_SetCntPrescaler), (4 bytes).
    Removing mdr32fxqi_timer.o(i.TIMER_SetCounter), (4 bytes).
    Removing mdr32fxqi_timer.o(i.TIMER_SetCounterDirection), (14 bytes).
    Removing mdr32fxqi_uart.o(.rev16_text), (4 bytes).
    Removing mdr32fxqi_uart.o(.revsh_text), (4 bytes).
    Removing mdr32fxqi_uart.o(.rrx_text), (6 bytes).
    Removing mdr32fxqi_uart.o(i.UART_BreakLine), (24 bytes).
    Removing mdr32fxqi_uart.o(i.UART_DMACmd), (24 bytes).
    Removing mdr32fxqi_uart.o(i.UART_DMAConfig), (8 bytes).
    Removing mdr32fxqi_uart.o(i.UART_DeInit), (38 bytes).
    Removing mdr32fxqi_uart.o(i.UART_GetFlagStatus), (16 bytes).
    Removing mdr32fxqi_uart.o(i.UART_GetITStatus), (18 bytes).
    Removing mdr32fxqi_uart.o(i.UART_IrDACmd), (24 bytes).
    Removing mdr32fxqi_uart.o(i.UART_IrDAConfig), (40 bytes).
    Removing mdr32fxqi_uart.o(i.UART_SendData), (4 bytes).
    Removing mdr32fxqi_uart.o(i.UART_StructInit), (24 bytes).
    Removing mdr32fxqi_wwdg.o(.rev16_text), (4 bytes).
    Removing mdr32fxqi_wwdg.o(.revsh_text), (4 bytes).
    Removing mdr32fxqi_wwdg.o(.rrx_text), (6 bytes).
    Removing mdr32fxqi_wwdg.o(i.WWDG_ClearFlag), (12 bytes).
    Removing mdr32fxqi_wwdg.o(i.WWDG_DeInit), (16 bytes).
    Removing mdr32fxqi_wwdg.o(i.WWDG_Enable), (16 bytes).
    Removing mdr32fxqi_wwdg.o(i.WWDG_EnableIT), (12 bytes).
    Removing mdr32fxqi_wwdg.o(i.WWDG_GetCounter), (16 bytes).
    Removing mdr32fxqi_wwdg.o(i.WWDG_GetFlagStatus), (12 bytes).
    Removing mdr32fxqi_wwdg.o(i.WWDG_GetPrescaler), (16 bytes).
    Removing mdr32fxqi_wwdg.o(i.WWDG_GetWindowValue), (16 bytes).
    Removing mdr32fxqi_wwdg.o(i.WWDG_SetCounter), (16 bytes).
    Removing mdr32fxqi_wwdg.o(i.WWDG_SetPrescaler), (20 bytes).
    Removing mdr32fxqi_wwdg.o(i.WWDG_SetWindowValue), (40 bytes).

279 unused section(s) (total 7836 bytes) removed from the image.

==============================================================================

Image Symbol Table

    Local Symbols

    Symbol Name                              Value     Ov Type        Size  Object(Section)

    ../clib/microlib/init/entry.s            0x00000000   Number         0  entry9a.o ABSOLUTE
    ../clib/microlib/init/entry.s            0x00000000   Number         0  entry11a.o ABSOLUTE
    ../clib/microlib/init/entry.s            0x00000000   Number         0  entry10b.o ABSOLUTE
    ../clib/microlib/init/entry.s            0x00000000   Number         0  entry10a.o ABSOLUTE
    ../clib/microlib/init/entry.s            0x00000000   Number         0  entry.o ABSOLUTE
    ../clib/microlib/init/entry.s            0x00000000   Number         0  entry2.o ABSOLUTE
    ../clib/microlib/init/entry.s            0x00000000   Number         0  entry8b.o ABSOLUTE
    ../clib/microlib/init/entry.s            0x00000000   Number         0  entry8a.o ABSOLUTE
    ../clib/microlib/init/entry.s            0x00000000   Number         0  entry9b.o ABSOLUTE
    ../clib/microlib/init/entry.s            0x00000000   Number         0  entry7b.o ABSOLUTE
    ../clib/microlib/init/entry.s            0x00000000   Number         0  entry5.o ABSOLUTE
    ../clib/microlib/init/entry.s            0x00000000   Number         0  entry7a.o ABSOLUTE
    ../clib/microlib/init/entry.s            0x00000000   Number         0  entry11b.o ABSOLUTE
    ../clib/microlib/longlong.c              0x00000000   Number         0  llushr.o ABSOLUTE
    ../clib/microlib/longlong.c              0x00000000   Number         0  llsshr.o ABSOLUTE
    ../clib/microlib/longlong.c              0x00000000   Number         0  llshl.o ABSOLUTE
    ../clib/microlib/malloc/malloc.c         0x00000000   Number         0  mallocr.o ABSOLUTE
    ../clib/microlib/malloc/malloc.c         0x00000000   Number         0  malloc.o ABSOLUTE
    ../clib/microlib/malloc/malloc.c         0x00000000   Number         0  malloca.o ABSOLUTE
    ../clib/microlib/malloc/malloc.c         0x00000000   Number         0  mallocra.o ABSOLUTE
    ../clib/microlib/malloc/mvars.c          0x00000000   Number         0  mvars.o ABSOLUTE
    ../clib/microlib/string/memcpy.c         0x00000000   Number         0  memcpya.o ABSOLUTE
    ../clib/microlib/string/memcpy.c         0x00000000   Number         0  memcpyb.o ABSOLUTE
    ../clib/microlib/stubs.s                 0x00000000   Number         0  iusefp.o ABSOLUTE
    ../fplib/microlib/d2f.c                  0x00000000   Number         0  d2f.o ABSOLUTE
    ../fplib/microlib/f2d.c                  0x00000000   Number         0  f2d.o ABSOLUTE
    ../fplib/microlib/fpadd.c                0x00000000   Number         0  dadd.o ABSOLUTE
    ../fplib/microlib/fpadd.c                0x00000000   Number         0  fadd.o ABSOLUTE
    ../fplib/microlib/fpdiv.c                0x00000000   Number         0  ddiv.o ABSOLUTE
    ../fplib/microlib/fpdiv.c                0x00000000   Number         0  fdiv.o ABSOLUTE
    ../fplib/microlib/fpepilogue.c           0x00000000   Number         0  depilogue.o ABSOLUTE
    ../fplib/microlib/fpepilogue.c           0x00000000   Number         0  fepilogue.o ABSOLUTE
    ../fplib/microlib/fpflt.c                0x00000000   Number         0  fflti.o ABSOLUTE
    ../fplib/microlib/fpflt.c                0x00000000   Number         0  ffltui.o ABSOLUTE
    ../fplib/microlib/fpflt.c                0x00000000   Number         0  dfltui.o ABSOLUTE
    ../fplib/microlib/fpflt.c                0x00000000   Number         0  dflti.o ABSOLUTE
    ../fplib/microlib/fpmul.c                0x00000000   Number         0  dmul.o ABSOLUTE
    ../fplib/microlib/fpmul.c                0x00000000   Number         0  fmul.o ABSOLUTE
    C:\Arm\Packs\Milandr\MDR32FxQI\1.0\Libraries\SPL\MDR32FxQI\src\MDR32FxQI_adc.c 0x00000000   Number         0  mdr32fxqi_adc.o ABSOLUTE
    C:\Arm\Packs\Milandr\MDR32FxQI\1.0\Libraries\SPL\MDR32FxQI\src\MDR32FxQI_comp.c 0x00000000   Number         0  mdr32fxqi_comp.o ABSOLUTE
    C:\Arm\Packs\Milandr\MDR32FxQI\1.0\Libraries\SPL\MDR32FxQI\src\MDR32FxQI_dac.c 0x00000000   Number         0  mdr32fxqi_dac.o ABSOLUTE
    C:\Arm\Packs\Milandr\MDR32FxQI\1.0\Libraries\SPL\MDR32FxQI\src\MDR32FxQI_dma.c 0x00000000   Number         0  mdr32fxqi_dma.o ABSOLUTE
    C:\Arm\Packs\Milandr\MDR32FxQI\1.0\Libraries\SPL\MDR32FxQI\src\MDR32FxQI_i2c.c 0x00000000   Number         0  mdr32fxqi_i2c.o ABSOLUTE
    C:\Arm\Packs\Milandr\MDR32FxQI\1.0\Libraries\SPL\MDR32FxQI\src\MDR32FxQI_iwdg.c 0x00000000   Number         0  mdr32fxqi_iwdg.o ABSOLUTE
    C:\Arm\Packs\Milandr\MDR32FxQI\1.0\Libraries\SPL\MDR32FxQI\src\MDR32FxQI_port.c 0x00000000   Number         0  mdr32fxqi_port.o ABSOLUTE
    C:\Arm\Packs\Milandr\MDR32FxQI\1.0\Libraries\SPL\MDR32FxQI\src\MDR32FxQI_power.c 0x00000000   Number         0  mdr32fxqi_power.o ABSOLUTE
    C:\Arm\Packs\Milandr\MDR32FxQI\1.0\Libraries\SPL\MDR32FxQI\src\MDR32FxQI_rst_clk.c 0x00000000   Number         0  mdr32fxqi_rst_clk.o ABSOLUTE
    C:\Arm\Packs\Milandr\MDR32FxQI\1.0\Libraries\SPL\MDR32FxQI\src\MDR32FxQI_ssp.c 0x00000000   Number         0  mdr32fxqi_ssp.o ABSOLUTE
    C:\Arm\Packs\Milandr\MDR32FxQI\1.0\Libraries\SPL\MDR32FxQI\src\MDR32FxQI_timer.c 0x00000000   Number         0  mdr32fxqi_timer.o ABSOLUTE
    C:\Arm\Packs\Milandr\MDR32FxQI\1.0\Libraries\SPL\MDR32FxQI\src\MDR32FxQI_uart.c 0x00000000   Number         0  mdr32fxqi_uart.o ABSOLUTE
    C:\Arm\Packs\Milandr\MDR32FxQI\1.0\Libraries\SPL\MDR32FxQI\src\MDR32FxQI_wwdg.c 0x00000000   Number         0  mdr32fxqi_wwdg.o ABSOLUTE
    C:\\Arm\\Packs\\Milandr\\MDR32FxQI\\1.0\\Libraries\\SPL\\MDR32FxQI\\src\\MDR32FxQI_adc.c 0x00000000   Number         0  mdr32fxqi_adc.o ABSOLUTE
    C:\\Arm\\Packs\\Milandr\\MDR32FxQI\\1.0\\Libraries\\SPL\\MDR32FxQI\\src\\MDR32FxQI_comp.c 0x00000000   Number         0  mdr32fxqi_comp.o ABSOLUTE
    C:\\Arm\\Packs\\Milandr\\MDR32FxQI\\1.0\\Libraries\\SPL\\MDR32FxQI\\src\\MDR32FxQI_dac.c 0x00000000   Number         0  mdr32fxqi_dac.o ABSOLUTE
    C:\\Arm\\Packs\\Milandr\\MDR32FxQI\\1.0\\Libraries\\SPL\\MDR32FxQI\\src\\MDR32FxQI_dma.c 0x00000000   Number         0  mdr32fxqi_dma.o ABSOLUTE
    C:\\Arm\\Packs\\Milandr\\MDR32FxQI\\1.0\\Libraries\\SPL\\MDR32FxQI\\src\\MDR32FxQI_i2c.c 0x00000000   Number         0  mdr32fxqi_i2c.o ABSOLUTE
    C:\\Arm\\Packs\\Milandr\\MDR32FxQI\\1.0\\Libraries\\SPL\\MDR32FxQI\\src\\MDR32FxQI_iwdg.c 0x00000000   Number         0  mdr32fxqi_iwdg.o ABSOLUTE
    C:\\Arm\\Packs\\Milandr\\MDR32FxQI\\1.0\\Libraries\\SPL\\MDR32FxQI\\src\\MDR32FxQI_port.c 0x00000000   Number         0  mdr32fxqi_port.o ABSOLUTE
    C:\\Arm\\Packs\\Milandr\\MDR32FxQI\\1.0\\Libraries\\SPL\\MDR32FxQI\\src\\MDR32FxQI_power.c 0x00000000   Number         0  mdr32fxqi_power.o ABSOLUTE
    C:\\Arm\\Packs\\Milandr\\MDR32FxQI\\1.0\\Libraries\\SPL\\MDR32FxQI\\src\\MDR32FxQI_rst_clk.c 0x00000000   Number         0  mdr32fxqi_rst_clk.o ABSOLUTE
    C:\\Arm\\Packs\\Milandr\\MDR32FxQI\\1.0\\Libraries\\SPL\\MDR32FxQI\\src\\MDR32FxQI_ssp.c 0x00000000   Number         0  mdr32fxqi_ssp.o ABSOLUTE
    C:\\Arm\\Packs\\Milandr\\MDR32FxQI\\1.0\\Libraries\\SPL\\MDR32FxQI\\src\\MDR32FxQI_timer.c 0x00000000   Number         0  mdr32fxqi_timer.o ABSOLUTE
    C:\\Arm\\Packs\\Milandr\\MDR32FxQI\\1.0\\Libraries\\SPL\\MDR32FxQI\\src\\MDR32FxQI_uart.c 0x00000000   Number         0  mdr32fxqi_uart.o ABSOLUTE
    C:\\Arm\\Packs\\Milandr\\MDR32FxQI\\1.0\\Libraries\\SPL\\MDR32FxQI\\src\\MDR32FxQI_wwdg.c 0x00000000   Number         0  mdr32fxqi_wwdg.o ABSOLUTE
    Function.c                               0x00000000   Number         0  function.o ABSOLUTE
    Function.c                               0x00000000   Number         0  function.o ABSOLUTE
    Global_Var.c                             0x00000000   Number         0  global_var.o ABSOLUTE
    Global_Var.c                             0x00000000   Number         0  global_var.o ABSOLUTE
    I2C_interface.c                          0x00000000   Number         0  i2c_interface.o ABSOLUTE
    I2C_interface.c                          0x00000000   Number         0  i2c_interface.o ABSOLUTE
    Initialization.c                         0x00000000   Number         0  initialization.o ABSOLUTE
    Initialization.c                         0x00000000   Number         0  initialization.o ABSOLUTE
    Interrupts.c                             0x00000000   Number         0  interrupts.o ABSOLUTE
    Interrupts.c                             0x00000000   Number         0  interrupts.o ABSOLUTE
    RS485_interface.c                        0x00000000   Number         0  rs485_interface.o ABSOLUTE
    RS485_interface.c                        0x00000000   Number         0  rs485_interface.o ABSOLUTE
    RTE\Device\MDR32F9Q2I\startup_MDR32F9Q2I.S 0x00000000   Number         0  startup_mdr32f9q2i.o ABSOLUTE
    RTE\Device\MDR32F9Q2I\system_MDR32F9Q2I.c 0x00000000   Number         0  system_mdr32f9q2i.o ABSOLUTE
    RTE\\Device\\MDR32F9Q2I\\system_MDR32F9Q2I.c 0x00000000   Number         0  system_mdr32f9q2i.o ABSOLUTE
    cdcmple.s                                0x00000000   Number         0  cdcmple.o ABSOLUTE
    cdrcmple.s                               0x00000000   Number         0  cdrcmple.o ABSOLUTE
    cfcmple.s                                0x00000000   Number         0  cfcmple.o ABSOLUTE
    cfrcmple.s                               0x00000000   Number         0  cfrcmple.o ABSOLUTE
    dc.s                                     0x00000000   Number         0  dc.o ABSOLUTE
    handlers.s                               0x00000000   Number         0  handlers.o ABSOLUTE
    init.s                                   0x00000000   Number         0  init.o ABSOLUTE
    main.c                                   0x00000000   Number         0  main.o ABSOLUTE
    main.c                                   0x00000000   Number         0  main.o ABSOLUTE
    RESET                                    0x08000000   Section      192  startup_mdr32f9q2i.o(RESET)
    .ARM.Collect$$$$00000000                 0x080000c0   Section        0  entry.o(.ARM.Collect$$$$00000000)
    .ARM.Collect$$$$00000001                 0x080000c0   Section        4  entry2.o(.ARM.Collect$$$$00000001)
    .ARM.Collect$$$$00000004                 0x080000c4   Section        4  entry5.o(.ARM.Collect$$$$00000004)
    .ARM.Collect$$$$00000008                 0x080000c8   Section        0  entry7b.o(.ARM.Collect$$$$00000008)
    .ARM.Collect$$$$0000000A                 0x080000c8   Section        0  entry8b.o(.ARM.Collect$$$$0000000A)
    .ARM.Collect$$$$0000000B                 0x080000c8   Section        8  entry9a.o(.ARM.Collect$$$$0000000B)
    .ARM.Collect$$$$0000000D                 0x080000d0   Section        0  entry10a.o(.ARM.Collect$$$$0000000D)
    .ARM.Collect$$$$0000000F                 0x080000d0   Section        0  entry11a.o(.ARM.Collect$$$$0000000F)
    .ARM.Collect$$$$00002712                 0x080000d0   Section        4  entry2.o(.ARM.Collect$$$$00002712)
    __lit__00000000                          0x080000d0   Data           4  entry2.o(.ARM.Collect$$$$00002712)
    .text                                    0x080000d4   Section       36  startup_mdr32f9q2i.o(.text)
    .text                                    0x080000f8   Section        0  fadd.o(.text)
    .text                                    0x080001a8   Section        0  fmul.o(.text)
    .text                                    0x0800020c   Section        0  fdiv.o(.text)
    .text                                    0x08000288   Section        0  dadd.o(.text)
    .text                                    0x080003d6   Section        0  dmul.o(.text)
    .text                                    0x080004ba   Section        0  ddiv.o(.text)
    .text                                    0x08000598   Section        0  fflti.o(.text)
    .text                                    0x080005aa   Section        0  ffltui.o(.text)
    .text                                    0x080005b4   Section        0  dflti.o(.text)
    .text                                    0x080005d6   Section        0  dfltui.o(.text)
    .text                                    0x080005f0   Section        0  f2d.o(.text)
    .text                                    0x08000618   Section       48  cdcmple.o(.text)
    .text                                    0x08000648   Section       48  cdrcmple.o(.text)
    .text                                    0x08000678   Section        0  d2f.o(.text)
    .text                                    0x080006b0   Section       20  cfcmple.o(.text)
    .text                                    0x080006c4   Section       20  cfrcmple.o(.text)
    .text                                    0x080006d8   Section        0  llshl.o(.text)
    .text                                    0x080006f6   Section        0  llsshr.o(.text)
    .text                                    0x0800071a   Section        0  iusefp.o(.text)
    .text                                    0x0800071a   Section        0  fepilogue.o(.text)
    .text                                    0x08000788   Section        0  depilogue.o(.text)
    .text                                    0x08000844   Section       36  init.o(.text)
    .text                                    0x08000868   Section        0  llushr.o(.text)
    i.ADC1_Cmd                               0x08000888   Section        0  mdr32fxqi_adc.o(i.ADC1_Cmd)
    i.ADC1_GetResult                         0x080008a4   Section        0  mdr32fxqi_adc.o(i.ADC1_GetResult)
    i.ADC1_GetStatus                         0x080008b0   Section        0  mdr32fxqi_adc.o(i.ADC1_GetStatus)
    i.ADC1_Init                              0x080008bc   Section        0  mdr32fxqi_adc.o(i.ADC1_Init)
    i.ADC1_Start                             0x08000918   Section        0  mdr32fxqi_adc.o(i.ADC1_Start)
    i.ADC_Calculate                          0x0800092c   Section        0  function.o(i.ADC_Calculate)
    i.ADC_Init                               0x08000a6c   Section        0  mdr32fxqi_adc.o(i.ADC_Init)
    i.Battery_Current_Stabilization          0x08000aac   Section        0  function.o(i.Battery_Current_Stabilization)
    i.Battery_Parameters                     0x08000c3c   Section        0  function.o(i.Battery_Parameters)
    i.CRC_Check                              0x08000dc4   Section        0  rs485_interface.o(i.CRC_Check)
    i.Calcutale_Battery_Level                0x08000e00   Section        0  function.o(i.Calcutale_Battery_Level)
    i.Check_Battery_Connect                  0x08000fd0   Section        0  function.o(i.Check_Battery_Connect)
    i.Check_OW_Presence                      0x08001084   Section        0  i2c_interface.o(i.Check_OW_Presence)
    i.Check_Status                           0x080010bc   Section        0  function.o(i.Check_Status)
    i.Choose_Current_Of_Charge_Mode          0x080019d4   Section        0  function.o(i.Choose_Current_Of_Charge_Mode)
    i.Counter_Handling                       0x08001ab4   Section        0  function.o(i.Counter_Handling)
    i.DAC2_Cmd                               0x08001adc   Section        0  mdr32fxqi_dac.o(i.DAC2_Cmd)
    i.DAC2_Init                              0x08001af8   Section        0  mdr32fxqi_dac.o(i.DAC2_Init)
    i.DAC2_SetData                           0x08001b0c   Section        0  mdr32fxqi_dac.o(i.DAC2_SetData)
    i.Handler_Temperature                    0x08001b18   Section        0  i2c_interface.o(i.Handler_Temperature)
    i.I2C_CheckEvent                         0x08001b88   Section        0  mdr32fxqi_i2c.o(i.I2C_CheckEvent)
    i.I2C_Cmd                                0x08001ba0   Section        0  mdr32fxqi_i2c.o(i.I2C_Cmd)
    i.I2C_DeInit                             0x08001bbc   Section        0  mdr32fxqi_i2c.o(i.I2C_DeInit)
    i.I2C_GetLastEvent                       0x08001bd4   Section        0  mdr32fxqi_i2c.o(i.I2C_GetLastEvent)
    i.I2C_GetReceivedData                    0x08001bec   Section        0  mdr32fxqi_i2c.o(i.I2C_GetReceivedData)
    i.I2C_Init                               0x08001bf8   Section        0  mdr32fxqi_i2c.o(i.I2C_Init)
    i.I2C_OW_Converter_Reset                 0x08001c24   Section        0  i2c_interface.o(i.I2C_OW_Converter_Reset)
    i.I2C_Read                               0x08001ca0   Section        0  i2c_interface.o(i.I2C_Read)
    i.I2C_Send7bitAddress                    0x08001df8   Section        0  mdr32fxqi_i2c.o(i.I2C_Send7bitAddress)
    i.I2C_SendByte                           0x08001e0c   Section        0  mdr32fxqi_i2c.o(i.I2C_SendByte)
    i.I2C_SendSTOP                           0x08001e1c   Section        0  mdr32fxqi_i2c.o(i.I2C_SendSTOP)
    i.I2C_StartReceiveData                   0x08001e28   Section        0  mdr32fxqi_i2c.o(i.I2C_StartReceiveData)
    i.Initialization                         0x08001e38   Section        0  initialization.o(i.Initialization)
    i.Led_Lighting                           0x08001e5c   Section        0  function.o(i.Led_Lighting)
    i.Mode_Of_Work                           0x08001ec8   Section        0  function.o(i.Mode_Of_Work)
    i.OW_Presence                            0x0800272c   Section        0  i2c_interface.o(i.OW_Presence)
    i.OW_Reset                               0x08002818   Section        0  i2c_interface.o(i.OW_Reset)
    i.OW_Write_Byte                          0x080028d4   Section        0  i2c_interface.o(i.OW_Write_Byte)
    i.PORT_Init                              0x08002980   Section        0  mdr32fxqi_port.o(i.PORT_Init)
    i.PORT_ReadInputData                     0x08002b48   Section        0  mdr32fxqi_port.o(i.PORT_ReadInputData)
    i.PORT_ReadInputDataBit                  0x08002b4e   Section        0  mdr32fxqi_port.o(i.PORT_ReadInputDataBit)
    i.PORT_ResetBits                         0x08002b60   Section        0  mdr32fxqi_port.o(i.PORT_ResetBits)
    i.PORT_SetBits                           0x08002b7c   Section        0  mdr32fxqi_port.o(i.PORT_SetBits)
    i.PORT_StructInit                        0x08002b98   Section        0  mdr32fxqi_port.o(i.PORT_StructInit)
    i.RS485_ReadData                         0x08002bb4   Section        0  rs485_interface.o(i.RS485_ReadData)
    i.RST_CLK_CPU_PLLcmd                     0x08002c40   Section        0  mdr32fxqi_rst_clk.o(i.RST_CLK_CPU_PLLcmd)
    i.RST_CLK_CPU_PLLconfig                  0x08002c4c   Section        0  mdr32fxqi_rst_clk.o(i.RST_CLK_CPU_PLLconfig)
    i.RST_CLK_CPU_PLLstatus                  0x08002c8c   Section        0  mdr32fxqi_rst_clk.o(i.RST_CLK_CPU_PLLstatus)
    i.RST_CLK_CPU_PLLuse                     0x08002cc0   Section        0  mdr32fxqi_rst_clk.o(i.RST_CLK_CPU_PLLuse)
    i.RST_CLK_CPUclkPrescaler                0x08002ccc   Section        0  mdr32fxqi_rst_clk.o(i.RST_CLK_CPUclkPrescaler)
    i.RST_CLK_CPUclkSelection                0x08002ce4   Section        0  mdr32fxqi_rst_clk.o(i.RST_CLK_CPUclkSelection)
    i.RST_CLK_GetClocksFreq                  0x08002cf8   Section        0  mdr32fxqi_rst_clk.o(i.RST_CLK_GetClocksFreq)
    i.RST_CLK_GetFlagStatus                  0x08002f6c   Section        0  mdr32fxqi_rst_clk.o(i.RST_CLK_GetFlagStatus)
    i.RST_CLK_HSEconfig                      0x08002fa0   Section        0  mdr32fxqi_rst_clk.o(i.RST_CLK_HSEconfig)
    i.RST_CLK_HSEstatus                      0x08002fdc   Section        0  mdr32fxqi_rst_clk.o(i.RST_CLK_HSEstatus)
    i.RST_CLK_PCLKcmd                        0x08003010   Section        0  mdr32fxqi_rst_clk.o(i.RST_CLK_PCLKcmd)
    i.Read_Temperature                       0x08003030   Section        0  i2c_interface.o(i.Read_Temperature)
    i.Rele_Status                            0x0800305c   Section        0  function.o(i.Rele_Status)
    i.Save_I2C_Recieved_Data                 0x080031b4   Section        0  i2c_interface.o(i.Save_I2C_Recieved_Data)
    i.Set_Battery_Voltage                    0x08003258   Section        0  function.o(i.Set_Battery_Voltage)
    i.SystemCoreClockUpdate                  0x080033f8   Section        0  system_mdr32f9q2i.o(i.SystemCoreClockUpdate)
    i.SystemInit                             0x08003488   Section        0  system_mdr32f9q2i.o(i.SystemInit)
    i.TIMER_BRGInit                          0x080034b0   Section        0  mdr32fxqi_timer.o(i.TIMER_BRGInit)
    i.TIMER_ClearFlag                        0x08003504   Section        0  mdr32fxqi_timer.o(i.TIMER_ClearFlag)
    i.TIMER_Cmd                              0x0800350a   Section        0  mdr32fxqi_timer.o(i.TIMER_Cmd)
    i.TIMER_CntInit                          0x0800351e   Section        0  mdr32fxqi_timer.o(i.TIMER_CntInit)
    i.TIMER_CntStructInit                    0x08003554   Section        0  mdr32fxqi_timer.o(i.TIMER_CntStructInit)
    i.TIMER_DeInit                           0x08003570   Section        0  mdr32fxqi_timer.o(i.TIMER_DeInit)
    i.TIMER_ITConfig                         0x080035b4   Section        0  mdr32fxqi_timer.o(i.TIMER_ITConfig)
    i.Timer1_IRQHandler                      0x080035c8   Section        0  interrupts.o(i.Timer1_IRQHandler)
    i.Type_Of_KAN_D                          0x08003860   Section        0  function.o(i.Type_Of_KAN_D)
    i.UART1_IRQHandler                       0x0800390c   Section        0  interrupts.o(i.UART1_IRQHandler)
    i.UART_BRGInit                           0x08003968   Section        0  mdr32fxqi_uart.o(i.UART_BRGInit)
    i.UART_ClearITPendingBit                 0x080039a4   Section        0  mdr32fxqi_uart.o(i.UART_ClearITPendingBit)
    i.UART_Cmd                               0x080039ac   Section        0  mdr32fxqi_uart.o(i.UART_Cmd)
    i.UART_GetITStatusMasked                 0x080039c4   Section        0  mdr32fxqi_uart.o(i.UART_GetITStatusMasked)
    i.UART_ITConfig                          0x080039d4   Section        0  mdr32fxqi_uart.o(i.UART_ITConfig)
    i.UART_Init                              0x080039e8   Section        0  mdr32fxqi_uart.o(i.UART_Init)
    i.UART_ReceiveData                       0x08003a9c   Section        0  mdr32fxqi_uart.o(i.UART_ReceiveData)
    i.Warning_Handler                        0x08003aa4   Section        0  function.o(i.Warning_Handler)
    i.__NVIC_EnableIRQ                       0x08003ae0   Section        0  initialization.o(i.__NVIC_EnableIRQ)
    __NVIC_EnableIRQ                         0x08003ae1   Thumb Code    34  initialization.o(i.__NVIC_EnableIRQ)
    i.__scatterload_copy                     0x08003b02   Section       14  handlers.o(i.__scatterload_copy)
    i.__scatterload_null                     0x08003b10   Section        2  handlers.o(i.__scatterload_null)
    i.__scatterload_zeroinit                 0x08003b12   Section       14  handlers.o(i.__scatterload_zeroinit)
    i.adc_init                               0x08003b20   Section        0  initialization.o(i.adc_init)
    i.dac2_init                              0x08003bac   Section        0  initialization.o(i.dac2_init)
    i.delays                                 0x08003bec   Section        0  i2c_interface.o(i.delays)
    i.i2c_init                               0x08003c08   Section        0  initialization.o(i.i2c_init)
    i.main                                   0x08003c90   Section        0  main.o(i.main)
    i.port_init                              0x08003cec   Section        0  initialization.o(i.port_init)
    i.rst_clock_init                         0x08003de8   Section        0  initialization.o(i.rst_clock_init)
    i.struct_config                          0x08003e48   Section        0  initialization.o(i.struct_config)
    i.timer1_init                            0x080040bc   Section        0  initialization.o(i.timer1_init)
    i.uart1_init                             0x08004120   Section        0  initialization.o(i.uart1_init)
    .data                                    0x20000000   Section       37  global_var.o(.data)
    .data                                    0x20000028   Section        4  rs485_interface.o(.data)
    .data                                    0x2000002c   Section        4  system_mdr32f9q2i.o(.data)
    .bss                                     0x20000030   Section     1552  global_var.o(.bss)
    STACK                                    0x20000640   Section     1024  startup_mdr32f9q2i.o(STACK)

    Global Symbols

    Symbol Name                              Value     Ov Type        Size  Object(Section)

    BuildAttributes$$THM_ISAv4$P$D$K$B$S$PE$A:L22UL41UL21$X:L11$S22US41US21$IEEE1$IW$USESV6$~STKCKD$USESV7$~SHL$OTIME$ROPI$EBA8$MICROLIB$REQ8$PRES8$EABIv2 0x00000000   Number         0  anon$$obj.o ABSOLUTE
    __ARM_use_no_argv                        0x00000000   Number         0  main.o ABSOLUTE
    __cpp_initialize__aeabi_                  - Undefined Weak Reference
    __cxa_finalize                            - Undefined Weak Reference
    __decompress                              - Undefined Weak Reference
    _clock_init                               - Undefined Weak Reference
    _microlib_exit                            - Undefined Weak Reference
    __Vectors_Size                           0x000000c0   Number         0  startup_mdr32f9q2i.o ABSOLUTE
    __Vectors                                0x08000000   Data           4  startup_mdr32f9q2i.o(RESET)
    __Vectors_End                            0x080000c0   Data           0  startup_mdr32f9q2i.o(RESET)
    __main                                   0x080000c1   Thumb Code     0  entry.o(.ARM.Collect$$$$00000000)
    _main_stk                                0x080000c1   Thumb Code     0  entry2.o(.ARM.Collect$$$$00000001)
    _main_scatterload                        0x080000c5   Thumb Code     0  entry5.o(.ARM.Collect$$$$00000004)
    __main_after_scatterload                 0x080000c9   Thumb Code     0  entry5.o(.ARM.Collect$$$$00000004)
    _main_clock                              0x080000c9   Thumb Code     0  entry7b.o(.ARM.Collect$$$$00000008)
    _main_cpp_init                           0x080000c9   Thumb Code     0  entry8b.o(.ARM.Collect$$$$0000000A)
    _main_init                               0x080000c9   Thumb Code     0  entry9a.o(.ARM.Collect$$$$0000000B)
    __rt_final_cpp                           0x080000d1   Thumb Code     0  entry10a.o(.ARM.Collect$$$$0000000D)
    __rt_final_exit                          0x080000d1   Thumb Code     0  entry11a.o(.ARM.Collect$$$$0000000F)
    Reset_Handler                            0x080000d5   Thumb Code     8  startup_mdr32f9q2i.o(.text)
    NMI_Handler                              0x080000dd   Thumb Code     2  startup_mdr32f9q2i.o(.text)
    HardFault_Handler                        0x080000df   Thumb Code     2  startup_mdr32f9q2i.o(.text)
    MemManage_Handler                        0x080000e1   Thumb Code     2  startup_mdr32f9q2i.o(.text)
    BusFault_Handler                         0x080000e3   Thumb Code     2  startup_mdr32f9q2i.o(.text)
    UsageFault_Handler                       0x080000e5   Thumb Code     2  startup_mdr32f9q2i.o(.text)
    SVC_Handler                              0x080000e7   Thumb Code     2  startup_mdr32f9q2i.o(.text)
    DebugMon_Handler                         0x080000e9   Thumb Code     2  startup_mdr32f9q2i.o(.text)
    PendSV_Handler                           0x080000eb   Thumb Code     2  startup_mdr32f9q2i.o(.text)
    SysTick_Handler                          0x080000ed   Thumb Code     2  startup_mdr32f9q2i.o(.text)
    ADC_IRQHandler                           0x080000ef   Thumb Code     0  startup_mdr32f9q2i.o(.text)
    BACKUP_IRQHandler                        0x080000ef   Thumb Code     0  startup_mdr32f9q2i.o(.text)
    CAN1_IRQHandler                          0x080000ef   Thumb Code     0  startup_mdr32f9q2i.o(.text)
    CAN2_IRQHandler                          0x080000ef   Thumb Code     0  startup_mdr32f9q2i.o(.text)
    COMPARATOR_IRQHandler                    0x080000ef   Thumb Code     0  startup_mdr32f9q2i.o(.text)
    DMA_IRQHandler                           0x080000ef   Thumb Code     0  startup_mdr32f9q2i.o(.text)
    EXT_INT1_IRQHandler                      0x080000ef   Thumb Code     0  startup_mdr32f9q2i.o(.text)
    EXT_INT2_IRQHandler                      0x080000ef   Thumb Code     0  startup_mdr32f9q2i.o(.text)
    EXT_INT3_IRQHandler                      0x080000ef   Thumb Code     0  startup_mdr32f9q2i.o(.text)
    EXT_INT4_IRQHandler                      0x080000ef   Thumb Code     0  startup_mdr32f9q2i.o(.text)
    I2C_IRQHandler                           0x080000ef   Thumb Code     0  startup_mdr32f9q2i.o(.text)
    POWER_IRQHandler                         0x080000ef   Thumb Code     0  startup_mdr32f9q2i.o(.text)
    SSP1_IRQHandler                          0x080000ef   Thumb Code     0  startup_mdr32f9q2i.o(.text)
    SSP2_IRQHandler                          0x080000ef   Thumb Code     0  startup_mdr32f9q2i.o(.text)
    Timer2_IRQHandler                        0x080000ef   Thumb Code     0  startup_mdr32f9q2i.o(.text)
    Timer3_IRQHandler                        0x080000ef   Thumb Code     0  startup_mdr32f9q2i.o(.text)
    UART2_IRQHandler                         0x080000ef   Thumb Code     0  startup_mdr32f9q2i.o(.text)
    USB_IRQHandler                           0x080000ef   Thumb Code     0  startup_mdr32f9q2i.o(.text)
    WWDG_IRQHandler                          0x080000ef   Thumb Code     0  startup_mdr32f9q2i.o(.text)
    __aeabi_fadd                             0x080000f9   Thumb Code   164  fadd.o(.text)
    __aeabi_fsub                             0x0800019d   Thumb Code     6  fadd.o(.text)
    __aeabi_frsub                            0x080001a3   Thumb Code     6  fadd.o(.text)
    __aeabi_fmul                             0x080001a9   Thumb Code   100  fmul.o(.text)
    __aeabi_fdiv                             0x0800020d   Thumb Code   124  fdiv.o(.text)
    __aeabi_dadd                             0x08000289   Thumb Code   322  dadd.o(.text)
    __aeabi_dsub                             0x080003cb   Thumb Code     6  dadd.o(.text)
    __aeabi_drsub                            0x080003d1   Thumb Code     6  dadd.o(.text)
    __aeabi_dmul                             0x080003d7   Thumb Code   228  dmul.o(.text)
    __aeabi_ddiv                             0x080004bb   Thumb Code   222  ddiv.o(.text)
    __aeabi_i2f                              0x08000599   Thumb Code    18  fflti.o(.text)
    __aeabi_ui2f                             0x080005ab   Thumb Code    10  ffltui.o(.text)
    __aeabi_i2d                              0x080005b5   Thumb Code    34  dflti.o(.text)
    __aeabi_ui2d                             0x080005d7   Thumb Code    26  dfltui.o(.text)
    __aeabi_f2d                              0x080005f1   Thumb Code    38  f2d.o(.text)
    __aeabi_cdcmpeq                          0x08000619   Thumb Code     0  cdcmple.o(.text)
    __aeabi_cdcmple                          0x08000619   Thumb Code    48  cdcmple.o(.text)
    __aeabi_cdrcmple                         0x08000649   Thumb Code    48  cdrcmple.o(.text)
    __aeabi_d2f                              0x08000679   Thumb Code    56  d2f.o(.text)
    __aeabi_cfcmpeq                          0x080006b1   Thumb Code     0  cfcmple.o(.text)
    __aeabi_cfcmple                          0x080006b1   Thumb Code    20  cfcmple.o(.text)
    __aeabi_cfrcmple                         0x080006c5   Thumb Code    20  cfrcmple.o(.text)
    __aeabi_llsl                             0x080006d9   Thumb Code    30  llshl.o(.text)
    _ll_shift_l                              0x080006d9   Thumb Code     0  llshl.o(.text)
    __aeabi_lasr                             0x080006f7   Thumb Code    36  llsshr.o(.text)
    _ll_sshift_r                             0x080006f7   Thumb Code     0  llsshr.o(.text)
    __I$use$fp                               0x0800071b   Thumb Code     0  iusefp.o(.text)
    _float_round                             0x0800071b   Thumb Code    18  fepilogue.o(.text)
    _float_epilogue                          0x0800072d   Thumb Code    92  fepilogue.o(.text)
    _double_round                            0x08000789   Thumb Code    30  depilogue.o(.text)
    _double_epilogue                         0x080007a7   Thumb Code   156  depilogue.o(.text)
    __scatterload                            0x08000845   Thumb Code    28  init.o(.text)
    __scatterload_rt2                        0x08000845   Thumb Code     0  init.o(.text)
    __aeabi_llsr                             0x08000869   Thumb Code    32  llushr.o(.text)
    _ll_ushift_r                             0x08000869   Thumb Code     0  llushr.o(.text)
    ADC1_Cmd                                 0x08000889   Thumb Code    24  mdr32fxqi_adc.o(i.ADC1_Cmd)
    ADC1_GetResult                           0x080008a5   Thumb Code     6  mdr32fxqi_adc.o(i.ADC1_GetResult)
    ADC1_GetStatus                           0x080008b1   Thumb Code     6  mdr32fxqi_adc.o(i.ADC1_GetStatus)
    ADC1_Init                                0x080008bd   Thumb Code    82  mdr32fxqi_adc.o(i.ADC1_Init)
    ADC1_Start                               0x08000919   Thumb Code    14  mdr32fxqi_adc.o(i.ADC1_Start)
    ADC_Calculate                            0x0800092d   Thumb Code   302  function.o(i.ADC_Calculate)
    ADC_Init                                 0x08000a6d   Thumb Code    52  mdr32fxqi_adc.o(i.ADC_Init)
    Battery_Current_Stabilization            0x08000aad   Thumb Code   354  function.o(i.Battery_Current_Stabilization)
    Battery_Parameters                       0x08000c3d   Thumb Code   344  function.o(i.Battery_Parameters)
    CRC_Check                                0x08000dc5   Thumb Code    58  rs485_interface.o(i.CRC_Check)
    Calcutale_Battery_Level                  0x08000e01   Thumb Code   388  function.o(i.Calcutale_Battery_Level)
    Check_Battery_Connect                    0x08000fd1   Thumb Code   150  function.o(i.Check_Battery_Connect)
    Check_OW_Presence                        0x08001085   Thumb Code    52  i2c_interface.o(i.Check_OW_Presence)
    Check_Status                             0x080010bd   Thumb Code  2314  function.o(i.Check_Status)
    Choose_Current_Of_Charge_Mode            0x080019d5   Thumb Code   208  function.o(i.Choose_Current_Of_Charge_Mode)
    Counter_Handling                         0x08001ab5   Thumb Code    38  function.o(i.Counter_Handling)
    DAC2_Cmd                                 0x08001add   Thumb Code    24  mdr32fxqi_dac.o(i.DAC2_Cmd)
    DAC2_Init                                0x08001af9   Thumb Code    16  mdr32fxqi_dac.o(i.DAC2_Init)
    DAC2_SetData                             0x08001b0d   Thumb Code     6  mdr32fxqi_dac.o(i.DAC2_SetData)
    Handler_Temperature                      0x08001b19   Thumb Code   112  i2c_interface.o(i.Handler_Temperature)
    I2C_CheckEvent                           0x08001b89   Thumb Code    24  mdr32fxqi_i2c.o(i.I2C_CheckEvent)
    I2C_Cmd                                  0x08001ba1   Thumb Code    24  mdr32fxqi_i2c.o(i.I2C_Cmd)
    I2C_DeInit                               0x08001bbd   Thumb Code    20  mdr32fxqi_i2c.o(i.I2C_DeInit)
    I2C_GetLastEvent                         0x08001bd5   Thumb Code    20  mdr32fxqi_i2c.o(i.I2C_GetLastEvent)
    I2C_GetReceivedData                      0x08001bed   Thumb Code     8  mdr32fxqi_i2c.o(i.I2C_GetReceivedData)
    I2C_Init                                 0x08001bf9   Thumb Code    40  mdr32fxqi_i2c.o(i.I2C_Init)
    I2C_OW_Converter_Reset                   0x08001c25   Thumb Code   116  i2c_interface.o(i.I2C_OW_Converter_Reset)
    I2C_Read                                 0x08001ca1   Thumb Code   332  i2c_interface.o(i.I2C_Read)
    I2C_Send7bitAddress                      0x08001df9   Thumb Code    16  mdr32fxqi_i2c.o(i.I2C_Send7bitAddress)
    I2C_SendByte                             0x08001e0d   Thumb Code    12  mdr32fxqi_i2c.o(i.I2C_SendByte)
    I2C_SendSTOP                             0x08001e1d   Thumb Code     8  mdr32fxqi_i2c.o(i.I2C_SendSTOP)
    I2C_StartReceiveData                     0x08001e29   Thumb Code    10  mdr32fxqi_i2c.o(i.I2C_StartReceiveData)
    Initialization                           0x08001e39   Thumb Code    36  initialization.o(i.Initialization)
    Led_Lighting                             0x08001e5d   Thumb Code   104  function.o(i.Led_Lighting)
    Mode_Of_Work                             0x08001ec9   Thumb Code  2062  function.o(i.Mode_Of_Work)
    OW_Presence                              0x0800272d   Thumb Code   228  i2c_interface.o(i.OW_Presence)
    OW_Reset                                 0x08002819   Thumb Code   180  i2c_interface.o(i.OW_Reset)
    OW_Write_Byte                            0x080028d5   Thumb Code   162  i2c_interface.o(i.OW_Write_Byte)
    PORT_Init                                0x08002981   Thumb Code   450  mdr32fxqi_port.o(i.PORT_Init)
    PORT_ReadInputData                       0x08002b49   Thumb Code     6  mdr32fxqi_port.o(i.PORT_ReadInputData)
    PORT_ReadInputDataBit                    0x08002b4f   Thumb Code    16  mdr32fxqi_port.o(i.PORT_ReadInputDataBit)
    PORT_ResetBits                           0x08002b61   Thumb Code    22  mdr32fxqi_port.o(i.PORT_ResetBits)
    PORT_SetBits                             0x08002b7d   Thumb Code    22  mdr32fxqi_port.o(i.PORT_SetBits)
    PORT_StructInit                          0x08002b99   Thumb Code    28  mdr32fxqi_port.o(i.PORT_StructInit)
    RS485_ReadData                           0x08002bb5   Thumb Code   128  rs485_interface.o(i.RS485_ReadData)
    RST_CLK_CPU_PLLcmd                       0x08002c41   Thumb Code     6  mdr32fxqi_rst_clk.o(i.RST_CLK_CPU_PLLcmd)
    RST_CLK_CPU_PLLconfig                    0x08002c4d   Thumb Code    54  mdr32fxqi_rst_clk.o(i.RST_CLK_CPU_PLLconfig)
    RST_CLK_CPU_PLLstatus                    0x08002c8d   Thumb Code    52  mdr32fxqi_rst_clk.o(i.RST_CLK_CPU_PLLstatus)
    RST_CLK_CPU_PLLuse                       0x08002cc1   Thumb Code     6  mdr32fxqi_rst_clk.o(i.RST_CLK_CPU_PLLuse)
    RST_CLK_CPUclkPrescaler                  0x08002ccd   Thumb Code    18  mdr32fxqi_rst_clk.o(i.RST_CLK_CPUclkPrescaler)
    RST_CLK_CPUclkSelection                  0x08002ce5   Thumb Code    16  mdr32fxqi_rst_clk.o(i.RST_CLK_CPUclkSelection)
    RST_CLK_GetClocksFreq                    0x08002cf9   Thumb Code   620  mdr32fxqi_rst_clk.o(i.RST_CLK_GetClocksFreq)
    RST_CLK_GetFlagStatus                    0x08002f6d   Thumb Code    42  mdr32fxqi_rst_clk.o(i.RST_CLK_GetFlagStatus)
    RST_CLK_HSEconfig                        0x08002fa1   Thumb Code    56  mdr32fxqi_rst_clk.o(i.RST_CLK_HSEconfig)
    RST_CLK_HSEstatus                        0x08002fdd   Thumb Code    52  mdr32fxqi_rst_clk.o(i.RST_CLK_HSEstatus)
    RST_CLK_PCLKcmd                          0x08003011   Thumb Code    26  mdr32fxqi_rst_clk.o(i.RST_CLK_PCLKcmd)
    Read_Temperature                         0x08003031   Thumb Code    40  i2c_interface.o(i.Read_Temperature)
    Rele_Status                              0x0800305d   Thumb Code   320  function.o(i.Rele_Status)
    Save_I2C_Recieved_Data                   0x080031b5   Thumb Code   150  i2c_interface.o(i.Save_I2C_Recieved_Data)
    Set_Battery_Voltage                      0x08003259   Thumb Code   360  function.o(i.Set_Battery_Voltage)
    SystemCoreClockUpdate                    0x080033f9   Thumb Code   130  system_mdr32f9q2i.o(i.SystemCoreClockUpdate)
    SystemInit                               0x08003489   Thumb Code    36  system_mdr32f9q2i.o(i.SystemInit)
    TIMER_BRGInit                            0x080034b1   Thumb Code    68  mdr32fxqi_timer.o(i.TIMER_BRGInit)
    TIMER_ClearFlag                          0x08003505   Thumb Code     6  mdr32fxqi_timer.o(i.TIMER_ClearFlag)
    TIMER_Cmd                                0x0800350b   Thumb Code    20  mdr32fxqi_timer.o(i.TIMER_Cmd)
    TIMER_CntInit                            0x0800351f   Thumb Code    54  mdr32fxqi_timer.o(i.TIMER_CntInit)
    TIMER_CntStructInit                      0x08003555   Thumb Code    28  mdr32fxqi_timer.o(i.TIMER_CntStructInit)
    TIMER_DeInit                             0x08003571   Thumb Code    68  mdr32fxqi_timer.o(i.TIMER_DeInit)
    TIMER_ITConfig                           0x080035b5   Thumb Code    18  mdr32fxqi_timer.o(i.TIMER_ITConfig)
    Timer1_IRQHandler                        0x080035c9   Thumb Code   542  interrupts.o(i.Timer1_IRQHandler)
    Type_Of_KAN_D                            0x08003861   Thumb Code   132  function.o(i.Type_Of_KAN_D)
    UART1_IRQHandler                         0x0800390d   Thumb Code    84  interrupts.o(i.UART1_IRQHandler)
    UART_BRGInit                             0x08003969   Thumb Code    48  mdr32fxqi_uart.o(i.UART_BRGInit)
    UART_ClearITPendingBit                   0x080039a5   Thumb Code     8  mdr32fxqi_uart.o(i.UART_ClearITPendingBit)
    UART_Cmd                                 0x080039ad   Thumb Code    24  mdr32fxqi_uart.o(i.UART_Cmd)
    UART_GetITStatusMasked                   0x080039c5   Thumb Code    16  mdr32fxqi_uart.o(i.UART_GetITStatusMasked)
    UART_ITConfig                            0x080039d5   Thumb Code    18  mdr32fxqi_uart.o(i.UART_ITConfig)
    UART_Init                                0x080039e9   Thumb Code   166  mdr32fxqi_uart.o(i.UART_Init)
    UART_ReceiveData                         0x08003a9d   Thumb Code     8  mdr32fxqi_uart.o(i.UART_ReceiveData)
    Warning_Handler                          0x08003aa5   Thumb Code    54  function.o(i.Warning_Handler)
    __scatterload_copy                       0x08003b03   Thumb Code    14  handlers.o(i.__scatterload_copy)
    __scatterload_null                       0x08003b11   Thumb Code     2  handlers.o(i.__scatterload_null)
    __scatterload_zeroinit                   0x08003b13   Thumb Code    14  handlers.o(i.__scatterload_zeroinit)
    adc_init                                 0x08003b21   Thumb Code   134  initialization.o(i.adc_init)
    dac2_init                                0x08003bad   Thumb Code    60  initialization.o(i.dac2_init)
    delays                                   0x08003bed   Thumb Code    22  i2c_interface.o(i.delays)
    i2c_init                                 0x08003c09   Thumb Code   128  initialization.o(i.i2c_init)
    main                                     0x08003c91   Thumb Code    74  main.o(i.main)
    port_init                                0x08003ced   Thumb Code   226  initialization.o(i.port_init)
    rst_clock_init                           0x08003de9   Thumb Code    90  initialization.o(i.rst_clock_init)
    struct_config                            0x08003e49   Thumb Code   452  initialization.o(i.struct_config)
    timer1_init                              0x080040bd   Thumb Code    94  initialization.o(i.timer1_init)
    uart1_init                               0x08004121   Thumb Code   222  initialization.o(i.uart1_init)
    Region$$Table$$Base                      0x08004208   Number         0  anon$$obj.o(Region$$Table)
    Region$$Table$$Limit                     0x08004228   Number         0  anon$$obj.o(Region$$Table)
    MODE                                     0x20000000   Data           1  global_var.o(.data)
    MODE_prev                                0x20000001   Data           1  global_var.o(.data)
    MODE_CHARGE                              0x20000002   Data           1  global_var.o(.data)
    DStat                                    0x20000003   Data           1  global_var.o(.data)
    RELE1_KAN_D                              0x20000004   Data           8  global_var.o(.data)
    RELE2_BATTERY                            0x2000000c   Data           8  global_var.o(.data)
    RELE3_WARNING                            0x20000014   Data           8  global_var.o(.data)
    ADCready_to_calculate                    0x2000001c   Data           4  global_var.o(.data)
    ADC_avr_calculate_end                    0x20000020   Data           4  global_var.o(.data)
    warning_flag                             0x20000024   Data           1  global_var.o(.data)
    len                                      0x20000028   Data           4  rs485_interface.o(.data)
    SystemCoreClock                          0x2000002c   Data           4  system_mdr32f9q2i.o(.data)
    device_status                            0x20000030   Data          20  global_var.o(.bss)
    LED1                                     0x20000044   Data          28  global_var.o(.bss)
    LED2                                     0x20000060   Data          28  global_var.o(.bss)
    ADC0_I_LOAD                              0x2000007c   Data          44  global_var.o(.bss)
    ADC1_I_BATTERY                           0x200000a8   Data          44  global_var.o(.bss)
    ADC2_U_LOAD                              0x200000d4   Data          44  global_var.o(.bss)
    ADC3_U_BATTERY                           0x20000100   Data          44  global_var.o(.bss)
    ADC4_U_KAN_D                             0x2000012c   Data          44  global_var.o(.bss)
    ADC5_U_ZERO                              0x20000158   Data          44  global_var.o(.bss)
    ADC7_KAN_D_TYPE                          0x20000184   Data          44  global_var.o(.bss)
    Wrng_I_LOAD                              0x200001b0   Data          12  global_var.o(.bss)
    Wrng_U_LOAD                              0x200001bc   Data          12  global_var.o(.bss)
    Wrng_U_KAN_D                             0x200001c8   Data          12  global_var.o(.bss)
    Counter_Check_Battery_Connect            0x200001d4   Data          12  global_var.o(.bss)
    Counter_Check_Battery_Connect_Voltage_Drop 0x200001e0   Data          12  global_var.o(.bss)
    Counter_Anti_Bounce                      0x200001ec   Data          12  global_var.o(.bss)
    Counter_Transient_Process                0x200001f8   Data          12  global_var.o(.bss)
    Counter_Transient_Process_UPS            0x20000204   Data          12  global_var.o(.bss)
    Battery                                  0x20000210   Data         588  global_var.o(.bss)
    TemperatureSensor1                       0x2000045c   Data          44  global_var.o(.bss)
    I2C_OW_Converter                         0x20000488   Data          40  global_var.o(.bss)
    I                                        0x200004b0   Data          48  global_var.o(.bss)
    U                                        0x200004e0   Data          48  global_var.o(.bss)
    T                                        0x20000510   Data          48  global_var.o(.bss)
    RS485                                    0x20000540   Data          52  global_var.o(.bss)
    Modbus                                   0x20000574   Data         204  global_var.o(.bss)
    __initial_sp                             0x20000a40   Data           0  startup_mdr32f9q2i.o(STACK)



==============================================================================

Memory Map of the image

  Image Entry point : 0x080000c1

  Load Region LR_IROM1 (Base: 0x08000000, Size: 0x00004258, Max: 0x00020000, ABSOLUTE)

    Execution Region ER_IROM1 (Exec base: 0x08000000, Load base: 0x08000000, Size: 0x00004228, Max: 0x00020000, ABSOLUTE)

    Exec Addr    Load Addr    Size         Type   Attr      Idx    E Section Name        Object

    0x08000000   0x08000000   0x000000c0   Data   RO          469    RESET               startup_mdr32f9q2i.o
    0x080000c0   0x080000c0   0x00000000   Code   RO         2329  * .ARM.Collect$$$$00000000  mc_w.l(entry.o)
    0x080000c0   0x080000c0   0x00000004   Code   RO         2392    .ARM.Collect$$$$00000001  mc_w.l(entry2.o)
    0x080000c4   0x080000c4   0x00000004   Code   RO         2395    .ARM.Collect$$$$00000004  mc_w.l(entry5.o)
    0x080000c8   0x080000c8   0x00000000   Code   RO         2397    .ARM.Collect$$$$00000008  mc_w.l(entry7b.o)
    0x080000c8   0x080000c8   0x00000000   Code   RO         2399    .ARM.Collect$$$$0000000A  mc_w.l(entry8b.o)
    0x080000c8   0x080000c8   0x00000008   Code   RO         2400    .ARM.Collect$$$$0000000B  mc_w.l(entry9a.o)
    0x080000d0   0x080000d0   0x00000000   Code   RO         2402    .ARM.Collect$$$$0000000D  mc_w.l(entry10a.o)
    0x080000d0   0x080000d0   0x00000000   Code   RO         2404    .ARM.Collect$$$$0000000F  mc_w.l(entry11a.o)
    0x080000d0   0x080000d0   0x00000004   Code   RO         2393    .ARM.Collect$$$$00002712  mc_w.l(entry2.o)
    0x080000d4   0x080000d4   0x00000024   Code   RO          470    .text               startup_mdr32f9q2i.o
    0x080000f8   0x080000f8   0x000000b0   Code   RO         2360    .text               mf_w.l(fadd.o)
    0x080001a8   0x080001a8   0x00000064   Code   RO         2362    .text               mf_w.l(fmul.o)
    0x0800020c   0x0800020c   0x0000007c   Code   RO         2364    .text               mf_w.l(fdiv.o)
    0x08000288   0x08000288   0x0000014e   Code   RO         2366    .text               mf_w.l(dadd.o)
    0x080003d6   0x080003d6   0x000000e4   Code   RO         2368    .text               mf_w.l(dmul.o)
    0x080004ba   0x080004ba   0x000000de   Code   RO         2370    .text               mf_w.l(ddiv.o)
    0x08000598   0x08000598   0x00000012   Code   RO         2372    .text               mf_w.l(fflti.o)
    0x080005aa   0x080005aa   0x0000000a   Code   RO         2374    .text               mf_w.l(ffltui.o)
    0x080005b4   0x080005b4   0x00000022   Code   RO         2376    .text               mf_w.l(dflti.o)
    0x080005d6   0x080005d6   0x0000001a   Code   RO         2378    .text               mf_w.l(dfltui.o)
    0x080005f0   0x080005f0   0x00000026   Code   RO         2380    .text               mf_w.l(f2d.o)
    0x08000616   0x08000616   0x00000002   PAD
    0x08000618   0x08000618   0x00000030   Code   RO         2382    .text               mf_w.l(cdcmple.o)
    0x08000648   0x08000648   0x00000030   Code   RO         2384    .text               mf_w.l(cdrcmple.o)
    0x08000678   0x08000678   0x00000038   Code   RO         2386    .text               mf_w.l(d2f.o)
    0x080006b0   0x080006b0   0x00000014   Code   RO         2388    .text               mf_w.l(cfcmple.o)
    0x080006c4   0x080006c4   0x00000014   Code   RO         2390    .text               mf_w.l(cfrcmple.o)
    0x080006d8   0x080006d8   0x0000001e   Code   RO         2406    .text               mc_w.l(llshl.o)
    0x080006f6   0x080006f6   0x00000024   Code   RO         2408    .text               mc_w.l(llsshr.o)
    0x0800071a   0x0800071a   0x00000000   Code   RO         2416    .text               mc_w.l(iusefp.o)
    0x0800071a   0x0800071a   0x0000006e   Code   RO         2417    .text               mf_w.l(fepilogue.o)
    0x08000788   0x08000788   0x000000ba   Code   RO         2419    .text               mf_w.l(depilogue.o)
    0x08000842   0x08000842   0x00000002   PAD
    0x08000844   0x08000844   0x00000024   Code   RO         2421    .text               mc_w.l(init.o)
    0x08000868   0x08000868   0x00000020   Code   RO         2423    .text               mc_w.l(llushr.o)
    0x08000888   0x08000888   0x0000001c   Code   RO          516    i.ADC1_Cmd          mdr32fxqi_adc.o
    0x080008a4   0x080008a4   0x0000000c   Code   RO          519    i.ADC1_GetResult    mdr32fxqi_adc.o
    0x080008b0   0x080008b0   0x0000000c   Code   RO          520    i.ADC1_GetStatus    mdr32fxqi_adc.o
    0x080008bc   0x080008bc   0x0000005c   Code   RO          522    i.ADC1_Init         mdr32fxqi_adc.o
    0x08000918   0x08000918   0x00000014   Code   RO          530    i.ADC1_Start        mdr32fxqi_adc.o
    0x0800092c   0x0800092c   0x00000140   Code   RO          233    i.ADC_Calculate     function.o
    0x08000a6c   0x08000a6c   0x00000040   Code   RO          554    i.ADC_Init          mdr32fxqi_adc.o
    0x08000aac   0x08000aac   0x00000190   Code   RO          234    i.Battery_Current_Stabilization  function.o
    0x08000c3c   0x08000c3c   0x00000188   Code   RO          235    i.Battery_Parameters  function.o
    0x08000dc4   0x08000dc4   0x0000003a   Code   RO          422    i.CRC_Check         rs485_interface.o
    0x08000dfe   0x08000dfe   0x00000002   PAD
    0x08000e00   0x08000e00   0x000001d0   Code   RO          236    i.Calcutale_Battery_Level  function.o
    0x08000fd0   0x08000fd0   0x000000b4   Code   RO          237    i.Check_Battery_Connect  function.o
    0x08001084   0x08001084   0x00000038   Code   RO          344    i.Check_OW_Presence  i2c_interface.o
    0x080010bc   0x080010bc   0x00000918   Code   RO          238    i.Check_Status      function.o
    0x080019d4   0x080019d4   0x000000e0   Code   RO          239    i.Choose_Current_Of_Charge_Mode  function.o
    0x08001ab4   0x08001ab4   0x00000026   Code   RO          240    i.Counter_Handling  function.o
    0x08001ada   0x08001ada   0x00000002   PAD
    0x08001adc   0x08001adc   0x0000001c   Code   RO          928    i.DAC2_Cmd          mdr32fxqi_dac.o
    0x08001af8   0x08001af8   0x00000014   Code   RO          930    i.DAC2_Init         mdr32fxqi_dac.o
    0x08001b0c   0x08001b0c   0x0000000c   Code   RO          931    i.DAC2_SetData      mdr32fxqi_dac.o
    0x08001b18   0x08001b18   0x00000070   Code   RO          345    i.Handler_Temperature  i2c_interface.o
    0x08001b88   0x08001b88   0x00000018   Code   RO         1108    i.I2C_CheckEvent    mdr32fxqi_i2c.o
    0x08001ba0   0x08001ba0   0x0000001c   Code   RO         1110    i.I2C_Cmd           mdr32fxqi_i2c.o
    0x08001bbc   0x08001bbc   0x00000018   Code   RO         1111    i.I2C_DeInit        mdr32fxqi_i2c.o
    0x08001bd4   0x08001bd4   0x00000018   Code   RO         1114    i.I2C_GetLastEvent  mdr32fxqi_i2c.o
    0x08001bec   0x08001bec   0x0000000c   Code   RO         1115    i.I2C_GetReceivedData  mdr32fxqi_i2c.o
    0x08001bf8   0x08001bf8   0x0000002c   Code   RO         1117    i.I2C_Init          mdr32fxqi_i2c.o
    0x08001c24   0x08001c24   0x0000007c   Code   RO          346    i.I2C_OW_Converter_Reset  i2c_interface.o
    0x08001ca0   0x08001ca0   0x00000158   Code   RO          347    i.I2C_Read          i2c_interface.o
    0x08001df8   0x08001df8   0x00000014   Code   RO         1118    i.I2C_Send7bitAddress  mdr32fxqi_i2c.o
    0x08001e0c   0x08001e0c   0x00000010   Code   RO         1119    i.I2C_SendByte      mdr32fxqi_i2c.o
    0x08001e1c   0x08001e1c   0x0000000c   Code   RO         1120    i.I2C_SendSTOP      mdr32fxqi_i2c.o
    0x08001e28   0x08001e28   0x00000010   Code   RO         1121    i.I2C_StartReceiveData  mdr32fxqi_i2c.o
    0x08001e38   0x08001e38   0x00000024   Code   RO           82    i.Initialization    initialization.o
    0x08001e5c   0x08001e5c   0x0000006c   Code   RO          242    i.Led_Lighting      function.o
    0x08001ec8   0x08001ec8   0x00000864   Code   RO          243    i.Mode_Of_Work      function.o
    0x0800272c   0x0800272c   0x000000ec   Code   RO          348    i.OW_Presence       i2c_interface.o
    0x08002818   0x08002818   0x000000bc   Code   RO          349    i.OW_Reset          i2c_interface.o
    0x080028d4   0x080028d4   0x000000ac   Code   RO          350    i.OW_Write_Byte     i2c_interface.o
    0x08002980   0x08002980   0x000001c8   Code   RO         1292    i.PORT_Init         mdr32fxqi_port.o
    0x08002b48   0x08002b48   0x00000006   Code   RO         1293    i.PORT_ReadInputData  mdr32fxqi_port.o
    0x08002b4e   0x08002b4e   0x00000010   Code   RO         1294    i.PORT_ReadInputDataBit  mdr32fxqi_port.o
    0x08002b5e   0x08002b5e   0x00000002   PAD
    0x08002b60   0x08002b60   0x0000001c   Code   RO         1295    i.PORT_ResetBits    mdr32fxqi_port.o
    0x08002b7c   0x08002b7c   0x0000001c   Code   RO         1296    i.PORT_SetBits      mdr32fxqi_port.o
    0x08002b98   0x08002b98   0x0000001c   Code   RO         1297    i.PORT_StructInit   mdr32fxqi_port.o
    0x08002bb4   0x08002bb4   0x0000008c   Code   RO          424    i.RS485_ReadData    rs485_interface.o
    0x08002c40   0x08002c40   0x0000000c   Code   RO         1435    i.RST_CLK_CPU_PLLcmd  mdr32fxqi_rst_clk.o
    0x08002c4c   0x08002c4c   0x00000040   Code   RO         1436    i.RST_CLK_CPU_PLLconfig  mdr32fxqi_rst_clk.o
    0x08002c8c   0x08002c8c   0x00000034   Code   RO         1437    i.RST_CLK_CPU_PLLstatus  mdr32fxqi_rst_clk.o
    0x08002cc0   0x08002cc0   0x0000000c   Code   RO         1438    i.RST_CLK_CPU_PLLuse  mdr32fxqi_rst_clk.o
    0x08002ccc   0x08002ccc   0x00000018   Code   RO         1439    i.RST_CLK_CPUclkPrescaler  mdr32fxqi_rst_clk.o
    0x08002ce4   0x08002ce4   0x00000014   Code   RO         1440    i.RST_CLK_CPUclkSelection  mdr32fxqi_rst_clk.o
    0x08002cf8   0x08002cf8   0x00000274   Code   RO         1443    i.RST_CLK_GetClocksFreq  mdr32fxqi_rst_clk.o
    0x08002f6c   0x08002f6c   0x00000034   Code   RO         1444    i.RST_CLK_GetFlagStatus  mdr32fxqi_rst_clk.o
    0x08002fa0   0x08002fa0   0x0000003c   Code   RO         1446    i.RST_CLK_HSEconfig  mdr32fxqi_rst_clk.o
    0x08002fdc   0x08002fdc   0x00000034   Code   RO         1447    i.RST_CLK_HSEstatus  mdr32fxqi_rst_clk.o
    0x08003010   0x08003010   0x00000020   Code   RO         1457    i.RST_CLK_PCLKcmd   mdr32fxqi_rst_clk.o
    0x08003030   0x08003030   0x0000002c   Code   RO          351    i.Read_Temperature  i2c_interface.o
    0x0800305c   0x0800305c   0x00000158   Code   RO          244    i.Rele_Status       function.o
    0x080031b4   0x080031b4   0x000000a4   Code   RO          352    i.Save_I2C_Recieved_Data  i2c_interface.o
    0x08003258   0x08003258   0x000001a0   Code   RO          245    i.Set_Battery_Voltage  function.o
    0x080033f8   0x080033f8   0x00000090   Code   RO          477    i.SystemCoreClockUpdate  system_mdr32f9q2i.o
    0x08003488   0x08003488   0x00000028   Code   RO          478    i.SystemInit        system_mdr32f9q2i.o
    0x080034b0   0x080034b0   0x00000054   Code   RO         1759    i.TIMER_BRGInit     mdr32fxqi_timer.o
    0x08003504   0x08003504   0x00000006   Code   RO         1785    i.TIMER_ClearFlag   mdr32fxqi_timer.o
    0x0800350a   0x0800350a   0x00000014   Code   RO         1786    i.TIMER_Cmd         mdr32fxqi_timer.o
    0x0800351e   0x0800351e   0x00000036   Code   RO         1789    i.TIMER_CntInit     mdr32fxqi_timer.o
    0x08003554   0x08003554   0x0000001c   Code   RO         1790    i.TIMER_CntStructInit  mdr32fxqi_timer.o
    0x08003570   0x08003570   0x00000044   Code   RO         1793    i.TIMER_DeInit      mdr32fxqi_timer.o
    0x080035b4   0x080035b4   0x00000012   Code   RO         1810    i.TIMER_ITConfig    mdr32fxqi_timer.o
    0x080035c6   0x080035c6   0x00000002   PAD
    0x080035c8   0x080035c8   0x00000298   Code   RO          203    i.Timer1_IRQHandler  interrupts.o
    0x08003860   0x08003860   0x000000ac   Code   RO          246    i.Type_Of_KAN_D     function.o
    0x0800390c   0x0800390c   0x0000005c   Code   RO          204    i.UART1_IRQHandler  interrupts.o
    0x08003968   0x08003968   0x0000003c   Code   RO         2125    i.UART_BRGInit      mdr32fxqi_uart.o
    0x080039a4   0x080039a4   0x00000008   Code   RO         2127    i.UART_ClearITPendingBit  mdr32fxqi_uart.o
    0x080039ac   0x080039ac   0x00000018   Code   RO         2128    i.UART_Cmd          mdr32fxqi_uart.o
    0x080039c4   0x080039c4   0x00000010   Code   RO         2134    i.UART_GetITStatusMasked  mdr32fxqi_uart.o
    0x080039d4   0x080039d4   0x00000012   Code   RO         2135    i.UART_ITConfig     mdr32fxqi_uart.o
    0x080039e6   0x080039e6   0x00000002   PAD
    0x080039e8   0x080039e8   0x000000b4   Code   RO         2136    i.UART_Init         mdr32fxqi_uart.o
    0x08003a9c   0x08003a9c   0x00000008   Code   RO         2139    i.UART_ReceiveData  mdr32fxqi_uart.o
    0x08003aa4   0x08003aa4   0x0000003c   Code   RO          247    i.Warning_Handler   function.o
    0x08003ae0   0x08003ae0   0x00000022   Code   RO           83    i.__NVIC_EnableIRQ  initialization.o
    0x08003b02   0x08003b02   0x0000000e   Code   RO         2427    i.__scatterload_copy  mc_w.l(handlers.o)
    0x08003b10   0x08003b10   0x00000002   Code   RO         2428    i.__scatterload_null  mc_w.l(handlers.o)
    0x08003b12   0x08003b12   0x0000000e   Code   RO         2429    i.__scatterload_zeroinit  mc_w.l(handlers.o)
    0x08003b20   0x08003b20   0x0000008c   Code   RO           84    i.adc_init          initialization.o
    0x08003bac   0x08003bac   0x00000040   Code   RO           85    i.dac2_init         initialization.o
    0x08003bec   0x08003bec   0x0000001c   Code   RO          353    i.delays            i2c_interface.o
    0x08003c08   0x08003c08   0x00000088   Code   RO           86    i.i2c_init          initialization.o
    0x08003c90   0x08003c90   0x0000005c   Code   RO            4    i.main              main.o
    0x08003cec   0x08003cec   0x000000fc   Code   RO           87    i.port_init         initialization.o
    0x08003de8   0x08003de8   0x00000060   Code   RO           88    i.rst_clock_init    initialization.o
    0x08003e48   0x08003e48   0x00000274   Code   RO           89    i.struct_config     initialization.o
    0x080040bc   0x080040bc   0x00000064   Code   RO           90    i.timer1_init       initialization.o
    0x08004120   0x08004120   0x000000e8   Code   RO           91    i.uart1_init        initialization.o
    0x08004208   0x08004208   0x00000020   Data   RO         2425    Region$$Table       anon$$obj.o


    Execution Region RW_IRAM1 (Exec base: 0x20000000, Load base: 0x08004228, Size: 0x00000a40, Max: 0x00008000, ABSOLUTE)

    Exec Addr    Load Addr    Size         Type   Attr      Idx    E Section Name        Object

    0x20000000   0x08004228   0x00000025   Data   RW          179    .data               global_var.o
    0x20000025   0x0800424d   0x00000003   PAD
    0x20000028   0x08004250   0x00000004   Data   RW          426    .data               rs485_interface.o
    0x2000002c   0x08004254   0x00000004   Data   RW          479    .data               system_mdr32f9q2i.o
    0x20000030        -       0x00000610   Zero   RW          178    .bss                global_var.o
    0x20000640        -       0x00000400   Zero   RW          467    STACK               startup_mdr32f9q2i.o


==============================================================================

Image component sizes


      Code (inc. data)   RO Data    RW Data    ZI Data      Debug   Object Name

      7594        780          0          0          0      12393   function.o
         0          0          0         37       1552       8640   global_var.o
      1468         74          0          0          0       6500   i2c_interface.o
      1718        242          0          0          0      35511   initialization.o
       756        130          0          0          0       1243   interrupts.o
        92         18          0          0          0      69395   main.o
       228         44          0          0          0       3665   mdr32fxqi_adc.o
        60         14          0          0          0       1614   mdr32fxqi_dac.o
       220         38          0          0          0       5775   mdr32fxqi_i2c.o
       562         18          0          0          0       4511   mdr32fxqi_port.o
      1008         60          0          0          0       9912   mdr32fxqi_rst_clk.o
       278         16          0          0          0       4808   mdr32fxqi_timer.o
       314         26          0          0          0       5611   mdr32fxqi_uart.o
       198         12          0          4          0       1547   rs485_interface.o
        36          8        192          0       1024        852   startup_mdr32f9q2i.o
       184         18          0          4          0       1523   system_mdr32f9q2i.o

    ----------------------------------------------------------------------
     14726       1498        224         48       2576     173500   Object Totals
         0          0         32          0          0          0   (incl. Generated)
        10          0          0          3          0          0   (incl. Padding)

    ----------------------------------------------------------------------

      Code (inc. data)   RO Data    RW Data    ZI Data      Debug   Library Member Name

         0          0          0          0          0          0   entry.o
         0          0          0          0          0          0   entry10a.o
         0          0          0          0          0          0   entry11a.o
         8          4          0          0          0          0   entry2.o
         4          0          0          0          0          0   entry5.o
         0          0          0          0          0          0   entry7b.o
         0          0          0          0          0          0   entry8b.o
         8          4          0          0          0          0   entry9a.o
        30          0          0          0          0          0   handlers.o
        36          8          0          0          0         68   init.o
         0          0          0          0          0          0   iusefp.o
        30          0          0          0          0         68   llshl.o
        36          0          0          0          0         68   llsshr.o
        32          0          0          0          0         68   llushr.o
        48          0          0          0          0         68   cdcmple.o
        48          0          0          0          0         68   cdrcmple.o
        20          0          0          0          0         68   cfcmple.o
        20          0          0          0          0         68   cfrcmple.o
        56          0          0          0          0         88   d2f.o
       334          0          0          0          0        148   dadd.o
       222          0          0          0          0        100   ddiv.o
       186          0          0          0          0        176   depilogue.o
        34          0          0          0          0         76   dflti.o
        26          0          0          0          0         76   dfltui.o
       228          0          0          0          0         96   dmul.o
        38          0          0          0          0         68   f2d.o
       176          0          0          0          0        140   fadd.o
       124          0          0          0          0         88   fdiv.o
       110          0          0          0          0        168   fepilogue.o
        18          0          0          0          0         68   fflti.o
        10          0          0          0          0         68   ffltui.o
       100          0          0          0          0         76   fmul.o

    ----------------------------------------------------------------------
      1986         16          0          0          0       1980   Library Totals
         4          0          0          0          0          0   (incl. Padding)

    ----------------------------------------------------------------------

      Code (inc. data)   RO Data    RW Data    ZI Data      Debug   Library Name

       184         16          0          0          0        272   mc_w.l
      1798          0          0          0          0       1708   mf_w.l

    ----------------------------------------------------------------------
      1986         16          0          0          0       1980   Library Totals

    ----------------------------------------------------------------------

==============================================================================


      Code (inc. data)   RO Data    RW Data    ZI Data      Debug   

     16712       1514        224         48       2576     170068   Grand Totals
     16712       1514        224         48       2576     170068   ELF Image Totals
     16712       1514        224         48          0          0   ROM Totals

==============================================================================

    Total RO  Size (Code + RO Data)                16936 (  16.54kB)
    Total RW  Size (RW Data + ZI Data)              2624 (   2.56kB)
    Total ROM Size (Code + RO Data + RW Data)      16984 (  16.59kB)

==============================================================================

