Component: ARM Compiler 5.06 update 5 (build 528) Tool: armlink [4d35e2]

==============================================================================

Section Cross References

    main.o(i.main) refers to initialization.o(i.Initialization) for Initialization
    main.o(i.main) refers to function.o(i.Testing_UPS_D) for Testing_UPS_D
    main.o(i.main) refers to i2c_interface.o(i.Read_Temperature) for Read_Temperature
    main.o(i.main) refers to rs485_interface.o(i.RS485_ReadData) for RS485_ReadData
    main.o(i.main) refers to global_var.o(.data) for ADC_avr_calculate_end
    main.o(i.main) refers to global_var.o(.bss) for Counter_Starting_Initialization
    initialization.o(i.Default_settings) refers to function.o(i.Type_Of_KAN_D) for Type_Of_KAN_D
    initialization.o(i.Default_settings) refers to global_var.o(.bss) for UPS_D
    initialization.o(i.DeviceID_From_Flash) refers to mdr32fxqi_eeprom.o(EXECUTABLE_MEMORY_SECTION) for EEPROM_ReadWord
    initialization.o(i.DeviceID_From_Flash) refers to global_var.o(.bss) for UPS_D
    initialization.o(i.Initialization) refers to initialization.o(i.rst_clock_init) for rst_clock_init
    initialization.o(i.Initialization) refers to initialization.o(i.port_init) for port_init
    initialization.o(i.Initialization) refers to initialization.o(i.adc_init) for adc_init
    initialization.o(i.Initialization) refers to initialization.o(i.timer1_init) for timer1_init
    initialization.o(i.Initialization) refers to initialization.o(i.timer2_init) for timer2_init
    initialization.o(i.Initialization) refers to initialization.o(i.dac2_init) for dac2_init
    initialization.o(i.Initialization) refers to initialization.o(i.i2c_init) for i2c_init
    initialization.o(i.Initialization) refers to initialization.o(i.uart1_init) for uart1_init
    initialization.o(i.Initialization) refers to initialization.o(i.eeprom_init) for eeprom_init
    initialization.o(i.Initialization) refers to initialization.o(i.interrupt_init) for interrupt_init
    initialization.o(i.Initialization) refers to initialization.o(i.watchdog_init) for watchdog_init
    initialization.o(i.Initialization) refers to initialization.o(i.struct_config) for struct_config
    initialization.o(i.Initialization) refers to initialization.o(i.DeviceID_From_Flash) for DeviceID_From_Flash
    initialization.o(i.Settings_From_Flash) refers to mdr32fxqi_eeprom.o(EXECUTABLE_MEMORY_SECTION) for EEPROM_ReadWord
    initialization.o(i.Settings_From_Flash) refers to ffltui.o(.text) for __aeabi_ui2f
    initialization.o(i.Settings_From_Flash) refers to ffixui.o(.text) for __aeabi_f2uiz
    initialization.o(i.Settings_From_Flash) refers to fmul.o(.text) for __aeabi_fmul
    initialization.o(i.Settings_From_Flash) refers to initialization.o(i.Temperature_Convert_From_Flash) for Temperature_Convert_From_Flash
    initialization.o(i.Settings_From_Flash) refers to global_var.o(.bss) for UPS_D
    initialization.o(i.Temperature_Convert_From_Flash) refers to ffltui.o(.text) for __aeabi_ui2f
    initialization.o(i.Temperature_Convert_From_Flash) refers to fmul.o(.text) for __aeabi_fmul
    initialization.o(i.adc_init) refers to mdr32fxqi_rst_clk.o(i.RST_CLK_PCLKcmd) for RST_CLK_PCLKcmd
    initialization.o(i.adc_init) refers to mdr32fxqi_port.o(i.PORT_StructInit) for PORT_StructInit
    initialization.o(i.adc_init) refers to mdr32fxqi_port.o(i.PORT_Init) for PORT_Init
    initialization.o(i.adc_init) refers to mdr32fxqi_adc.o(i.ADC_Init) for ADC_Init
    initialization.o(i.adc_init) refers to mdr32fxqi_adc.o(i.ADC1_Init) for ADC1_Init
    initialization.o(i.adc_init) refers to mdr32fxqi_adc.o(i.ADC1_Cmd) for ADC1_Cmd
    initialization.o(i.dac2_init) refers to mdr32fxqi_rst_clk.o(i.RST_CLK_PCLKcmd) for RST_CLK_PCLKcmd
    initialization.o(i.dac2_init) refers to mdr32fxqi_port.o(i.PORT_StructInit) for PORT_StructInit
    initialization.o(i.dac2_init) refers to mdr32fxqi_port.o(i.PORT_Init) for PORT_Init
    initialization.o(i.dac2_init) refers to mdr32fxqi_dac.o(i.DAC2_Init) for DAC2_Init
    initialization.o(i.dac2_init) refers to mdr32fxqi_dac.o(i.DAC2_Cmd) for DAC2_Cmd
    initialization.o(i.dac2_init) refers to mdr32fxqi_dac.o(i.DAC2_SetData) for DAC2_SetData
    initialization.o(i.eeprom_init) refers to mdr32fxqi_rst_clk.o(i.RST_CLK_PCLKcmd) for RST_CLK_PCLKcmd
    initialization.o(i.eeprom_init) refers to mdr32fxqi_eeprom.o(i.EEPROM_SetLatency) for EEPROM_SetLatency
    initialization.o(i.i2c_init) refers to mdr32fxqi_rst_clk.o(i.RST_CLK_PCLKcmd) for RST_CLK_PCLKcmd
    initialization.o(i.i2c_init) refers to mdr32fxqi_port.o(i.PORT_StructInit) for PORT_StructInit
    initialization.o(i.i2c_init) refers to mdr32fxqi_port.o(i.PORT_Init) for PORT_Init
    initialization.o(i.i2c_init) refers to mdr32fxqi_i2c.o(i.I2C_DeInit) for I2C_DeInit
    initialization.o(i.i2c_init) refers to mdr32fxqi_i2c.o(i.I2C_Init) for I2C_Init
    initialization.o(i.i2c_init) refers to mdr32fxqi_i2c.o(i.I2C_Cmd) for I2C_Cmd
[...]
    mdr32fxqi_dma.o(i.DMA_Init) refers to mdr32fxqi_dma.o(i.DMA_CtrlDataInit) for DMA_CtrlDataInit
    mdr32fxqi_dma.o(i.DMA_Init) refers to mdr32fxqi_dma.o(.bss) for DMA_ControlTable
    mdr32fxqi_dma.o(i.DMA_SG_CtrlInit) refers to mdr32fxqi_dma.o(i.DMA_CtrlDataInit) for DMA_CtrlDataInit
    mdr32fxqi_dma.o(i.DMA_SG_Init) refers to mdr32fxqi_dma.o(i.DMA_CtrlDataInit) for DMA_CtrlDataInit
    mdr32fxqi_dma.o(i.DMA_SG_Init) refers to mdr32fxqi_dma.o(.bss) for DMA_ControlTable
    mdr32fxqi_i2c.o(i.I2C_CheckEvent) refers to mdr32fxqi_i2c.o(i.I2C_GetLastEvent) for I2C_GetLastEvent
    mdr32fxqi_i2c.o(i.I2C_GetFlagStatus) refers to mdr32fxqi_i2c.o(i.I2C_GetLastEvent) for I2C_GetLastEvent
    mdr32fxqi_rst_clk.o(i.RST_CLK_CPU_PLLstatus) refers to mdr32fxqi_rst_clk.o(i.RST_CLK_GetFlagStatus) for RST_CLK_GetFlagStatus
    mdr32fxqi_rst_clk.o(i.RST_CLK_DeInit) refers to mdr32fxqi_rst_clk.o(i.RST_CLK_WarmDeInit) for RST_CLK_WarmDeInit
    mdr32fxqi_rst_clk.o(i.RST_CLK_DeInit) refers to mdr32fxqi_rst_clk.o(i.RST_CLK_PCLKcmd) for RST_CLK_PCLKcmd
    mdr32fxqi_rst_clk.o(i.RST_CLK_HSEstatus) refers to mdr32fxqi_rst_clk.o(i.RST_CLK_GetFlagStatus) for RST_CLK_GetFlagStatus
    mdr32fxqi_rst_clk.o(i.RST_CLK_HSIstatus) refers to mdr32fxqi_rst_clk.o(i.RST_CLK_GetFlagStatus) for RST_CLK_GetFlagStatus
    mdr32fxqi_rst_clk.o(i.RST_CLK_LSEstatus) refers to mdr32fxqi_rst_clk.o(i.RST_CLK_GetFlagStatus) for RST_CLK_GetFlagStatus
    mdr32fxqi_rst_clk.o(i.RST_CLK_LSIstatus) refers to mdr32fxqi_rst_clk.o(i.RST_CLK_GetFlagStatus) for RST_CLK_GetFlagStatus
    mdr32fxqi_rst_clk.o(i.RST_CLK_USB_PLLstatus) refers to mdr32fxqi_rst_clk.o(i.RST_CLK_GetFlagStatus) for RST_CLK_GetFlagStatus
    mdr32fxqi_rst_clk.o(i.RST_CLK_WarmDeInit) refers to mdr32fxqi_rst_clk.o(i.RST_CLK_HSIcmd) for RST_CLK_HSIcmd
    mdr32fxqi_rst_clk.o(i.RST_CLK_WarmDeInit) refers to mdr32fxqi_rst_clk.o(i.RST_CLK_HSIstatus) for RST_CLK_HSIstatus
    mdr32fxqi_rst_clk.o(i.RST_CLK_WarmDeInit) refers to mdr32fxqi_rst_clk.o(i.RST_CLK_CPUclkSelection) for RST_CLK_CPUclkSelection
    mdr32fxqi_uart.o(i.UART_Init) refers to mdr32fxqi_rst_clk.o(i.RST_CLK_GetClocksFreq) for RST_CLK_GetClocksFreq
    mdr32fxqi_uart.o(i.UART_IrDAConfig) refers to mdr32fxqi_rst_clk.o(i.RST_CLK_GetClocksFreq) for RST_CLK_GetClocksFreq
    entry.o(.ARM.Collect$$$$00000000) refers (Special) to entry10a.o(.ARM.Collect$$$$0000000D) for __rt_final_cpp
    entry.o(.ARM.Collect$$$$00000000) refers (Special) to entry11a.o(.ARM.Collect$$$$0000000F) for __rt_final_exit
    entry.o(.ARM.Collect$$$$00000000) refers (Special) to entry7b.o(.ARM.Collect$$$$00000008) for _main_clock
    entry.o(.ARM.Collect$$$$00000000) refers (Special) to entry8b.o(.ARM.Collect$$$$0000000A) for _main_cpp_init
    entry.o(.ARM.Collect$$$$00000000) refers (Special) to entry9a.o(.ARM.Collect$$$$0000000B) for _main_init
    entry.o(.ARM.Collect$$$$00000000) refers (Special) to entry5.o(.ARM.Collect$$$$00000004) for _main_scatterload
    entry.o(.ARM.Collect$$$$00000000) refers (Special) to entry2.o(.ARM.Collect$$$$00000001) for _main_stk
    fadd.o(.text) refers (Special) to iusefp.o(.text) for __I$use$fp
    fadd.o(.text) refers to fepilogue.o(.text) for _float_epilogue
    fmul.o(.text) refers (Special) to iusefp.o(.text) for __I$use$fp
    fdiv.o(.text) refers (Special) to iusefp.o(.text) for __I$use$fp
    fdiv.o(.text) refers to fepilogue.o(.text) for _float_round
    dadd.o(.text) refers (Special) to iusefp.o(.text) for __I$use$fp
    dadd.o(.text) refers to llshl.o(.text) for __aeabi_llsl
    dadd.o(.text) refers to llsshr.o(.text) for __aeabi_lasr
    dadd.o(.text) refers to depilogue.o(.text) for _double_epilogue
    fflti.o(.text) refers (Special) to iusefp.o(.text) for __I$use$fp
    fflti.o(.text) refers to fepilogue.o(.text) for _float_epilogue
    ffltui.o(.text) refers (Special) to iusefp.o(.text) for __I$use$fp
    ffltui.o(.text) refers to fepilogue.o(.text) for _float_epilogue
    ffixi.o(.text) refers (Special) to iusefp.o(.text) for __I$use$fp
    ffixui.o(.text) refers (Special) to iusefp.o(.text) for __I$use$fp
    f2d.o(.text) refers (Special) to iusefp.o(.text) for __I$use$fp
    cdcmple.o(.text) refers (Special) to iusefp.o(.text) for __I$use$fp
    cdrcmple.o(.text) refers (Special) to iusefp.o(.text) for __I$use$fp
    cfcmple.o(.text) refers (Special) to iusefp.o(.text) for __I$use$fp
    cfrcmple.o(.text) refers (Special) to iusefp.o(.text) for __I$use$fp
    entry2.o(.ARM.Collect$$$$00000001) refers to entry2.o(.ARM.Collect$$$$00002712) for __lit__00000000
    entry2.o(.ARM.Collect$$$$00002712) refers to startup_mdr32f9q2i.o(STACK) for __initial_sp
    entry2.o(__vectab_stack_and_reset_area) refers to startup_mdr32f9q2i.o(STACK) for __initial_sp
    entry2.o(__vectab_stack_and_reset_area) refers to entry.o(.ARM.Collect$$$$00000000) for __main
    entry5.o(.ARM.Collect$$$$00000004) refers to init.o(.text) for __scatterload
    entry9a.o(.ARM.Collect$$$$0000000B) refers to main.o(i.main) for main
    entry9b.o(.ARM.Collect$$$$0000000C) refers to main.o(i.main) for main
    depilogue.o(.text) refers to llshl.o(.text) for __aeabi_llsl
    depilogue.o(.text) refers to llushr.o(.text) for __aeabi_llsr
    init.o(.text) refers to entry5.o(.ARM.Collect$$$$00000004) for __main_after_scatterload


==============================================================================

Removing Unused input sections from the image.

    Removing main.o(.rev16_text), (4 bytes).
    Removing main.o(.revsh_text), (4 bytes).
    Removing main.o(.rrx_text), (6 bytes).
    Removing main.o(.data), (2 bytes).
    Removing initialization.o(.rev16_text), (4 bytes).
    Removing initialization.o(.revsh_text), (4 bytes).
    Removing initialization.o(.rrx_text), (6 bytes).
    Removing initialization.o(i.Default_settings), (232 bytes).
    Removing initialization.o(i.Settings_From_Flash), (436 bytes).
    Removing initialization.o(i.Temperature_Convert_From_Flash), (72 bytes).
    Removing global_var.o(.rev16_text), (4 bytes).
    Removing global_var.o(.revsh_text), (4 bytes).
    Removing global_var.o(.rrx_text), (6 bytes).
    Removing interrupts.o(.rev16_text), (4 bytes).
    Removing interrupts.o(.revsh_text), (4 bytes).
    Removing interrupts.o(.rrx_text), (6 bytes).
    Removing function.o(.rev16_text), (4 bytes).
    Removing function.o(.revsh_text), (4 bytes).
    Removing function.o(.rrx_text), (6 bytes).
    Removing function.o(i.Battery_Current_Stabilization), (520 bytes).
    Removing function.o(i.Battery_Parameters), (412 bytes).
    Removing function.o(i.Calcutale_Battery_Level), (408 bytes).
    Removing function.o(i.Check_Battery_Connect), (304 bytes).
    Removing function.o(i.Check_I_LOAD_Value), (236 bytes).
    Removing function.o(i.Check_Status), (2876 bytes).
    Removing function.o(i.Choose_Current_Of_Charge_Mode), (324 bytes).
    Removing function.o(i.Mode_Of_Work), (2576 bytes).
    Removing function.o(i.Set_Battery_Voltage), (408 bytes).
    Removing function.o(i.U_Hysteresis_KAN_D), (92 bytes).
    Removing i2c_interface.o(.rev16_text), (4 bytes).
    Removing i2c_interface.o(.revsh_text), (4 bytes).
    Removing i2c_interface.o(.rrx_text), (6 bytes).
    Removing rs485_interface.o(.rev16_text), (4 bytes).
    Removing rs485_interface.o(.revsh_text), (4 bytes).
    Removing rs485_interface.o(.rrx_text), (6 bytes).
    Removing rs485_interface.o(i.Convert_Time_Discharge), (32 bytes).
    Removing rs485_interface.o(i.Create_Koef_Value_Answer), (36 bytes).
    Removing rs485_interface.o(i.Temperature_Convert), (64 bytes).
    Removing save_flash.o(.rev16_text), (4 bytes).
    Removing save_flash.o(.revsh_text), (4 bytes).
    Removing save_flash.o(.rrx_text), (6 bytes).
    Removing save_flash.o(i.Check_Update_ID_Device), (96 bytes).
    Removing save_flash.o(i.Check_Update_Settings), (376 bytes).
    Removing save_flash.o(i.Convert_Temperature_To_Save_Flash), (80 bytes).
    Removing save_flash.o(i.Save_ID_Device), (40 bytes).
    Removing save_flash.o(i.Save_Setting_to_Flash), (36 bytes).
    Removing save_flash.o(i.Update_ID_Device), (84 bytes).
    Removing save_flash.o(i.Update_Settings), (216 bytes).
    Removing save_flash.o(i.Write_New_ID_Device_To_Flash), (96 bytes).
    Removing save_flash.o(i.Write_New_Settings_To_Flash), (416 bytes).
    Removing function_interrupts.o(.rev16_text), (4 bytes).
    Removing function_interrupts.o(.revsh_text), (4 bytes).
    Removing function_interrupts.o(.rrx_text), (6 bytes).
    Removing function_interrupts.o(i.Check_I_Battery_Discharge), (184 bytes).
    Removing function_interrupts.o(i.Check_UPS_Alarm_To_Discharge), (224 bytes).
    Removing function_interrupts.o(i.Check_UPS_Charge_To_Discharge), (200 bytes).
    Removing function_interrupts.o(i.Check_UPS_Discharge_To_Alarm), (144 bytes).
    Removing function_interrupts.o(i.Check_UPS_Discharge_To_Charge), (152 bytes).
    Removing function_interrupts.o(i.Check_UPS_Sleep_To_Charge), (36 bytes).
    Removing startup_mdr32f9q2i.o(HEAP), (512 bytes).
    Removing system_mdr32f9q2i.o(.rev16_text), (4 bytes).
    Removing system_mdr32f9q2i.o(.revsh_text), (4 bytes).
    Removing system_mdr32f9q2i.o(.rrx_text), (6 bytes).
    Removing mdr32fxqi_adc.o(.rev16_text), (4 bytes).
    Removing mdr32fxqi_adc.o(.revsh_text), (4 bytes).
    Removing mdr32fxqi_adc.o(.rrx_text), (6 bytes).
    Removing mdr32fxqi_adc.o(i.ADC1_ChannelSwithingConfig), (20 bytes).
    Removing mdr32fxqi_adc.o(i.ADC1_ClearOutOfRangeFlag), (20 bytes).
    Removing mdr32fxqi_adc.o(i.ADC1_ClearOverwriteFlag), (20 bytes).
    Removing mdr32fxqi_adc.o(i.ADC1_GetFlagStatus), (24 bytes).
    Removing mdr32fxqi_adc.o(i.ADC1_GetITStatus), (28 bytes).
    Removing mdr32fxqi_adc.o(i.ADC1_ITConfig), (28 bytes).
    Removing mdr32fxqi_adc.o(i.ADC1_LevelsConfig), (28 bytes).
    Removing mdr32fxqi_adc.o(i.ADC1_OperationModeConfig), (24 bytes).
    Removing mdr32fxqi_adc.o(i.ADC1_SamplingModeConfig), (20 bytes).
    Removing mdr32fxqi_adc.o(i.ADC1_SetChannel), (24 bytes).
    Removing mdr32fxqi_adc.o(i.ADC1_SetChannels), (12 bytes).
    Removing mdr32fxqi_adc.o(i.ADC1_SetHighLevel), (12 bytes).
    Removing mdr32fxqi_adc.o(i.ADC1_SetLowLevel), (12 bytes).
    Removing mdr32fxqi_adc.o(i.ADC2_ChannelSwithingConfig), (20 bytes).
    Removing mdr32fxqi_adc.o(i.ADC2_ClearOutOfRangeFlag), (20 bytes).
    Removing mdr32fxqi_adc.o(i.ADC2_ClearOverwriteFlag), (20 bytes).
    Removing mdr32fxqi_adc.o(i.ADC2_Cmd), (28 bytes).
    Removing mdr32fxqi_adc.o(i.ADC2_GetFlagStatus), (24 bytes).
    Removing mdr32fxqi_adc.o(i.ADC2_GetITStatus), (28 bytes).
    Removing mdr32fxqi_adc.o(i.ADC2_GetResult), (12 bytes).
    Removing mdr32fxqi_adc.o(i.ADC2_GetStatus), (12 bytes).
    Removing mdr32fxqi_adc.o(i.ADC2_ITConfig), (28 bytes).
    Removing mdr32fxqi_adc.o(i.ADC2_Init), (80 bytes).
    Removing mdr32fxqi_adc.o(i.ADC2_LevelsConfig), (28 bytes).
    Removing mdr32fxqi_adc.o(i.ADC2_OperationModeConfig), (24 bytes).
    Removing mdr32fxqi_adc.o(i.ADC2_SamplingModeConfig), (20 bytes).
    Removing mdr32fxqi_adc.o(i.ADC2_SetChannel), (24 bytes).
    Removing mdr32fxqi_adc.o(i.ADC2_SetChannels), (12 bytes).
    Removing mdr32fxqi_adc.o(i.ADC2_SetHighLevel), (12 bytes).
    Removing mdr32fxqi_adc.o(i.ADC2_SetLowLevel), (12 bytes).
    Removing mdr32fxqi_adc.o(i.ADC2_Start), (20 bytes).
    Removing mdr32fxqi_adc.o(i.ADC_DeInit), (44 bytes).
    Removing mdr32fxqi_adc.o(i.ADC_GetFlagStatus), (22 bytes).
    Removing mdr32fxqi_adc.o(i.ADC_GetITStatus), (28 bytes).
    Removing mdr32fxqi_adc.o(i.ADC_GetStatus), (20 bytes).
    Removing mdr32fxqi_adc.o(i.ADC_ITConfig), (52 bytes).
    Removing mdr32fxqi_adc.o(i.ADC_SetTrim), (24 bytes).
    Removing mdr32fxqi_adc.o(i.ADC_StructInit), (18 bytes).
    Removing mdr32fxqi_adc.o(i.ADCx_StructInit), (28 bytes).
    Removing mdr32fxqi_comp.o(.rev16_text), (4 bytes).
    Removing mdr32fxqi_comp.o(.revsh_text), (4 bytes).
    Removing mdr32fxqi_comp.o(.rrx_text), (6 bytes).
    Removing mdr32fxqi_comp.o(i.COMP_CVRefCmd), (28 bytes).
    Removing mdr32fxqi_comp.o(i.COMP_CVRefInit), (28 bytes).
    Removing mdr32fxqi_comp.o(i.COMP_CVRefScaleConfig), (20 bytes).
    Removing mdr32fxqi_comp.o(i.COMP_CVRefSourceConfig), (20 bytes).
    Removing mdr32fxqi_comp.o(i.COMP_CVRefStructInit), (8 bytes).
    Removing mdr32fxqi_comp.o(i.COMP_Cmd), (28 bytes).
    Removing mdr32fxqi_comp.o(i.COMP_DeInit), (16 bytes).
    Removing mdr32fxqi_comp.o(i.COMP_GetCfgFlagStatus), (24 bytes).
    Removing mdr32fxqi_comp.o(i.COMP_GetFlagStatus), (22 bytes).
    Removing mdr32fxqi_comp.o(i.COMP_GetResultLatch), (12 bytes).
    Removing mdr32fxqi_comp.o(i.COMP_GetStatus), (12 bytes).
    Removing mdr32fxqi_comp.o(i.COMP_ITConfig), (28 bytes).
    Removing mdr32fxqi_comp.o(i.COMP_Init), (32 bytes).
    Removing mdr32fxqi_comp.o(i.COMP_MInpSourceConfig), (20 bytes).
    Removing mdr32fxqi_comp.o(i.COMP_OutInversionConfig), (20 bytes).
    Removing mdr32fxqi_comp.o(i.COMP_PInpSourceConfig), (20 bytes).
    Removing mdr32fxqi_comp.o(i.COMP_StructInit), (10 bytes).
    Removing mdr32fxqi_dac.o(.rev16_text), (4 bytes).
    Removing mdr32fxqi_dac.o(.revsh_text), (4 bytes).
    Removing mdr32fxqi_dac.o(.rrx_text), (6 bytes).
    Removing mdr32fxqi_dac.o(i.DAC1_Cmd), (28 bytes).
    Removing mdr32fxqi_dac.o(i.DAC1_GetData), (12 bytes).
    Removing mdr32fxqi_dac.o(i.DAC1_Init), (20 bytes).
    Removing mdr32fxqi_dac.o(i.DAC1_SetData), (12 bytes).
    Removing mdr32fxqi_dac.o(i.DAC2_GetData), (12 bytes).
    Removing mdr32fxqi_dac.o(i.DAC_DeInit), (16 bytes).
    Removing mdr32fxqi_dac.o(i.DAC_Init), (28 bytes).
    Removing mdr32fxqi_dma.o(.rev16_text), (4 bytes).
    Removing mdr32fxqi_dma.o(.revsh_text), (4 bytes).
    Removing mdr32fxqi_dma.o(.rrx_text), (6 bytes).
    Removing mdr32fxqi_dma.o(i.DMA_ClearError), (12 bytes).
    Removing mdr32fxqi_dma.o(i.DMA_Cmd), (28 bytes).
    Removing mdr32fxqi_dma.o(i.DMA_CtrlDataInit), (108 bytes).
    Removing mdr32fxqi_dma.o(i.DMA_CtrlInit), (52 bytes).
    Removing mdr32fxqi_dma.o(i.DMA_DeInit), (68 bytes).
    Removing mdr32fxqi_dma.o(i.DMA_GetCurrTransferCounter), (40 bytes).
    Removing mdr32fxqi_dma.o(i.DMA_GetFlagStatus), (172 bytes).
    Removing mdr32fxqi_dma.o(i.DMA_Init), (148 bytes).
    Removing mdr32fxqi_dma.o(i.DMA_Request), (16 bytes).
    Removing mdr32fxqi_dma.o(i.DMA_SG_CtrlInit), (20 bytes).
    Removing mdr32fxqi_dma.o(i.DMA_SG_Init), (164 bytes).
    Removing mdr32fxqi_dma.o(i.DMA_SG_StructInit), (18 bytes).
    Removing mdr32fxqi_dma.o(i.DMA_StructInit), (16 bytes).
    Removing mdr32fxqi_dma.o(.bss), (1024 bytes).
    Removing mdr32fxqi_eeprom.o(.rev16_text), (4 bytes).
    Removing mdr32fxqi_eeprom.o(.revsh_text), (4 bytes).
    Removing mdr32fxqi_eeprom.o(.rrx_text), (6 bytes).
    Removing mdr32fxqi_eeprom.o(i.EEPROM_GetLatency), (16 bytes).
    Removing mdr32fxqi_i2c.o(.rev16_text), (4 bytes).
    Removing mdr32fxqi_i2c.o(.revsh_text), (4 bytes).
    Removing mdr32fxqi_i2c.o(.rrx_text), (6 bytes).
    Removing mdr32fxqi_i2c.o(i.I2C_ClearITPendingBit), (20 bytes).
    Removing mdr32fxqi_i2c.o(i.I2C_GetFlagStatus), (22 bytes).
    Removing mdr32fxqi_i2c.o(i.I2C_GetITStatus), (24 bytes).
    Removing mdr32fxqi_i2c.o(i.I2C_ITConfig), (28 bytes).
    Removing mdr32fxqi_i2c.o(i.I2C_StructInit), (10 bytes).
    Removing mdr32fxqi_iwdg.o(.rev16_text), (4 bytes).
    Removing mdr32fxqi_iwdg.o(.revsh_text), (4 bytes).
    Removing mdr32fxqi_iwdg.o(.rrx_text), (6 bytes).
    Removing mdr32fxqi_iwdg.o(i.IWDG_Enable), (16 bytes).
    Removing mdr32fxqi_iwdg.o(i.IWDG_GetFlagStatus), (24 bytes).
    Removing mdr32fxqi_iwdg.o(i.IWDG_GetPrescaler), (12 bytes).
    Removing mdr32fxqi_iwdg.o(i.IWDG_GetReload), (16 bytes).
    Removing mdr32fxqi_iwdg.o(i.IWDG_ReloadCounter), (16 bytes).
    Removing mdr32fxqi_iwdg.o(i.IWDG_SetPrescaler), (12 bytes).
    Removing mdr32fxqi_iwdg.o(i.IWDG_SetReload), (12 bytes).
    Removing mdr32fxqi_iwdg.o(i.IWDG_WriteAccessDisable), (12 bytes).
    Removing mdr32fxqi_iwdg.o(i.IWDG_WriteAccessEnable), (16 bytes).
    Removing mdr32fxqi_port.o(.rev16_text), (4 bytes).
    Removing mdr32fxqi_port.o(.revsh_text), (4 bytes).
    Removing mdr32fxqi_port.o(.rrx_text), (6 bytes).
    Removing mdr32fxqi_port.o(i.PORT_DeInit), (20 bytes).
    Removing mdr32fxqi_port.o(i.PORT_Write), (24 bytes).
    Removing mdr32fxqi_port.o(i.PORT_WriteBit), (52 bytes).
    Removing mdr32fxqi_power.o(.rev16_text), (4 bytes).
    Removing mdr32fxqi_power.o(.revsh_text), (4 bytes).
    Removing mdr32fxqi_power.o(.rrx_text), (6 bytes).
    Removing mdr32fxqi_power.o(i.POWER_ClearFlag), (16 bytes).
    Removing mdr32fxqi_power.o(i.POWER_DeInit), (12 bytes).
    Removing mdr32fxqi_power.o(i.POWER_GetFlagStatus), (24 bytes).
    Removing mdr32fxqi_power.o(i.POWER_PVBDlevelConfig), (28 bytes).
    Removing mdr32fxqi_power.o(i.POWER_PVD_INVconfig), (32 bytes).
    Removing mdr32fxqi_power.o(i.POWER_PVD_ITconfig), (32 bytes).
    Removing mdr32fxqi_power.o(i.POWER_PVDenable), (12 bytes).
    Removing mdr32fxqi_power.o(i.POWER_PVDlevelConfig), (28 bytes).
    Removing mdr32fxqi_rst_clk.o(.rev16_text), (4 bytes).
    Removing mdr32fxqi_rst_clk.o(.revsh_text), (4 bytes).
    Removing mdr32fxqi_rst_clk.o(.rrx_text), (6 bytes).
    Removing mdr32fxqi_rst_clk.o(i.RST_CLK_ADCclkEnable), (12 bytes).
    Removing mdr32fxqi_rst_clk.o(i.RST_CLK_ADCclkPrescaler), (24 bytes).
    Removing mdr32fxqi_rst_clk.o(i.RST_CLK_ADCclkSelection), (20 bytes).
    Removing mdr32fxqi_rst_clk.o(i.RST_CLK_CPUclkSelectionC1), (20 bytes).
    Removing mdr32fxqi_rst_clk.o(i.RST_CLK_DeInit), (44 bytes).
    Removing mdr32fxqi_rst_clk.o(i.RST_CLK_HSEclkPrescaler), (20 bytes).
    Removing mdr32fxqi_rst_clk.o(i.RST_CLK_HSIadjust), (24 bytes).
    Removing mdr32fxqi_rst_clk.o(i.RST_CLK_HSIclkPrescaler), (24 bytes).
    Removing mdr32fxqi_rst_clk.o(i.RST_CLK_HSIcmd), (12 bytes).
    Removing mdr32fxqi_rst_clk.o(i.RST_CLK_HSIstatus), (52 bytes).
    Removing mdr32fxqi_rst_clk.o(i.RST_CLK_LSEconfig), (60 bytes).
    Removing mdr32fxqi_rst_clk.o(i.RST_CLK_LSEstatus), (52 bytes).
    Removing mdr32fxqi_rst_clk.o(i.RST_CLK_LSIadjust), (24 bytes).
    Removing mdr32fxqi_rst_clk.o(i.RST_CLK_LSIcmd), (12 bytes).
    Removing mdr32fxqi_rst_clk.o(i.RST_CLK_LSIstatus), (52 bytes).
    Removing mdr32fxqi_rst_clk.o(i.RST_CLK_RTC_HSEclkEnable), (12 bytes).
    Removing mdr32fxqi_rst_clk.o(i.RST_CLK_RTC_HSIclkEnable), (12 bytes).
    Removing mdr32fxqi_rst_clk.o(i.RST_CLK_USB_PLLcmd), (12 bytes).
    Removing mdr32fxqi_rst_clk.o(i.RST_CLK_USB_PLLconfig), (64 bytes).
    Removing mdr32fxqi_rst_clk.o(i.RST_CLK_USB_PLLstatus), (52 bytes).
    Removing mdr32fxqi_rst_clk.o(i.RST_CLK_USB_PLLuse), (12 bytes).
    Removing mdr32fxqi_rst_clk.o(i.RST_CLK_USBclkEnable), (12 bytes).
    Removing mdr32fxqi_rst_clk.o(i.RST_CLK_USBclkPrescaler), (12 bytes).
    Removing mdr32fxqi_rst_clk.o(i.RST_CLK_WarmDeInit), (116 bytes).
    Removing mdr32fxqi_ssp.o(.rev16_text), (4 bytes).
    Removing mdr32fxqi_ssp.o(.revsh_text), (4 bytes).
    Removing mdr32fxqi_ssp.o(.rrx_text), (6 bytes).
    Removing mdr32fxqi_ssp.o(i.SSP_BRGInit), (60 bytes).
    Removing mdr32fxqi_ssp.o(i.SSP_ClearITPendingBit), (8 bytes).
    Removing mdr32fxqi_ssp.o(i.SSP_Cmd), (24 bytes).
    Removing mdr32fxqi_ssp.o(i.SSP_DMACmd), (24 bytes).
    Removing mdr32fxqi_ssp.o(i.SSP_DeInit), (18 bytes).
    Removing mdr32fxqi_ssp.o(i.SSP_GetFlagStatus), (16 bytes).
    Removing mdr32fxqi_ssp.o(i.SSP_GetITStatus), (16 bytes).
    Removing mdr32fxqi_ssp.o(i.SSP_GetITStatusMasked), (16 bytes).
    Removing mdr32fxqi_ssp.o(i.SSP_ITConfig), (18 bytes).
    Removing mdr32fxqi_ssp.o(i.SSP_Init), (38 bytes).
    Removing mdr32fxqi_ssp.o(i.SSP_ReceiveData), (8 bytes).
    Removing mdr32fxqi_ssp.o(i.SSP_SendData), (4 bytes).
    Removing mdr32fxqi_ssp.o(i.SSP_StructInit), (28 bytes).
    Removing mdr32fxqi_timer.o(.rev16_text), (4 bytes).
    Removing mdr32fxqi_timer.o(.revsh_text), (4 bytes).
    Removing mdr32fxqi_timer.o(.rrx_text), (6 bytes).
    Removing mdr32fxqi_timer.o(i.TIMER_BRKPolarityConfig), (14 bytes).
    Removing mdr32fxqi_timer.o(i.TIMER_ChnBRKResetConfig), (24 bytes).
    Removing mdr32fxqi_timer.o(i.TIMER_ChnCCR1_Cmd), (30 bytes).
    Removing mdr32fxqi_timer.o(i.TIMER_ChnCCR1_EventSourceConfig), (24 bytes).
    Removing mdr32fxqi_timer.o(i.TIMER_ChnCapturePrescalerConfig), (26 bytes).
    Removing mdr32fxqi_timer.o(i.TIMER_ChnCompare1Config), (32 bytes).
    Removing mdr32fxqi_timer.o(i.TIMER_ChnCompareConfig), (32 bytes).
    Removing mdr32fxqi_timer.o(i.TIMER_ChnETRResetConfig), (24 bytes).
    Removing mdr32fxqi_timer.o(i.TIMER_ChnETR_Cmd), (30 bytes).
    Removing mdr32fxqi_timer.o(i.TIMER_ChnEventSourceConfig), (24 bytes).
    Removing mdr32fxqi_timer.o(i.TIMER_ChnFilterConfig), (24 bytes).
    Removing mdr32fxqi_timer.o(i.TIMER_ChnInit), (70 bytes).
    Removing mdr32fxqi_timer.o(i.TIMER_ChnNOutConfig), (36 bytes).
    Removing mdr32fxqi_timer.o(i.TIMER_ChnNOutModeConfig), (26 bytes).
    Removing mdr32fxqi_timer.o(i.TIMER_ChnNOutPolarityConfig), (26 bytes).
    Removing mdr32fxqi_timer.o(i.TIMER_ChnNOutSourceConfig), (26 bytes).
    Removing mdr32fxqi_timer.o(i.TIMER_ChnOutConfig), (34 bytes).
    Removing mdr32fxqi_timer.o(i.TIMER_ChnOutDTGConfig), (20 bytes).
    Removing mdr32fxqi_timer.o(i.TIMER_ChnOutInit), (66 bytes).
    Removing mdr32fxqi_timer.o(i.TIMER_ChnOutModeConfig), (24 bytes).
    Removing mdr32fxqi_timer.o(i.TIMER_ChnOutPolarityConfig), (26 bytes).
    Removing mdr32fxqi_timer.o(i.TIMER_ChnOutSourceConfig), (26 bytes).
    Removing mdr32fxqi_timer.o(i.TIMER_ChnOutStructInit), (22 bytes).
    Removing mdr32fxqi_timer.o(i.TIMER_ChnREFFormatConfig), (24 bytes).
    Removing mdr32fxqi_timer.o(i.TIMER_ChnStructInit), (28 bytes).
    Removing mdr32fxqi_timer.o(i.TIMER_CntAutoreloadConfig), (18 bytes).
    Removing mdr32fxqi_timer.o(i.TIMER_CntEventSourceConfig), (14 bytes).
    Removing mdr32fxqi_timer.o(i.TIMER_CounterModeConfig), (14 bytes).
    Removing mdr32fxqi_timer.o(i.TIMER_DMACmd), (18 bytes).
    Removing mdr32fxqi_timer.o(i.TIMER_ETRFilterConfig), (16 bytes).
    Removing mdr32fxqi_timer.o(i.TIMER_ETRInputConfig), (22 bytes).
    Removing mdr32fxqi_timer.o(i.TIMER_ETRPolarityConfig), (14 bytes).
    Removing mdr32fxqi_timer.o(i.TIMER_ETRPrescalerConfig), (14 bytes).
    Removing mdr32fxqi_timer.o(i.TIMER_FilterSamplingConfig), (14 bytes).
    Removing mdr32fxqi_timer.o(i.TIMER_GetChnCapture), (18 bytes).
    Removing mdr32fxqi_timer.o(i.TIMER_GetChnCapture1), (18 bytes).
    Removing mdr32fxqi_timer.o(i.TIMER_GetChnWriteComplete), (28 bytes).
    Removing mdr32fxqi_timer.o(i.TIMER_GetCntAutoreload), (8 bytes).
    Removing mdr32fxqi_timer.o(i.TIMER_GetCntPrescaler), (8 bytes).
    Removing mdr32fxqi_timer.o(i.TIMER_GetCntWriteComplete), (18 bytes).
    Removing mdr32fxqi_timer.o(i.TIMER_GetCounter), (8 bytes).
    Removing mdr32fxqi_timer.o(i.TIMER_GetCounterDirection), (18 bytes).
    Removing mdr32fxqi_timer.o(i.TIMER_GetFlagStatus), (16 bytes).
    Removing mdr32fxqi_timer.o(i.TIMER_GetITStatus), (24 bytes).
    Removing mdr32fxqi_timer.o(i.TIMER_GetStatus), (6 bytes).
    Removing mdr32fxqi_timer.o(i.TIMER_SetChnCompare), (14 bytes).
    Removing mdr32fxqi_timer.o(i.TIMER_SetChnCompare1), (14 bytes).
    Removing mdr32fxqi_timer.o(i.TIMER_SetCntAutoreload), (4 bytes).
    Removing mdr32fxqi_timer.o(i.TIMER_SetCntPrescaler), (4 bytes).
    Removing mdr32fxqi_timer.o(i.TIMER_SetCounter), (4 bytes).
    Removing mdr32fxqi_timer.o(i.TIMER_SetCounterDirection), (14 bytes).
    Removing mdr32fxqi_uart.o(.rev16_text), (4 bytes).
    Removing mdr32fxqi_uart.o(.revsh_text), (4 bytes).
    Removing mdr32fxqi_uart.o(.rrx_text), (6 bytes).
    Removing mdr32fxqi_uart.o(i.UART_BreakLine), (24 bytes).
    Removing mdr32fxqi_uart.o(i.UART_DMACmd), (24 bytes).
    Removing mdr32fxqi_uart.o(i.UART_DMAConfig), (8 bytes).
    Removing mdr32fxqi_uart.o(i.UART_DeInit), (38 bytes).
    Removing mdr32fxqi_uart.o(i.UART_GetITStatus), (18 bytes).
    Removing mdr32fxqi_uart.o(i.UART_IrDACmd), (24 bytes).
    Removing mdr32fxqi_uart.o(i.UART_IrDAConfig), (40 bytes).
    Removing mdr32fxqi_uart.o(i.UART_StructInit), (24 bytes).
    Removing mdr32fxqi_wwdg.o(.rev16_text), (4 bytes).
    Removing mdr32fxqi_wwdg.o(.revsh_text), (4 bytes).
    Removing mdr32fxqi_wwdg.o(.rrx_text), (6 bytes).
    Removing mdr32fxqi_wwdg.o(i.WWDG_ClearFlag), (12 bytes).
    Removing mdr32fxqi_wwdg.o(i.WWDG_DeInit), (16 bytes).
    Removing mdr32fxqi_wwdg.o(i.WWDG_Enable), (16 bytes).
    Removing mdr32fxqi_wwdg.o(i.WWDG_EnableIT), (12 bytes).
    Removing mdr32fxqi_wwdg.o(i.WWDG_GetCounter), (16 bytes).
    Removing mdr32fxqi_wwdg.o(i.WWDG_GetFlagStatus), (12 bytes).
    Removing mdr32fxqi_wwdg.o(i.WWDG_GetPrescaler), (16 bytes).
    Removing mdr32fxqi_wwdg.o(i.WWDG_GetWindowValue), (16 bytes).
    Removing mdr32fxqi_wwdg.o(i.WWDG_SetCounter), (16 bytes).
    Removing mdr32fxqi_wwdg.o(i.WWDG_SetPrescaler), (20 bytes).
    Removing mdr32fxqi_wwdg.o(i.WWDG_SetWindowValue), (40 bytes).
    Removing fadd.o(.text), (176 bytes).
    Removing fdiv.o(.text), (124 bytes).
    Removing dadd.o(.text), (334 bytes).
    Removing f2d.o(.text), (38 bytes).
    Removing cdcmple.o(.text), (48 bytes).
    Removing cdrcmple.o(.text), (48 bytes).
    Removing depilogue.o(.text), (186 bytes).

322 unused section(s) (total 19574 bytes) removed from the image.

==============================================================================

Adding Veneers to the image

    Adding TT veneer (10 bytes, Long) for call to 'EEPROM_ReadWord' from initialization.o(i.DeviceID_From_Flash).
    Adding TT veneer (10 bytes, Long) for call to 'EEPROM_SetLatency' from initialization.o(i.eeprom_init).

2 Veneer(s) (total 20 bytes) added to the image.

==============================================================================

Image Symbol Table

    Local Symbols

    Symbol Name                              Value     Ov Type        Size  Object(Section)

    ../clib/microlib/init/entry.s            0x00000000   Number         0  entry7b.o ABSOLUTE
    ../clib/microlib/init/entry.s            0x00000000   Number         0  entry.o ABSOLUTE
    ../clib/microlib/init/entry.s            0x00000000   Number         0  entry2.o ABSOLUTE
    ../clib/microlib/init/entry.s            0x00000000   Number         0  entry5.o ABSOLUTE
    ../clib/microlib/init/entry.s            0x00000000   Number         0  entry7a.o ABSOLUTE
    ../clib/microlib/init/entry.s            0x00000000   Number         0  entry8a.o ABSOLUTE
    ../clib/microlib/init/entry.s            0x00000000   Number         0  entry8b.o ABSOLUTE
    ../clib/microlib/init/entry.s            0x00000000   Number         0  entry9a.o ABSOLUTE
    ../clib/microlib/init/entry.s            0x00000000   Number         0  entry9b.o ABSOLUTE
    ../clib/microlib/init/entry.s            0x00000000   Number         0  entry10a.o ABSOLUTE
    ../clib/microlib/init/entry.s            0x00000000   Number         0  entry10b.o ABSOLUTE
    ../clib/microlib/init/entry.s            0x00000000   Number         0  entry11a.o ABSOLUTE
    ../clib/microlib/init/entry.s            0x00000000   Number         0  entry11b.o ABSOLUTE
    ../clib/microlib/longlong.c              0x00000000   Number         0  llsshr.o ABSOLUTE
    ../clib/microlib/longlong.c              0x00000000   Number         0  llushr.o ABSOLUTE
    ../clib/microlib/longlong.c              0x00000000   Number         0  llshl.o ABSOLUTE
    ../clib/microlib/string/memcmp.c         0x00000000   Number         0  memcmp.o ABSOLUTE
    ../clib/microlib/string/memcpy.c         0x00000000   Number         0  memcpya.o ABSOLUTE
    ../clib/microlib/string/memcpy.c         0x00000000   Number         0  memcpyb.o ABSOLUTE
    ../clib/microlib/stubs.s                 0x00000000   Number         0  iusefp.o ABSOLUTE
    ../fplib/microlib/f2d.c                  0x00000000   Number         0  f2d.o ABSOLUTE
    ../fplib/microlib/fpadd.c                0x00000000   Number         0  dadd.o ABSOLUTE
    ../fplib/microlib/fpadd.c                0x00000000   Number         0  fadd.o ABSOLUTE
    ../fplib/microlib/fpdiv.c                0x00000000   Number         0  fdiv.o ABSOLUTE
    ../fplib/microlib/fpepilogue.c           0x00000000   Number         0  fepilogue.o ABSOLUTE
    ../fplib/microlib/fpepilogue.c           0x00000000   Number         0  depilogue.o ABSOLUTE
    ../fplib/microlib/fpfix.c                0x00000000   Number         0  ffixi.o ABSOLUTE
    ../fplib/microlib/fpfix.c                0x00000000   Number         0  ffixui.o ABSOLUTE
    ../fplib/microlib/fpflt.c                0x00000000   Number         0  fflti.o ABSOLUTE
    ../fplib/microlib/fpflt.c                0x00000000   Number         0  ffltui.o ABSOLUTE
    ../fplib/microlib/fpmul.c                0x00000000   Number         0  fmul.o ABSOLUTE
    C:/Programs/Keil v537/Packs/Milandr/MDR32FxQI/1.0/Libraries/SPL/MDR32FxQI/src/MDR32FxQI_adc.c 0x00000000   Number         0  mdr32fxqi_adc.o ABSOLUTE
    C:/Programs/Keil v537/Packs/Milandr/MDR32FxQI/1.0/Libraries/SPL/MDR32FxQI/src/MDR32FxQI_comp.c 0x00000000   Number         0  mdr32fxqi_comp.o ABSOLUTE
    C:/Programs/Keil v537/Packs/Milandr/MDR32FxQI/1.0/Libraries/SPL/MDR32FxQI/src/MDR32FxQI_dac.c 0x00000000   Number         0  mdr32fxqi_dac.o ABSOLUTE
    C:/Programs/Keil v537/Packs/Milandr/MDR32FxQI/1.0/Libraries/SPL/MDR32FxQI/src/MDR32FxQI_dma.c 0x00000000   Number         0  mdr32fxqi_dma.o ABSOLUTE
    C:/Programs/Keil v537/Packs/Milandr/MDR32FxQI/1.0/Libraries/SPL/MDR32FxQI/src/MDR32FxQI_eeprom.c 0x00000000   Number         0  mdr32fxqi_eeprom.o ABSOLUTE
    C:/Programs/Keil v537/Packs/Milandr/MDR32FxQI/1.0/Libraries/SPL/MDR32FxQI/src/MDR32FxQI_i2c.c 0x00000000   Number         0  mdr32fxqi_i2c.o ABSOLUTE
    C:/Programs/Keil v537/Packs/Milandr/MDR32FxQI/1.0/Libraries/SPL/MDR32FxQI/src/MDR32FxQI_iwdg.c 0x00000000   Number         0  mdr32fxqi_iwdg.o ABSOLUTE
    C:/Programs/Keil v537/Packs/Milandr/MDR32FxQI/1.0/Libraries/SPL/MDR32FxQI/src/MDR32FxQI_port.c 0x00000000   Number         0  mdr32fxqi_port.o ABSOLUTE
    C:/Programs/Keil v537/Packs/Milandr/MDR32FxQI/1.0/Libraries/SPL/MDR32FxQI/src/MDR32FxQI_power.c 0x00000000   Number         0  mdr32fxqi_power.o ABSOLUTE
    C:/Programs/Keil v537/Packs/Milandr/MDR32FxQI/1.0/Libraries/SPL/MDR32FxQI/src/MDR32FxQI_rst_clk.c 0x00000000   Number         0  mdr32fxqi_rst_clk.o ABSOLUTE
    C:/Programs/Keil v537/Packs/Milandr/MDR32FxQI/1.0/Libraries/SPL/MDR32FxQI/src/MDR32FxQI_ssp.c 0x00000000   Number         0  mdr32fxqi_ssp.o ABSOLUTE
    C:/Programs/Keil v537/Packs/Milandr/MDR32FxQI/1.0/Libraries/SPL/MDR32FxQI/src/MDR32FxQI_timer.c 0x00000000   Number         0  mdr32fxqi_timer.o ABSOLUTE
    C:/Programs/Keil v537/Packs/Milandr/MDR32FxQI/1.0/Libraries/SPL/MDR32FxQI/src/MDR32FxQI_uart.c 0x00000000   Number         0  mdr32fxqi_uart.o ABSOLUTE
    C:/Programs/Keil v537/Packs/Milandr/MDR32FxQI/1.0/Libraries/SPL/MDR32FxQI/src/MDR32FxQI_wwdg.c 0x00000000   Number         0  mdr32fxqi_wwdg.o ABSOLUTE
    C:\Programs\Keil v537\Packs\Milandr\MDR32FxQI\1.0\Libraries\SPL\MDR32FxQI\src\MDR32FxQI_adc.c 0x00000000   Number         0  mdr32fxqi_adc.o ABSOLUTE
    C:\Programs\Keil v537\Packs\Milandr\MDR32FxQI\1.0\Libraries\SPL\MDR32FxQI\src\MDR32FxQI_comp.c 0x00000000   Number         0  mdr32fxqi_comp.o ABSOLUTE
    C:\Programs\Keil v537\Packs\Milandr\MDR32FxQI\1.0\Libraries\SPL\MDR32FxQI\src\MDR32FxQI_dac.c 0x00000000   Number         0  mdr32fxqi_dac.o ABSOLUTE
    C:\Programs\Keil v537\Packs\Milandr\MDR32FxQI\1.0\Libraries\SPL\MDR32FxQI\src\MDR32FxQI_dma.c 0x00000000   Number         0  mdr32fxqi_dma.o ABSOLUTE
    C:\Programs\Keil v537\Packs\Milandr\MDR32FxQI\1.0\Libraries\SPL\MDR32FxQI\src\MDR32FxQI_eeprom.c 0x00000000   Number         0  mdr32fxqi_eeprom.o ABSOLUTE
    C:\Programs\Keil v537\Packs\Milandr\MDR32FxQI\1.0\Libraries\SPL\MDR32FxQI\src\MDR32FxQI_i2c.c 0x00000000   Number         0  mdr32fxqi_i2c.o ABSOLUTE
    C:\Programs\Keil v537\Packs\Milandr\MDR32FxQI\1.0\Libraries\SPL\MDR32FxQI\src\MDR32FxQI_iwdg.c 0x00000000   Number         0  mdr32fxqi_iwdg.o ABSOLUTE
    C:\Programs\Keil v537\Packs\Milandr\MDR32FxQI\1.0\Libraries\SPL\MDR32FxQI\src\MDR32FxQI_port.c 0x00000000   Number         0  mdr32fxqi_port.o ABSOLUTE
    C:\Programs\Keil v537\Packs\Milandr\MDR32FxQI\1.0\Libraries\SPL\MDR32FxQI\src\MDR32FxQI_power.c 0x00000000   Number         0  mdr32fxqi_power.o ABSOLUTE
    C:\Programs\Keil v537\Packs\Milandr\MDR32FxQI\1.0\Libraries\SPL\MDR32FxQI\src\MDR32FxQI_rst_clk.c 0x00000000   Number         0  mdr32fxqi_rst_clk.o ABSOLUTE
    C:\Programs\Keil v537\Packs\Milandr\MDR32FxQI\1.0\Libraries\SPL\MDR32FxQI\src\MDR32FxQI_ssp.c 0x00000000   Number         0  mdr32fxqi_ssp.o ABSOLUTE
    C:\Programs\Keil v537\Packs\Milandr\MDR32FxQI\1.0\Libraries\SPL\MDR32FxQI\src\MDR32FxQI_timer.c 0x00000000   Number         0  mdr32fxqi_timer.o ABSOLUTE
    C:\Programs\Keil v537\Packs\Milandr\MDR32FxQI\1.0\Libraries\SPL\MDR32FxQI\src\MDR32FxQI_uart.c 0x00000000   Number         0  mdr32fxqi_uart.o ABSOLUTE
    C:\Programs\Keil v537\Packs\Milandr\MDR32FxQI\1.0\Libraries\SPL\MDR32FxQI\src\MDR32FxQI_wwdg.c 0x00000000   Number         0  mdr32fxqi_wwdg.o ABSOLUTE
    Function.c                               0x00000000   Number         0  function.o ABSOLUTE
    Function.c                               0x00000000   Number         0  function.o ABSOLUTE
    Function_Interrupts.c                    0x00000000   Number         0  function_interrupts.o ABSOLUTE
    Function_Interrupts.c                    0x00000000   Number         0  function_interrupts.o ABSOLUTE
    Global_Var.c                             0x00000000   Number         0  global_var.o ABSOLUTE
    Global_Var.c                             0x00000000   Number         0  global_var.o ABSOLUTE
    I2C_interface.c                          0x00000000   Number         0  i2c_interface.o ABSOLUTE
    I2C_interface.c                          0x00000000   Number         0  i2c_interface.o ABSOLUTE
    Initialization.c                         0x00000000   Number         0  initialization.o ABSOLUTE
    Initialization.c                         0x00000000   Number         0  initialization.o ABSOLUTE
    Interrupts.c                             0x00000000   Number         0  interrupts.o ABSOLUTE
    Interrupts.c                             0x00000000   Number         0  interrupts.o ABSOLUTE
    RS485_interface.c                        0x00000000   Number         0  rs485_interface.o ABSOLUTE
    RS485_interface.c                        0x00000000   Number         0  rs485_interface.o ABSOLUTE
    RTE/Device/MDR32F9Q2I/startup_MDR32F9Q2I.S 0x00000000   Number         0  startup_mdr32f9q2i.o ABSOLUTE
    RTE/Device/MDR32F9Q2I/system_MDR32F9Q2I.c 0x00000000   Number         0  system_mdr32f9q2i.o ABSOLUTE
    RTE\Device\MDR32F9Q2I\system_MDR32F9Q2I.c 0x00000000   Number         0  system_mdr32f9q2i.o ABSOLUTE
    Save_Flash.c                             0x00000000   Number         0  save_flash.o ABSOLUTE
    Save_Flash.c                             0x00000000   Number         0  save_flash.o ABSOLUTE
    cdcmple.s                                0x00000000   Number         0  cdcmple.o ABSOLUTE
    cdrcmple.s                               0x00000000   Number         0  cdrcmple.o ABSOLUTE
    cfcmple.s                                0x00000000   Number         0  cfcmple.o ABSOLUTE
    cfrcmple.s                               0x00000000   Number         0  cfrcmple.o ABSOLUTE
    dc.s                                     0x00000000   Number         0  dc.o ABSOLUTE
    handlers.s                               0x00000000   Number         0  handlers.o ABSOLUTE
    init.s                                   0x00000000   Number         0  init.o ABSOLUTE
    main.c                                   0x00000000   Number         0  main.o ABSOLUTE
    main.c                                   0x00000000   Number         0  main.o ABSOLUTE
    RESET                                    0x08000000   Section      192  startup_mdr32f9q2i.o(RESET)
    .ARM.Collect$$$$00000000                 0x080000c0   Section        0  entry.o(.ARM.Collect$$$$00000000)
    .ARM.Collect$$$$00000001                 0x080000c0   Section        4  entry2.o(.ARM.Collect$$$$00000001)
    .ARM.Collect$$$$00000004                 0x080000c4   Section        4  entry5.o(.ARM.Collect$$$$00000004)
    .ARM.Collect$$$$00000008                 0x080000c8   Section        0  entry7b.o(.ARM.Collect$$$$00000008)
    .ARM.Collect$$$$0000000A                 0x080000c8   Section        0  entry8b.o(.ARM.Collect$$$$0000000A)
    .ARM.Collect$$$$0000000B                 0x080000c8   Section        8  entry9a.o(.ARM.Collect$$$$0000000B)
    .ARM.Collect$$$$0000000D                 0x080000d0   Section        0  entry10a.o(.ARM.Collect$$$$0000000D)
    .ARM.Collect$$$$0000000F                 0x080000d0   Section        0  entry11a.o(.ARM.Collect$$$$0000000F)
    .ARM.Collect$$$$00002712                 0x080000d0   Section        4  entry2.o(.ARM.Collect$$$$00002712)
    __lit__00000000                          0x080000d0   Data           4  entry2.o(.ARM.Collect$$$$00002712)
    .text                                    0x080000d4   Section       36  startup_mdr32f9q2i.o(.text)
    .text                                    0x080000f8   Section        0  fmul.o(.text)
    .text                                    0x0800015c   Section        0  fflti.o(.text)
    .text                                    0x0800016e   Section        0  ffltui.o(.text)
    .text                                    0x08000178   Section        0  ffixi.o(.text)
    .text                                    0x080001aa   Section        0  ffixui.o(.text)
    .text                                    0x080001d4   Section       20  cfcmple.o(.text)
    .text                                    0x080001e8   Section       20  cfrcmple.o(.text)
    .text                                    0x080001fc   Section        0  iusefp.o(.text)
    .text                                    0x080001fc   Section        0  fepilogue.o(.text)
    .text                                    0x0800026c   Section       36  init.o(.text)
    i.ADC1_Cmd                               0x080002a4   Section        0  mdr32fxqi_adc.o(i.ADC1_Cmd)
    i.ADC1_GetResult                         0x080002c0   Section        0  mdr32fxqi_adc.o(i.ADC1_GetResult)
    i.ADC1_GetStatus                         0x080002cc   Section        0  mdr32fxqi_adc.o(i.ADC1_GetStatus)
    i.ADC1_Init                              0x080002d8   Section        0  mdr32fxqi_adc.o(i.ADC1_Init)
    i.ADC1_Start                             0x08000334   Section        0  mdr32fxqi_adc.o(i.ADC1_Start)
    i.ADC_Calculate                          0x08000348   Section        0  function_interrupts.o(i.ADC_Calculate)
    i.ADC_Init                               0x08000498   Section        0  mdr32fxqi_adc.o(i.ADC_Init)
    i.CRC_Check                              0x080004d8   Section        0  rs485_interface.o(i.CRC_Check)
    i.Check_OW_Presence                      0x08000514   Section        0  i2c_interface.o(i.Check_OW_Presence)
    i.Convert_And_Save_Receive_Parameters    0x0800054c   Section        0  rs485_interface.o(i.Convert_And_Save_Receive_Parameters)
    i.Counter_Handling                       0x0800054e   Section        0  function_interrupts.o(i.Counter_Handling)
    i.Create_2Byte_Answer                    0x08000574   Section        0  rs485_interface.o(i.Create_2Byte_Answer)
    i.Create_Analog_Value_Answer             0x08000594   Section        0  rs485_interface.o(i.Create_Analog_Value_Answer)
    i.DAC2_Cmd                               0x080005b8   Section        0  mdr32fxqi_dac.o(i.DAC2_Cmd)
    i.DAC2_Init                              0x080005d4   Section        0  mdr32fxqi_dac.o(i.DAC2_Init)
    i.DAC2_SetData                           0x080005e8   Section        0  mdr32fxqi_dac.o(i.DAC2_SetData)
    i.DeviceID_From_Flash                    0x080005f4   Section        0  initialization.o(i.DeviceID_From_Flash)
    i.Handler_Temperature                    0x080006b4   Section        0  i2c_interface.o(i.Handler_Temperature)
    i.I2C_CheckEvent                         0x08000724   Section        0  mdr32fxqi_i2c.o(i.I2C_CheckEvent)
    i.I2C_Cmd                                0x0800073c   Section        0  mdr32fxqi_i2c.o(i.I2C_Cmd)
    i.I2C_DeInit                             0x08000758   Section        0  mdr32fxqi_i2c.o(i.I2C_DeInit)
    i.I2C_GetLastEvent                       0x08000770   Section        0  mdr32fxqi_i2c.o(i.I2C_GetLastEvent)
    i.I2C_GetReceivedData                    0x08000788   Section        0  mdr32fxqi_i2c.o(i.I2C_GetReceivedData)
    i.I2C_Init                               0x08000794   Section        0  mdr32fxqi_i2c.o(i.I2C_Init)
    i.I2C_OW_Converter_Reset                 0x080007c0   Section        0  i2c_interface.o(i.I2C_OW_Converter_Reset)
    i.I2C_Read                               0x0800083c   Section        0  i2c_interface.o(i.I2C_Read)
    i.I2C_Send7bitAddress                    0x08000994   Section        0  mdr32fxqi_i2c.o(i.I2C_Send7bitAddress)
    i.I2C_SendByte                           0x080009a8   Section        0  mdr32fxqi_i2c.o(i.I2C_SendByte)
    i.I2C_SendSTOP                           0x080009b8   Section        0  mdr32fxqi_i2c.o(i.I2C_SendSTOP)
    i.I2C_StartReceiveData                   0x080009c4   Section        0  mdr32fxqi_i2c.o(i.I2C_StartReceiveData)
    i.Initialization                         0x080009d4   Section        0  initialization.o(i.Initialization)
    i.Led_Lighting                           0x08000a10   Section        0  function_interrupts.o(i.Led_Lighting)
    i.OW_Presence                            0x08000a7c   Section        0  i2c_interface.o(i.OW_Presence)
    i.OW_Reset                               0x08000b68   Section        0  i2c_interface.o(i.OW_Reset)
    i.OW_Write_Byte                          0x08000c24   Section        0  i2c_interface.o(i.OW_Write_Byte)
    i.PORT_Init                              0x08000cd0   Section        0  mdr32fxqi_port.o(i.PORT_Init)
    i.PORT_ReadInputData                     0x08000e98   Section        0  mdr32fxqi_port.o(i.PORT_ReadInputData)
    i.PORT_ReadInputDataBit                  0x08000e9e   Section        0  mdr32fxqi_port.o(i.PORT_ReadInputDataBit)
    i.PORT_ResetBits                         0x08000eb0   Section        0  mdr32fxqi_port.o(i.PORT_ResetBits)
    i.PORT_SetBits                           0x08000ecc   Section        0  mdr32fxqi_port.o(i.PORT_SetBits)
    i.PORT_StructInit                        0x08000ee8   Section        0  mdr32fxqi_port.o(i.PORT_StructInit)
    i.RS485_Create_Transmitted_Package       0x08000f04   Section        0  rs485_interface.o(i.RS485_Create_Transmitted_Package)
    i.RS485_Handling_Data                    0x0800126c   Section        0  rs485_interface.o(i.RS485_Handling_Data)
    i.RS485_ReadData                         0x080013c0   Section        0  rs485_interface.o(i.RS485_ReadData)
    i.RS485_SendData                         0x080014d8   Section        0  rs485_interface.o(i.RS485_SendData)
    i.RST_CLK_CPU_PLLcmd                     0x08001528   Section        0  mdr32fxqi_rst_clk.o(i.RST_CLK_CPU_PLLcmd)
    i.RST_CLK_CPU_PLLconfig                  0x08001534   Section        0  mdr32fxqi_rst_clk.o(i.RST_CLK_CPU_PLLconfig)
    i.RST_CLK_CPU_PLLstatus                  0x08001574   Section        0  mdr32fxqi_rst_clk.o(i.RST_CLK_CPU_PLLstatus)
    i.RST_CLK_CPU_PLLuse                     0x080015a8   Section        0  mdr32fxqi_rst_clk.o(i.RST_CLK_CPU_PLLuse)
    i.RST_CLK_CPUclkPrescaler                0x080015b4   Section        0  mdr32fxqi_rst_clk.o(i.RST_CLK_CPUclkPrescaler)
    i.RST_CLK_CPUclkSelection                0x080015cc   Section        0  mdr32fxqi_rst_clk.o(i.RST_CLK_CPUclkSelection)
    i.RST_CLK_GetClocksFreq                  0x080015e0   Section        0  mdr32fxqi_rst_clk.o(i.RST_CLK_GetClocksFreq)
    i.RST_CLK_GetFlagStatus                  0x08001854   Section        0  mdr32fxqi_rst_clk.o(i.RST_CLK_GetFlagStatus)
    i.RST_CLK_HSEconfig                      0x08001888   Section        0  mdr32fxqi_rst_clk.o(i.RST_CLK_HSEconfig)
    i.RST_CLK_HSEstatus                      0x080018c4   Section        0  mdr32fxqi_rst_clk.o(i.RST_CLK_HSEstatus)
    i.RST_CLK_PCLKcmd                        0x080018f8   Section        0  mdr32fxqi_rst_clk.o(i.RST_CLK_PCLKcmd)
    i.Read_Temperature                       0x08001918   Section        0  i2c_interface.o(i.Read_Temperature)
    i.Rele_Status                            0x08001944   Section        0  function.o(i.Rele_Status)
    i.Save_I2C_Recieved_Data                 0x08001968   Section        0  i2c_interface.o(i.Save_I2C_Recieved_Data)
    i.SystemCoreClockUpdate                  0x08001a08   Section        0  system_mdr32f9q2i.o(i.SystemCoreClockUpdate)
    i.SystemInit                             0x08001a98   Section        0  system_mdr32f9q2i.o(i.SystemInit)
    i.TIMER_BRGInit                          0x08001ac0   Section        0  mdr32fxqi_timer.o(i.TIMER_BRGInit)
    i.TIMER_ClearFlag                        0x08001b14   Section        0  mdr32fxqi_timer.o(i.TIMER_ClearFlag)
    i.TIMER_Cmd                              0x08001b1a   Section        0  mdr32fxqi_timer.o(i.TIMER_Cmd)
    i.TIMER_CntInit                          0x08001b2e   Section        0  mdr32fxqi_timer.o(i.TIMER_CntInit)
    i.TIMER_CntStructInit                    0x08001b64   Section        0  mdr32fxqi_timer.o(i.TIMER_CntStructInit)
    i.TIMER_DeInit                           0x08001b80   Section        0  mdr32fxqi_timer.o(i.TIMER_DeInit)
    i.TIMER_ITConfig                         0x08001bc4   Section        0  mdr32fxqi_timer.o(i.TIMER_ITConfig)
    i.Testing_UPS_D                          0x08001bd8   Section        0  function.o(i.Testing_UPS_D)
    i.Timer1_IRQHandler                      0x08001ce0   Section        0  interrupts.o(i.Timer1_IRQHandler)
    i.Timer2_IRQHandler                      0x08001d98   Section        0  interrupts.o(i.Timer2_IRQHandler)
    i.Type_Of_KAN_D                          0x08001de4   Section        0  function.o(i.Type_Of_KAN_D)
    i.UART1_IRQHandler                       0x08001e7c   Section        0  interrupts.o(i.UART1_IRQHandler)
    i.UART_BRGInit                           0x08001ee8   Section        0  mdr32fxqi_uart.o(i.UART_BRGInit)
    i.UART_ClearITPendingBit                 0x08001f24   Section        0  mdr32fxqi_uart.o(i.UART_ClearITPendingBit)
    i.UART_Cmd                               0x08001f2c   Section        0  mdr32fxqi_uart.o(i.UART_Cmd)
    i.UART_GetFlagStatus                     0x08001f44   Section        0  mdr32fxqi_uart.o(i.UART_GetFlagStatus)
    i.UART_GetITStatusMasked                 0x08001f54   Section        0  mdr32fxqi_uart.o(i.UART_GetITStatusMasked)
    i.UART_ITConfig                          0x08001f64   Section        0  mdr32fxqi_uart.o(i.UART_ITConfig)
    i.UART_Init                              0x08001f78   Section        0  mdr32fxqi_uart.o(i.UART_Init)
    i.UART_ReceiveData                       0x0800202c   Section        0  mdr32fxqi_uart.o(i.UART_ReceiveData)
    i.UART_SendData                          0x08002034   Section        0  mdr32fxqi_uart.o(i.UART_SendData)
    i.Warning_Handler                        0x08002038   Section        0  function_interrupts.o(i.Warning_Handler)
    i.Write_Registers_Data                   0x08002074   Section        0  rs485_interface.o(i.Write_Registers_Data)
    i.__NVIC_EnableIRQ                       0x08002114   Section        0  initialization.o(i.__NVIC_EnableIRQ)
    __NVIC_EnableIRQ                         0x08002115   Thumb Code    34  initialization.o(i.__NVIC_EnableIRQ)
    i.__NVIC_SetPriority                     0x08002138   Section        0  initialization.o(i.__NVIC_SetPriority)
    __NVIC_SetPriority                       0x08002139   Thumb Code    32  initialization.o(i.__NVIC_SetPriority)
    i.__scatterload_copy                     0x08002160   Section       14  handlers.o(i.__scatterload_copy)
    i.__scatterload_null                     0x0800216e   Section        2  handlers.o(i.__scatterload_null)
    i.__scatterload_zeroinit                 0x08002170   Section       14  handlers.o(i.__scatterload_zeroinit)
    i.adc_init                               0x08002180   Section        0  initialization.o(i.adc_init)
    i.dac2_init                              0x0800220c   Section        0  initialization.o(i.dac2_init)
    i.delays                                 0x0800224c   Section        0  i2c_interface.o(i.delays)
    i.eeprom_init                            0x08002268   Section        0  initialization.o(i.eeprom_init)
    i.i2c_init                               0x0800227c   Section        0  initialization.o(i.i2c_init)
    i.interrupt_init                         0x08002304   Section        0  initialization.o(i.interrupt_init)
    i.main                                   0x08002334   Section        0  main.o(i.main)
    i.port_init                              0x0800239c   Section        0  initialization.o(i.port_init)
    i.rst_clock_init                         0x080024a0   Section        0  initialization.o(i.rst_clock_init)
    i.struct_config                          0x08002500   Section        0  initialization.o(i.struct_config)
    i.timer1_init                            0x08002784   Section        0  initialization.o(i.timer1_init)
    i.timer2_init                            0x080027e0   Section        0  initialization.o(i.timer2_init)
    i.uart1_init                             0x0800283c   Section        0  initialization.o(i.uart1_init)
    i.watchdog_init                          0x0800291c   Section        0  initialization.o(i.watchdog_init)
    EXECUTABLE_MEMORY_SECTION                0x20000000   Section        0  mdr32fxqi_eeprom.o(EXECUTABLE_MEMORY_SECTION)
    ProgramDelay                             0x20000001   Thumb Code    20  mdr32fxqi_eeprom.o(EXECUTABLE_MEMORY_SECTION)
    i.EEPROM_SetLatency                      0x20000354   Section        0  mdr32fxqi_eeprom.o(i.EEPROM_SetLatency)
    .data                                    0x20000360   Section       40  global_var.o(.data)
    .data                                    0x20000388   Section        4  system_mdr32f9q2i.o(.data)
    .bss                                     0x2000038c   Section     1712  global_var.o(.bss)
    STACK                                    0x20000a40   Section     1024  startup_mdr32f9q2i.o(STACK)

    Global Symbols

    Symbol Name                              Value     Ov Type        Size  Object(Section)

    BuildAttributes$$THM_ISAv4$P$D$K$B$S$PE$A:L22UL41UL21$X:L11$S22US41US21$IEEE1$IW$USESV6$~STKCKD$USESV7$~SHL$OTIME$ROPI$EBA8$MICROLIB$REQ8$PRES8$EABIv2 0x00000000   Number         0  anon$$obj.o ABSOLUTE
    __ARM_use_no_argv                        0x00000000   Number         0  main.o ABSOLUTE
    __cpp_initialize__aeabi_                  - Undefined Weak Reference
    __cxa_finalize                            - Undefined Weak Reference
    __decompress                              - Undefined Weak Reference
    _clock_init                               - Undefined Weak Reference
    _microlib_exit                            - Undefined Weak Reference
    __Vectors_Size                           0x000000c0   Number         0  startup_mdr32f9q2i.o ABSOLUTE
    __Vectors                                0x08000000   Data           4  startup_mdr32f9q2i.o(RESET)
    __Vectors_End                            0x080000c0   Data           0  startup_mdr32f9q2i.o(RESET)
    __main                                   0x080000c1   Thumb Code     0  entry.o(.ARM.Collect$$$$00000000)
    _main_stk                                0x080000c1   Thumb Code     0  entry2.o(.ARM.Collect$$$$00000001)
    _main_scatterload                        0x080000c5   Thumb Code     0  entry5.o(.ARM.Collect$$$$00000004)
    __main_after_scatterload                 0x080000c9   Thumb Code     0  entry5.o(.ARM.Collect$$$$00000004)
    _main_clock                              0x080000c9   Thumb Code     0  entry7b.o(.ARM.Collect$$$$00000008)
    _main_cpp_init                           0x080000c9   Thumb Code     0  entry8b.o(.ARM.Collect$$$$0000000A)
    _main_init                               0x080000c9   Thumb Code     0  entry9a.o(.ARM.Collect$$$$0000000B)
    __rt_final_cpp                           0x080000d1   Thumb Code     0  entry10a.o(.ARM.Collect$$$$0000000D)
    __rt_final_exit                          0x080000d1   Thumb Code     0  entry11a.o(.ARM.Collect$$$$0000000F)
    Reset_Handler                            0x080000d5   Thumb Code     8  startup_mdr32f9q2i.o(.text)
    NMI_Handler                              0x080000dd   Thumb Code     2  startup_mdr32f9q2i.o(.text)
    HardFault_Handler                        0x080000df   Thumb Code     2  startup_mdr32f9q2i.o(.text)
    MemManage_Handler                        0x080000e1   Thumb Code     2  startup_mdr32f9q2i.o(.text)
    BusFault_Handler                         0x080000e3   Thumb Code     2  startup_mdr32f9q2i.o(.text)
    UsageFault_Handler                       0x080000e5   Thumb Code     2  startup_mdr32f9q2i.o(.text)
    SVC_Handler                              0x080000e7   Thumb Code     2  startup_mdr32f9q2i.o(.text)
    DebugMon_Handler                         0x080000e9   Thumb Code     2  startup_mdr32f9q2i.o(.text)
    PendSV_Handler                           0x080000eb   Thumb Code     2  startup_mdr32f9q2i.o(.text)
    SysTick_Handler                          0x080000ed   Thumb Code     2  startup_mdr32f9q2i.o(.text)
    ADC_IRQHandler                           0x080000ef   Thumb Code     0  startup_mdr32f9q2i.o(.text)
    BACKUP_IRQHandler                        0x080000ef   Thumb Code     0  startup_mdr32f9q2i.o(.text)
    CAN1_IRQHandler                          0x080000ef   Thumb Code     0  startup_mdr32f9q2i.o(.text)
    CAN2_IRQHandler                          0x080000ef   Thumb Code     0  startup_mdr32f9q2i.o(.text)
    COMPARATOR_IRQHandler                    0x080000ef   Thumb Code     0  startup_mdr32f9q2i.o(.text)
    DMA_IRQHandler                           0x080000ef   Thumb Code     0  startup_mdr32f9q2i.o(.text)
    EXT_INT1_IRQHandler                      0x080000ef   Thumb Code     0  startup_mdr32f9q2i.o(.text)
    EXT_INT2_IRQHandler                      0x080000ef   Thumb Code     0  startup_mdr32f9q2i.o(.text)
    EXT_INT3_IRQHandler                      0x080000ef   Thumb Code     0  startup_mdr32f9q2i.o(.text)
    EXT_INT4_IRQHandler                      0x080000ef   Thumb Code     0  startup_mdr32f9q2i.o(.text)
    I2C_IRQHandler                           0x080000ef   Thumb Code     0  startup_mdr32f9q2i.o(.text)
    POWER_IRQHandler                         0x080000ef   Thumb Code     0  startup_mdr32f9q2i.o(.text)
    SSP1_IRQHandler                          0x080000ef   Thumb Code     0  startup_mdr32f9q2i.o(.text)
    SSP2_IRQHandler                          0x080000ef   Thumb Code     0  startup_mdr32f9q2i.o(.text)
    Timer3_IRQHandler                        0x080000ef   Thumb Code     0  startup_mdr32f9q2i.o(.text)
    UART2_IRQHandler                         0x080000ef   Thumb Code     0  startup_mdr32f9q2i.o(.text)
    USB_IRQHandler                           0x080000ef   Thumb Code     0  startup_mdr32f9q2i.o(.text)
    WWDG_IRQHandler                          0x080000ef   Thumb Code     0  startup_mdr32f9q2i.o(.text)
    __aeabi_fmul                             0x080000f9   Thumb Code   100  fmul.o(.text)
    __aeabi_i2f                              0x0800015d   Thumb Code    18  fflti.o(.text)
    __aeabi_ui2f                             0x0800016f   Thumb Code    10  ffltui.o(.text)
    __aeabi_f2iz                             0x08000179   Thumb Code    50  ffixi.o(.text)
    __aeabi_f2uiz                            0x080001ab   Thumb Code    40  ffixui.o(.text)
    __aeabi_cfcmpeq                          0x080001d5   Thumb Code     0  cfcmple.o(.text)
    __aeabi_cfcmple                          0x080001d5   Thumb Code    20  cfcmple.o(.text)
    __aeabi_cfrcmple                         0x080001e9   Thumb Code    20  cfrcmple.o(.text)
    __I$use$fp                               0x080001fd   Thumb Code     0  iusefp.o(.text)
    _float_round                             0x080001fd   Thumb Code    18  fepilogue.o(.text)
    _float_epilogue                          0x0800020f   Thumb Code    92  fepilogue.o(.text)
    __scatterload                            0x0800026d   Thumb Code    28  init.o(.text)
    __scatterload_rt2                        0x0800026d   Thumb Code     0  init.o(.text)
    Long Thumb to Thumb Veneer to EEPROM_ReadWord 0x08000291   Thumb Code    10  anon$$obj.o(Veneer$$Code)
    Long Thumb to Thumb Veneer to EEPROM_SetLatency 0x0800029b   Thumb Code    10  anon$$obj.o(Veneer$$Code)
    ADC1_Cmd                                 0x080002a5   Thumb Code    24  mdr32fxqi_adc.o(i.ADC1_Cmd)
    ADC1_GetResult                           0x080002c1   Thumb Code     6  mdr32fxqi_adc.o(i.ADC1_GetResult)
    ADC1_GetStatus                           0x080002cd   Thumb Code     6  mdr32fxqi_adc.o(i.ADC1_GetStatus)
    ADC1_Init                                0x080002d9   Thumb Code    82  mdr32fxqi_adc.o(i.ADC1_Init)
    ADC1_Start                               0x08000335   Thumb Code    14  mdr32fxqi_adc.o(i.ADC1_Start)
    ADC_Calculate                            0x08000349   Thumb Code   318  function_interrupts.o(i.ADC_Calculate)
    ADC_Init                                 0x08000499   Thumb Code    52  mdr32fxqi_adc.o(i.ADC_Init)
    CRC_Check                                0x080004d9   Thumb Code    58  rs485_interface.o(i.CRC_Check)
    Check_OW_Presence                        0x08000515   Thumb Code    52  i2c_interface.o(i.Check_OW_Presence)
    Convert_And_Save_Receive_Parameters      0x0800054d   Thumb Code     2  rs485_interface.o(i.Convert_And_Save_Receive_Parameters)
    Counter_Handling                         0x0800054f   Thumb Code    38  function_interrupts.o(i.Counter_Handling)
    Create_2Byte_Answer                      0x08000575   Thumb Code    26  rs485_interface.o(i.Create_2Byte_Answer)
    Create_Analog_Value_Answer               0x08000595   Thumb Code    30  rs485_interface.o(i.Create_Analog_Value_Answer)
    DAC2_Cmd                                 0x080005b9   Thumb Code    24  mdr32fxqi_dac.o(i.DAC2_Cmd)
    DAC2_Init                                0x080005d5   Thumb Code    16  mdr32fxqi_dac.o(i.DAC2_Init)
    DAC2_SetData                             0x080005e9   Thumb Code     6  mdr32fxqi_dac.o(i.DAC2_SetData)
    DeviceID_From_Flash                      0x080005f5   Thumb Code   182  initialization.o(i.DeviceID_From_Flash)
    Handler_Temperature                      0x080006b5   Thumb Code   112  i2c_interface.o(i.Handler_Temperature)
    I2C_CheckEvent                           0x08000725   Thumb Code    24  mdr32fxqi_i2c.o(i.I2C_CheckEvent)
    I2C_Cmd                                  0x0800073d   Thumb Code    24  mdr32fxqi_i2c.o(i.I2C_Cmd)
    I2C_DeInit                               0x08000759   Thumb Code    20  mdr32fxqi_i2c.o(i.I2C_DeInit)
    I2C_GetLastEvent                         0x08000771   Thumb Code    20  mdr32fxqi_i2c.o(i.I2C_GetLastEvent)
    I2C_GetReceivedData                      0x08000789   Thumb Code     8  mdr32fxqi_i2c.o(i.I2C_GetReceivedData)
    I2C_Init                                 0x08000795   Thumb Code    40  mdr32fxqi_i2c.o(i.I2C_Init)
    I2C_OW_Converter_Reset                   0x080007c1   Thumb Code   116  i2c_interface.o(i.I2C_OW_Converter_Reset)
    I2C_Read                                 0x0800083d   Thumb Code   332  i2c_interface.o(i.I2C_Read)
    I2C_Send7bitAddress                      0x08000995   Thumb Code    16  mdr32fxqi_i2c.o(i.I2C_Send7bitAddress)
    I2C_SendByte                             0x080009a9   Thumb Code    12  mdr32fxqi_i2c.o(i.I2C_SendByte)
    I2C_SendSTOP                             0x080009b9   Thumb Code     8  mdr32fxqi_i2c.o(i.I2C_SendSTOP)
    I2C_StartReceiveData                     0x080009c5   Thumb Code    10  mdr32fxqi_i2c.o(i.I2C_StartReceiveData)
    Initialization                           0x080009d5   Thumb Code    60  initialization.o(i.Initialization)
    Led_Lighting                             0x08000a11   Thumb Code   104  function_interrupts.o(i.Led_Lighting)
    OW_Presence                              0x08000a7d   Thumb Code   228  i2c_interface.o(i.OW_Presence)
    OW_Reset                                 0x08000b69   Thumb Code   180  i2c_interface.o(i.OW_Reset)
    OW_Write_Byte                            0x08000c25   Thumb Code   162  i2c_interface.o(i.OW_Write_Byte)
    PORT_Init                                0x08000cd1   Thumb Code   450  mdr32fxqi_port.o(i.PORT_Init)
    PORT_ReadInputData                       0x08000e99   Thumb Code     6  mdr32fxqi_port.o(i.PORT_ReadInputData)
    PORT_ReadInputDataBit                    0x08000e9f   Thumb Code    16  mdr32fxqi_port.o(i.PORT_ReadInputDataBit)
    PORT_ResetBits                           0x08000eb1   Thumb Code    22  mdr32fxqi_port.o(i.PORT_ResetBits)
    PORT_SetBits                             0x08000ecd   Thumb Code    22  mdr32fxqi_port.o(i.PORT_SetBits)
    PORT_StructInit                          0x08000ee9   Thumb Code    28  mdr32fxqi_port.o(i.PORT_StructInit)
    RS485_Create_Transmitted_Package         0x08000f05   Thumb Code   784  rs485_interface.o(i.RS485_Create_Transmitted_Package)
    RS485_Handling_Data                      0x0800126d   Thumb Code   334  rs485_interface.o(i.RS485_Handling_Data)
    RS485_ReadData                           0x080013c1   Thumb Code   270  rs485_interface.o(i.RS485_ReadData)
    RS485_SendData                           0x080014d9   Thumb Code    72  rs485_interface.o(i.RS485_SendData)
    RST_CLK_CPU_PLLcmd                       0x08001529   Thumb Code     6  mdr32fxqi_rst_clk.o(i.RST_CLK_CPU_PLLcmd)
    RST_CLK_CPU_PLLconfig                    0x08001535   Thumb Code    54  mdr32fxqi_rst_clk.o(i.RST_CLK_CPU_PLLconfig)
    RST_CLK_CPU_PLLstatus                    0x08001575   Thumb Code    52  mdr32fxqi_rst_clk.o(i.RST_CLK_CPU_PLLstatus)
    RST_CLK_CPU_PLLuse                       0x080015a9   Thumb Code     6  mdr32fxqi_rst_clk.o(i.RST_CLK_CPU_PLLuse)
    RST_CLK_CPUclkPrescaler                  0x080015b5   Thumb Code    18  mdr32fxqi_rst_clk.o(i.RST_CLK_CPUclkPrescaler)
    RST_CLK_CPUclkSelection                  0x080015cd   Thumb Code    16  mdr32fxqi_rst_clk.o(i.RST_CLK_CPUclkSelection)
    RST_CLK_GetClocksFreq                    0x080015e1   Thumb Code   620  mdr32fxqi_rst_clk.o(i.RST_CLK_GetClocksFreq)
    RST_CLK_GetFlagStatus                    0x08001855   Thumb Code    42  mdr32fxqi_rst_clk.o(i.RST_CLK_GetFlagStatus)
    RST_CLK_HSEconfig                        0x08001889   Thumb Code    56  mdr32fxqi_rst_clk.o(i.RST_CLK_HSEconfig)
    RST_CLK_HSEstatus                        0x080018c5   Thumb Code    52  mdr32fxqi_rst_clk.o(i.RST_CLK_HSEstatus)
    RST_CLK_PCLKcmd                          0x080018f9   Thumb Code    26  mdr32fxqi_rst_clk.o(i.RST_CLK_PCLKcmd)
    Read_Temperature                         0x08001919   Thumb Code    40  i2c_interface.o(i.Read_Temperature)
    Rele_Status                              0x08001945   Thumb Code    30  function.o(i.Rele_Status)
    Save_I2C_Recieved_Data                   0x08001969   Thumb Code   146  i2c_interface.o(i.Save_I2C_Recieved_Data)
    SystemCoreClockUpdate                    0x08001a09   Thumb Code   130  system_mdr32f9q2i.o(i.SystemCoreClockUpdate)
    SystemInit                               0x08001a99   Thumb Code    36  system_mdr32f9q2i.o(i.SystemInit)
    TIMER_BRGInit                            0x08001ac1   Thumb Code    68  mdr32fxqi_timer.o(i.TIMER_BRGInit)
    TIMER_ClearFlag                          0x08001b15   Thumb Code     6  mdr32fxqi_timer.o(i.TIMER_ClearFlag)
    TIMER_Cmd                                0x08001b1b   Thumb Code    20  mdr32fxqi_timer.o(i.TIMER_Cmd)
    TIMER_CntInit                            0x08001b2f   Thumb Code    54  mdr32fxqi_timer.o(i.TIMER_CntInit)
    TIMER_CntStructInit                      0x08001b65   Thumb Code    28  mdr32fxqi_timer.o(i.TIMER_CntStructInit)
    TIMER_DeInit                             0x08001b81   Thumb Code    68  mdr32fxqi_timer.o(i.TIMER_DeInit)
    TIMER_ITConfig                           0x08001bc5   Thumb Code    18  mdr32fxqi_timer.o(i.TIMER_ITConfig)
    Testing_UPS_D                            0x08001bd9   Thumb Code   222  function.o(i.Testing_UPS_D)
    Timer1_IRQHandler                        0x08001ce1   Thumb Code   116  interrupts.o(i.Timer1_IRQHandler)
    Timer2_IRQHandler                        0x08001d99   Thumb Code    54  interrupts.o(i.Timer2_IRQHandler)
    Type_Of_KAN_D                            0x08001de5   Thumb Code   118  function.o(i.Type_Of_KAN_D)
    UART1_IRQHandler                         0x08001e7d   Thumb Code    98  interrupts.o(i.UART1_IRQHandler)
    UART_BRGInit                             0x08001ee9   Thumb Code    48  mdr32fxqi_uart.o(i.UART_BRGInit)
    UART_ClearITPendingBit                   0x08001f25   Thumb Code     8  mdr32fxqi_uart.o(i.UART_ClearITPendingBit)
    UART_Cmd                                 0x08001f2d   Thumb Code    24  mdr32fxqi_uart.o(i.UART_Cmd)
    UART_GetFlagStatus                       0x08001f45   Thumb Code    16  mdr32fxqi_uart.o(i.UART_GetFlagStatus)
    UART_GetITStatusMasked                   0x08001f55   Thumb Code    16  mdr32fxqi_uart.o(i.UART_GetITStatusMasked)
    UART_ITConfig                            0x08001f65   Thumb Code    18  mdr32fxqi_uart.o(i.UART_ITConfig)
    UART_Init                                0x08001f79   Thumb Code   166  mdr32fxqi_uart.o(i.UART_Init)
    UART_ReceiveData                         0x0800202d   Thumb Code     8  mdr32fxqi_uart.o(i.UART_ReceiveData)
    UART_SendData                            0x08002035   Thumb Code     4  mdr32fxqi_uart.o(i.UART_SendData)
    Warning_Handler                          0x08002039   Thumb Code    54  function_interrupts.o(i.Warning_Handler)
    Write_Registers_Data                     0x08002075   Thumb Code   152  rs485_interface.o(i.Write_Registers_Data)
    __scatterload_copy                       0x08002161   Thumb Code    14  handlers.o(i.__scatterload_copy)
    __scatterload_null                       0x0800216f   Thumb Code     2  handlers.o(i.__scatterload_null)
    __scatterload_zeroinit                   0x08002171   Thumb Code    14  handlers.o(i.__scatterload_zeroinit)
    adc_init                                 0x08002181   Thumb Code   134  initialization.o(i.adc_init)
    dac2_init                                0x0800220d   Thumb Code    60  initialization.o(i.dac2_init)
    delays                                   0x0800224d   Thumb Code    22  i2c_interface.o(i.delays)
    eeprom_init                              0x08002269   Thumb Code    18  initialization.o(i.eeprom_init)
    i2c_init                                 0x0800227d   Thumb Code   128  initialization.o(i.i2c_init)
    interrupt_init                           0x08002305   Thumb Code    46  initialization.o(i.interrupt_init)
    main                                     0x08002335   Thumb Code    86  main.o(i.main)
    port_init                                0x0800239d   Thumb Code   234  initialization.o(i.port_init)
    rst_clock_init                           0x080024a1   Thumb Code    90  initialization.o(i.rst_clock_init)
    struct_config                            0x08002501   Thumb Code   496  initialization.o(i.struct_config)
    timer1_init                              0x08002785   Thumb Code    88  initialization.o(i.timer1_init)
    timer2_init                              0x080027e1   Thumb Code    88  initialization.o(i.timer2_init)
    uart1_init                               0x0800283d   Thumb Code   216  initialization.o(i.uart1_init)
    watchdog_init                            0x0800291d   Thumb Code     2  initialization.o(i.watchdog_init)
    Region$$Table$$Base                      0x08002920   Number         0  anon$$obj.o(Region$$Table)
    Region$$Table$$Limit                     0x08002950   Number         0  anon$$obj.o(Region$$Table)
    EEPROM_ReadByte                          0x20000015   Thumb Code    84  mdr32fxqi_eeprom.o(EXECUTABLE_MEMORY_SECTION)
    EEPROM_ReadHalfWord                      0x20000069   Thumb Code    86  mdr32fxqi_eeprom.o(EXECUTABLE_MEMORY_SECTION)
    EEPROM_ReadWord                          0x200000bf   Thumb Code    76  mdr32fxqi_eeprom.o(EXECUTABLE_MEMORY_SECTION)
    EEPROM_ErasePage                         0x2000010b   Thumb Code   144  mdr32fxqi_eeprom.o(EXECUTABLE_MEMORY_SECTION)
    EEPROM_EraseAllPages                     0x2000019b   Thumb Code   138  mdr32fxqi_eeprom.o(EXECUTABLE_MEMORY_SECTION)
    EEPROM_ProgramWord                       0x20000225   Thumb Code   138  mdr32fxqi_eeprom.o(EXECUTABLE_MEMORY_SECTION)
    EEPROM_ProgramByte                       0x200002af   Thumb Code    56  mdr32fxqi_eeprom.o(EXECUTABLE_MEMORY_SECTION)
    EEPROM_ProgramHalfWord                   0x200002e7   Thumb Code    60  mdr32fxqi_eeprom.o(EXECUTABLE_MEMORY_SECTION)
    EEPROM_UpdateDCache                      0x20000323   Thumb Code    40  mdr32fxqi_eeprom.o(EXECUTABLE_MEMORY_SECTION)
    EEPROM_SetLatency                        0x20000355   Thumb Code     6  mdr32fxqi_eeprom.o(i.EEPROM_SetLatency)
    MODE                                     0x20000360   Data           1  global_var.o(.data)
    MODE_prev                                0x20000361   Data           1  global_var.o(.data)
    MODE_CHARGE                              0x20000362   Data           1  global_var.o(.data)
    DStat                                    0x20000363   Data           1  global_var.o(.data)
    RELE1_AC                                 0x20000364   Data           8  global_var.o(.data)
    RELE2_BATTERY                            0x2000036c   Data           8  global_var.o(.data)
    RELE3_STABLE_WORK                        0x20000374   Data           8  global_var.o(.data)
    ADCready_to_calculate                    0x2000037c   Data           4  global_var.o(.data)
    ADC_avr_calculate_end                    0x20000380   Data           4  global_var.o(.data)
    warning_flag                             0x20000384   Data           1  global_var.o(.data)
    Testing                                  0x20000385   Data           3  global_var.o(.data)
    SystemCoreClock                          0x20000388   Data           4  system_mdr32f9q2i.o(.data)
    device_status                            0x2000038c   Data          20  global_var.o(.bss)
    LED1                                     0x200003a0   Data          28  global_var.o(.bss)
    LED2                                     0x200003bc   Data          28  global_var.o(.bss)
    ADC0_I_LOAD                              0x200003d8   Data          44  global_var.o(.bss)
    ADC1_I_BATTERY                           0x20000404   Data          44  global_var.o(.bss)
    ADC2_U_LOAD                              0x20000430   Data          44  global_var.o(.bss)
    ADC3_U_BATTERY                           0x2000045c   Data          44  global_var.o(.bss)
    ADC4_U_KAN_D                             0x20000488   Data          44  global_var.o(.bss)
    ADC5_U_ZERO                              0x200004b4   Data          44  global_var.o(.bss)
    ADC7_KAN_D_TYPE                          0x200004e0   Data          44  global_var.o(.bss)
    Wrng_I_LOAD                              0x2000050c   Data          12  global_var.o(.bss)
    Wrng_U_LOAD                              0x20000518   Data          12  global_var.o(.bss)
    Wrng_U_KAN_D                             0x20000524   Data          12  global_var.o(.bss)
    Counter_Check_Battery_Connect            0x20000530   Data          12  global_var.o(.bss)
    Counter_Check_Battery_Connect_Voltage_Drop 0x2000053c   Data          12  global_var.o(.bss)
    Counter_Anti_Bounce                      0x20000548   Data          12  global_var.o(.bss)
    Counter_Transient_Process                0x20000554   Data          12  global_var.o(.bss)
    Counter_Transient_Process_UPS            0x20000560   Data          12  global_var.o(.bss)
    Counter_Transient_Process_I_Battery_Impossible_Interrupt 0x2000056c   Data          12  global_var.o(.bss)
    Counter_Starting_Initialization          0x20000578   Data          12  global_var.o(.bss)
    Counter_Between_Package                  0x20000584   Data          12  global_var.o(.bss)
    Battery                                  0x20000590   Data         116  global_var.o(.bss)
    TemperatureSensor1                       0x20000604   Data          44  global_var.o(.bss)
    I2C_OW_Converter                         0x20000630   Data          40  global_var.o(.bss)
    I                                        0x20000658   Data          48  global_var.o(.bss)
    U                                        0x20000688   Data          48  global_var.o(.bss)
    T                                        0x200006b8   Data          48  global_var.o(.bss)
    RS485                                    0x200006e8   Data         156  global_var.o(.bss)
    Modbus                                   0x20000784   Data         232  global_var.o(.bss)
    UPS_D_buf                                0x2000086c   Data         232  global_var.o(.bss)
    UPS_D                                    0x20000954   Data         232  global_var.o(.bss)
    __initial_sp                             0x20000e40   Data           0  startup_mdr32f9q2i.o(STACK)



==============================================================================

Memory Map of the image

  Image Entry point : 0x080000c1

  Load Region LR_IROM1 (Base: 0x08000000, Size: 0x00002cdc, Max: 0x00020000, ABSOLUTE)

    Execution Region ER_IROM1 (Exec base: 0x08000000, Load base: 0x08000000, Size: 0x00002950, Max: 0x00020000, ABSOLUTE)

    Exec Addr    Load Addr    Size         Type   Attr      Idx    E Section Name        Object

    0x08000000   0x08000000   0x000000c0   Data   RO          720    RESET               startup_mdr32f9q2i.o
    0x080000c0   0x080000c0   0x00000000   Code   RO         2613  * .ARM.Collect$$$$00000000  mc_w.l(entry.o)
    0x080000c0   0x080000c0   0x00000004   Code   RO         2648    .ARM.Collect$$$$00000001  mc_w.l(entry2.o)
    0x080000c4   0x080000c4   0x00000004   Code   RO         2651    .ARM.Collect$$$$00000004  mc_w.l(entry5.o)
    0x080000c8   0x080000c8   0x00000000   Code   RO         2653    .ARM.Collect$$$$00000008  mc_w.l(entry7b.o)
    0x080000c8   0x080000c8   0x00000000   Code   RO         2655    .ARM.Collect$$$$0000000A  mc_w.l(entry8b.o)
    0x080000c8   0x080000c8   0x00000008   Code   RO         2656    .ARM.Collect$$$$0000000B  mc_w.l(entry9a.o)
    0x080000d0   0x080000d0   0x00000000   Code   RO         2658    .ARM.Collect$$$$0000000D  mc_w.l(entry10a.o)
    0x080000d0   0x080000d0   0x00000000   Code   RO         2660    .ARM.Collect$$$$0000000F  mc_w.l(entry11a.o)
    0x080000d0   0x080000d0   0x00000004   Code   RO         2649    .ARM.Collect$$$$00002712  mc_w.l(entry2.o)
    0x080000d4   0x080000d4   0x00000024   Code   RO          721    .text               startup_mdr32f9q2i.o
    0x080000f8   0x080000f8   0x00000064   Code   RO         2624    .text               mf_w.l(fmul.o)
    0x0800015c   0x0800015c   0x00000012   Code   RO         2630    .text               mf_w.l(fflti.o)
    0x0800016e   0x0800016e   0x0000000a   Code   RO         2632    .text               mf_w.l(ffltui.o)
    0x08000178   0x08000178   0x00000032   Code   RO         2634    .text               mf_w.l(ffixi.o)
    0x080001aa   0x080001aa   0x00000028   Code   RO         2636    .text               mf_w.l(ffixui.o)
    0x080001d2   0x080001d2   0x00000002   PAD
    0x080001d4   0x080001d4   0x00000014   Code   RO         2644    .text               mf_w.l(cfcmple.o)
    0x080001e8   0x080001e8   0x00000014   Code   RO         2646    .text               mf_w.l(cfrcmple.o)
    0x080001fc   0x080001fc   0x00000000   Code   RO         2666    .text               mc_w.l(iusefp.o)
    0x080001fc   0x080001fc   0x0000006e   Code   RO         2667    .text               mf_w.l(fepilogue.o)
    0x0800026a   0x0800026a   0x00000002   PAD
    0x0800026c   0x0800026c   0x00000024   Code   RO         2671    .text               mc_w.l(init.o)
    0x08000290   0x08000290   0x0000000a   Ven    RO         2683    Veneer$$Code        anon$$obj.o
    0x0800029a   0x0800029a   0x0000000a   Ven    RO         2684    Veneer$$Code        anon$$obj.o
    0x080002a4   0x080002a4   0x0000001c   Code   RO          767    i.ADC1_Cmd          mdr32fxqi_adc.o
    0x080002c0   0x080002c0   0x0000000c   Code   RO          770    i.ADC1_GetResult    mdr32fxqi_adc.o
    0x080002cc   0x080002cc   0x0000000c   Code   RO          771    i.ADC1_GetStatus    mdr32fxqi_adc.o
    0x080002d8   0x080002d8   0x0000005c   Code   RO          773    i.ADC1_Init         mdr32fxqi_adc.o
    0x08000334   0x08000334   0x00000014   Code   RO          781    i.ADC1_Start        mdr32fxqi_adc.o
    0x08000348   0x08000348   0x00000150   Code   RO          643    i.ADC_Calculate     function_interrupts.o
    0x08000498   0x08000498   0x00000040   Code   RO          805    i.ADC_Init          mdr32fxqi_adc.o
    0x080004d8   0x080004d8   0x0000003a   Code   RO          478    i.CRC_Check         rs485_interface.o
    0x08000512   0x08000512   0x00000002   PAD
    0x08000514   0x08000514   0x00000038   Code   RO          400    i.Check_OW_Presence  i2c_interface.o
    0x0800054c   0x0800054c   0x00000002   Code   RO          479    i.Convert_And_Save_Receive_Parameters  rs485_interface.o
    0x0800054e   0x0800054e   0x00000026   Code   RO          650    i.Counter_Handling  function_interrupts.o
    0x08000574   0x08000574   0x00000020   Code   RO          481    i.Create_2Byte_Answer  rs485_interface.o
    0x08000594   0x08000594   0x00000024   Code   RO          482    i.Create_Analog_Value_Answer  rs485_interface.o
    0x080005b8   0x080005b8   0x0000001c   Code   RO         1179    i.DAC2_Cmd          mdr32fxqi_dac.o
    0x080005d4   0x080005d4   0x00000014   Code   RO         1181    i.DAC2_Init         mdr32fxqi_dac.o
    0x080005e8   0x080005e8   0x0000000c   Code   RO         1182    i.DAC2_SetData      mdr32fxqi_dac.o
    0x080005f4   0x080005f4   0x000000c0   Code   RO           89    i.DeviceID_From_Flash  initialization.o
    0x080006b4   0x080006b4   0x00000070   Code   RO          401    i.Handler_Temperature  i2c_interface.o
    0x08000724   0x08000724   0x00000018   Code   RO         1395    i.I2C_CheckEvent    mdr32fxqi_i2c.o
    0x0800073c   0x0800073c   0x0000001c   Code   RO         1397    i.I2C_Cmd           mdr32fxqi_i2c.o
    0x08000758   0x08000758   0x00000018   Code   RO         1398    i.I2C_DeInit        mdr32fxqi_i2c.o
    0x08000770   0x08000770   0x00000018   Code   RO         1401    i.I2C_GetLastEvent  mdr32fxqi_i2c.o
    0x08000788   0x08000788   0x0000000c   Code   RO         1402    i.I2C_GetReceivedData  mdr32fxqi_i2c.o
    0x08000794   0x08000794   0x0000002c   Code   RO         1404    i.I2C_Init          mdr32fxqi_i2c.o
    0x080007c0   0x080007c0   0x0000007c   Code   RO          402    i.I2C_OW_Converter_Reset  i2c_interface.o
    0x0800083c   0x0800083c   0x00000158   Code   RO          403    i.I2C_Read          i2c_interface.o
    0x08000994   0x08000994   0x00000014   Code   RO         1405    i.I2C_Send7bitAddress  mdr32fxqi_i2c.o
    0x080009a8   0x080009a8   0x00000010   Code   RO         1406    i.I2C_SendByte      mdr32fxqi_i2c.o
    0x080009b8   0x080009b8   0x0000000c   Code   RO         1407    i.I2C_SendSTOP      mdr32fxqi_i2c.o
    0x080009c4   0x080009c4   0x00000010   Code   RO         1408    i.I2C_StartReceiveData  mdr32fxqi_i2c.o
    0x080009d4   0x080009d4   0x0000003c   Code   RO           90    i.Initialization    initialization.o
    0x08000a10   0x08000a10   0x0000006c   Code   RO          651    i.Led_Lighting      function_interrupts.o
    0x08000a7c   0x08000a7c   0x000000ec   Code   RO          404    i.OW_Presence       i2c_interface.o
    0x08000b68   0x08000b68   0x000000bc   Code   RO          405    i.OW_Reset          i2c_interface.o
    0x08000c24   0x08000c24   0x000000ac   Code   RO          406    i.OW_Write_Byte     i2c_interface.o
    0x08000cd0   0x08000cd0   0x000001c8   Code   RO         1576    i.PORT_Init         mdr32fxqi_port.o
    0x08000e98   0x08000e98   0x00000006   Code   RO         1577    i.PORT_ReadInputData  mdr32fxqi_port.o
    0x08000e9e   0x08000e9e   0x00000010   Code   RO         1578    i.PORT_ReadInputDataBit  mdr32fxqi_port.o
    0x08000eae   0x08000eae   0x00000002   PAD
    0x08000eb0   0x08000eb0   0x0000001c   Code   RO         1579    i.PORT_ResetBits    mdr32fxqi_port.o
    0x08000ecc   0x08000ecc   0x0000001c   Code   RO         1580    i.PORT_SetBits      mdr32fxqi_port.o
    0x08000ee8   0x08000ee8   0x0000001c   Code   RO         1581    i.PORT_StructInit   mdr32fxqi_port.o
    0x08000f04   0x08000f04   0x00000368   Code   RO          484    i.RS485_Create_Transmitted_Package  rs485_interface.o
    0x0800126c   0x0800126c   0x00000154   Code   RO          485    i.RS485_Handling_Data  rs485_interface.o
    0x080013c0   0x080013c0   0x00000118   Code   RO          486    i.RS485_ReadData    rs485_interface.o
    0x080014d8   0x080014d8   0x00000050   Code   RO          487    i.RS485_SendData    rs485_interface.o
    0x08001528   0x08001528   0x0000000c   Code   RO         1719    i.RST_CLK_CPU_PLLcmd  mdr32fxqi_rst_clk.o
    0x08001534   0x08001534   0x00000040   Code   RO         1720    i.RST_CLK_CPU_PLLconfig  mdr32fxqi_rst_clk.o
    0x08001574   0x08001574   0x00000034   Code   RO         1721    i.RST_CLK_CPU_PLLstatus  mdr32fxqi_rst_clk.o
    0x080015a8   0x080015a8   0x0000000c   Code   RO         1722    i.RST_CLK_CPU_PLLuse  mdr32fxqi_rst_clk.o
    0x080015b4   0x080015b4   0x00000018   Code   RO         1723    i.RST_CLK_CPUclkPrescaler  mdr32fxqi_rst_clk.o
    0x080015cc   0x080015cc   0x00000014   Code   RO         1724    i.RST_CLK_CPUclkSelection  mdr32fxqi_rst_clk.o
    0x080015e0   0x080015e0   0x00000274   Code   RO         1727    i.RST_CLK_GetClocksFreq  mdr32fxqi_rst_clk.o
    0x08001854   0x08001854   0x00000034   Code   RO         1728    i.RST_CLK_GetFlagStatus  mdr32fxqi_rst_clk.o
    0x08001888   0x08001888   0x0000003c   Code   RO         1730    i.RST_CLK_HSEconfig  mdr32fxqi_rst_clk.o
    0x080018c4   0x080018c4   0x00000034   Code   RO         1731    i.RST_CLK_HSEstatus  mdr32fxqi_rst_clk.o
    0x080018f8   0x080018f8   0x00000020   Code   RO         1741    i.RST_CLK_PCLKcmd   mdr32fxqi_rst_clk.o
    0x08001918   0x08001918   0x0000002c   Code   RO          407    i.Read_Temperature  i2c_interface.o
    0x08001944   0x08001944   0x00000024   Code   RO          309    i.Rele_Status       function.o
    0x08001968   0x08001968   0x000000a0   Code   RO          408    i.Save_I2C_Recieved_Data  i2c_interface.o
    0x08001a08   0x08001a08   0x00000090   Code   RO          728    i.SystemCoreClockUpdate  system_mdr32f9q2i.o
    0x08001a98   0x08001a98   0x00000028   Code   RO          729    i.SystemInit        system_mdr32f9q2i.o
    0x08001ac0   0x08001ac0   0x00000054   Code   RO         2043    i.TIMER_BRGInit     mdr32fxqi_timer.o
    0x08001b14   0x08001b14   0x00000006   Code   RO         2069    i.TIMER_ClearFlag   mdr32fxqi_timer.o
    0x08001b1a   0x08001b1a   0x00000014   Code   RO         2070    i.TIMER_Cmd         mdr32fxqi_timer.o
    0x08001b2e   0x08001b2e   0x00000036   Code   RO         2073    i.TIMER_CntInit     mdr32fxqi_timer.o
    0x08001b64   0x08001b64   0x0000001c   Code   RO         2074    i.TIMER_CntStructInit  mdr32fxqi_timer.o
    0x08001b80   0x08001b80   0x00000044   Code   RO         2077    i.TIMER_DeInit      mdr32fxqi_timer.o
    0x08001bc4   0x08001bc4   0x00000012   Code   RO         2094    i.TIMER_ITConfig    mdr32fxqi_timer.o
    0x08001bd6   0x08001bd6   0x00000002   PAD
    0x08001bd8   0x08001bd8   0x00000108   Code   RO          311    i.Testing_UPS_D     function.o
    0x08001ce0   0x08001ce0   0x000000b8   Code   RO          265    i.Timer1_IRQHandler  interrupts.o
    0x08001d98   0x08001d98   0x0000004c   Code   RO          266    i.Timer2_IRQHandler  interrupts.o
    0x08001de4   0x08001de4   0x00000098   Code   RO          312    i.Type_Of_KAN_D     function.o
    0x08001e7c   0x08001e7c   0x0000006c   Code   RO          267    i.UART1_IRQHandler  interrupts.o
    0x08001ee8   0x08001ee8   0x0000003c   Code   RO         2409    i.UART_BRGInit      mdr32fxqi_uart.o
    0x08001f24   0x08001f24   0x00000008   Code   RO         2411    i.UART_ClearITPendingBit  mdr32fxqi_uart.o
    0x08001f2c   0x08001f2c   0x00000018   Code   RO         2412    i.UART_Cmd          mdr32fxqi_uart.o
    0x08001f44   0x08001f44   0x00000010   Code   RO         2416    i.UART_GetFlagStatus  mdr32fxqi_uart.o
    0x08001f54   0x08001f54   0x00000010   Code   RO         2418    i.UART_GetITStatusMasked  mdr32fxqi_uart.o
    0x08001f64   0x08001f64   0x00000012   Code   RO         2419    i.UART_ITConfig     mdr32fxqi_uart.o
    0x08001f76   0x08001f76   0x00000002   PAD
    0x08001f78   0x08001f78   0x000000b4   Code   RO         2420    i.UART_Init         mdr32fxqi_uart.o
    0x0800202c   0x0800202c   0x00000008   Code   RO         2423    i.UART_ReceiveData  mdr32fxqi_uart.o
    0x08002034   0x08002034   0x00000004   Code   RO         2424    i.UART_SendData     mdr32fxqi_uart.o
    0x08002038   0x08002038   0x0000003c   Code   RO          652    i.Warning_Handler   function_interrupts.o
    0x08002074   0x08002074   0x000000a0   Code   RO          489    i.Write_Registers_Data  rs485_interface.o
    0x08002114   0x08002114   0x00000022   Code   RO           93    i.__NVIC_EnableIRQ  initialization.o
    0x08002136   0x08002136   0x00000002   PAD
    0x08002138   0x08002138   0x00000028   Code   RO           94    i.__NVIC_SetPriority  initialization.o
    0x08002160   0x08002160   0x0000000e   Code   RO         2677    i.__scatterload_copy  mc_w.l(handlers.o)
    0x0800216e   0x0800216e   0x00000002   Code   RO         2678    i.__scatterload_null  mc_w.l(handlers.o)
    0x08002170   0x08002170   0x0000000e   Code   RO         2679    i.__scatterload_zeroinit  mc_w.l(handlers.o)
    0x0800217e   0x0800217e   0x00000002   PAD
    0x08002180   0x08002180   0x0000008c   Code   RO           95    i.adc_init          initialization.o
    0x0800220c   0x0800220c   0x00000040   Code   RO           96    i.dac2_init         initialization.o
    0x0800224c   0x0800224c   0x0000001c   Code   RO          409    i.delays            i2c_interface.o
    0x08002268   0x08002268   0x00000012   Code   RO           97    i.eeprom_init       initialization.o
    0x0800227a   0x0800227a   0x00000002   PAD
    0x0800227c   0x0800227c   0x00000088   Code   RO           98    i.i2c_init          initialization.o
    0x08002304   0x08002304   0x0000002e   Code   RO           99    i.interrupt_init    initialization.o
    0x08002332   0x08002332   0x00000002   PAD
    0x08002334   0x08002334   0x00000068   Code   RO            4    i.main              main.o
    0x0800239c   0x0800239c   0x00000104   Code   RO          100    i.port_init         initialization.o
    0x080024a0   0x080024a0   0x00000060   Code   RO          101    i.rst_clock_init    initialization.o
    0x08002500   0x08002500   0x00000284   Code   RO          102    i.struct_config     initialization.o
    0x08002784   0x08002784   0x0000005c   Code   RO          103    i.timer1_init       initialization.o
    0x080027e0   0x080027e0   0x0000005c   Code   RO          104    i.timer2_init       initialization.o
    0x0800283c   0x0800283c   0x000000e0   Code   RO          105    i.uart1_init        initialization.o
    0x0800291c   0x0800291c   0x00000002   Code   RO          106    i.watchdog_init     initialization.o
    0x0800291e   0x0800291e   0x00000002   PAD
    0x08002920   0x08002920   0x00000030   Data   RO         2675    Region$$Table       anon$$obj.o


    Execution Region RW_IRAM1 (Exec base: 0x20000000, Load base: 0x08002950, Size: 0x00000e40, Max: 0x00008000, ABSOLUTE)

    Exec Addr    Load Addr    Size         Type   Attr      Idx    E Section Name        Object

    0x20000000   0x08002950   0x00000354   Code   RO         1359    EXECUTABLE_MEMORY_SECTION  mdr32fxqi_eeprom.o
    0x20000354   0x08002ca4   0x0000000c   Code   RO         1361    i.EEPROM_SetLatency  mdr32fxqi_eeprom.o
    0x20000360   0x08002cb0   0x00000028   Data   RW          241    .data               global_var.o
    0x20000388   0x08002cd8   0x00000004   Data   RW          730    .data               system_mdr32f9q2i.o
    0x2000038c        -       0x000006b0   Zero   RW          240    .bss                global_var.o
    0x20000a3c   0x08002cdc   0x00000004   PAD
    0x20000a40        -       0x00000400   Zero   RW          718    STACK               startup_mdr32f9q2i.o


==============================================================================

Image component sizes


      Code (inc. data)   RO Data    RW Data    ZI Data      Debug   Object Name

       452         82          0          0          0       2310   function.o
       542         28          0          0          0       2840   function_interrupts.o
         0          0          0         40       1712       9406   global_var.o
      1464         74          0          0          0       6484   i2c_interface.o
      2140        232          0          0          0      39154   initialization.o
       368        100          0          0          0       1555   interrupts.o
       104         18          0          0          0      71321   main.o
       228         44          0          0          0       3897   mdr32fxqi_adc.o
        60         14          0          0          0       1710   mdr32fxqi_dac.o
       864         16          0          0          0       5141   mdr32fxqi_eeprom.o
       220         38          0          0          0       6115   mdr32fxqi_i2c.o
       562         18          0          0          0       4727   mdr32fxqi_port.o
      1008         60          0          0          0      10296   mdr32fxqi_rst_clk.o
       278         16          0          0          0       5060   mdr32fxqi_timer.o
       334         26          0          0          0       7100   mdr32fxqi_uart.o
      1860        146          0          0          0       6335   rs485_interface.o
        36          8        192          0       1024        836   startup_mdr32f9q2i.o
       184         18          0          4          0       1511   system_mdr32f9q2i.o

    ----------------------------------------------------------------------
     10740        938        240         44       2740     185798   Object Totals
        20          0         48          0          0          0   (incl. Generated)
        16          0          0          0          4          0   (incl. Padding)

    ----------------------------------------------------------------------

      Code (inc. data)   RO Data    RW Data    ZI Data      Debug   Library Member Name

         0          0          0          0          0          0   entry.o
         0          0          0          0          0          0   entry10a.o
         0          0          0          0          0          0   entry11a.o
         8          4          0          0          0          0   entry2.o
         4          0          0          0          0          0   entry5.o
         0          0          0          0          0          0   entry7b.o
         0          0          0          0          0          0   entry8b.o
         8          4          0          0          0          0   entry9a.o
        30          0          0          0          0          0   handlers.o
        36          8          0          0          0         68   init.o
         0          0          0          0          0          0   iusefp.o
        20          0          0          0          0         68   cfcmple.o
        20          0          0          0          0         68   cfrcmple.o
       110          0          0          0          0        168   fepilogue.o
        50          0          0          0          0         68   ffixi.o
        40          0          0          0          0         68   ffixui.o
        18          0          0          0          0         68   fflti.o
        10          0          0          0          0         68   ffltui.o
       100          0          0          0          0         76   fmul.o

    ----------------------------------------------------------------------
       460         16          0          0          0        720   Library Totals
         6          0          0          0          0          0   (incl. Padding)

    ----------------------------------------------------------------------

      Code (inc. data)   RO Data    RW Data    ZI Data      Debug   Library Name

        86         16          0          0          0         68   mc_w.l
       368          0          0          0          0        652   mf_w.l

    ----------------------------------------------------------------------
       460         16          0          0          0        720   Library Totals

    ----------------------------------------------------------------------

==============================================================================


      Code (inc. data)   RO Data    RW Data    ZI Data      Debug   

     11200        954        240         44       2740     181314   Grand Totals
     11200        954        240         44       2740     181314   ELF Image Totals
     11200        954        240         44          0          0   ROM Totals

==============================================================================

    Total RO  Size (Code + RO Data)                11440 (  11.17kB)
    Total RW  Size (RW Data + ZI Data)              2784 (   2.72kB)
    Total ROM Size (Code + RO Data + RW Data)      11484 (  11.21kB)

==============================================================================

